Archive member included to satisfy reference by file (symbol)

/home/arduino/ArduinoApps/adafruit-ili9341-graphics-test/.cache/sketch/core/core.a(abi.cpp.o)
                              /home/arduino/ArduinoApps/adafruit-ili9341-graphics-test/.cache/sketch/sketch/sketch.ino.cpp.o (std::__throw_length_error(char const*))
/home/arduino/ArduinoApps/adafruit-ili9341-graphics-test/.cache/sketch/core/core.a(Print.cpp.o)
                              /home/arduino/ArduinoApps/adafruit-ili9341-graphics-test/.cache/sketch/sketch/sketch.ino.cpp.o (arduino::Print::write(unsigned char const*, unsigned int))
/home/arduino/ArduinoApps/adafruit-ili9341-graphics-test/.cache/sketch/core/core.a(Stream.cpp.o)
                              /home/arduino/ArduinoApps/adafruit-ili9341-graphics-test/.cache/sketch/sketch/sketch.ino.cpp.o (arduino::Stream::setTimeout(unsigned long))
/home/arduino/ArduinoApps/adafruit-ili9341-graphics-test/.cache/sketch/core/core.a(String.cpp.o)
                              /home/arduino/ArduinoApps/adafruit-ili9341-graphics-test/.cache/sketch/sketch/sketch.ino.cpp.o (arduino::String::String(arduino::String&&))
/home/arduino/ArduinoApps/adafruit-ili9341-graphics-test/.cache/sketch/core/core.a(itoa.cpp.o)
                              /home/arduino/ArduinoApps/adafruit-ili9341-graphics-test/.cache/sketch/core/core.a(String.cpp.o) (dtostrf)
/home/arduino/ArduinoApps/adafruit-ili9341-graphics-test/.cache/sketch/core/core.a(main.cpp.o)
                              (main)
/home/arduino/ArduinoApps/adafruit-ili9341-graphics-test/.cache/sketch/core/core.a(new.cpp.o)
                              /home/arduino/ArduinoApps/adafruit-ili9341-graphics-test/.cache/sketch/sketch/sketch.ino.cpp.o (operator new(unsigned int))
/home/arduino/ArduinoApps/adafruit-ili9341-graphics-test/.cache/sketch/core/core.a(threads.cpp.o)
                              /home/arduino/ArduinoApps/adafruit-ili9341-graphics-test/.cache/sketch/core/core.a(main.cpp.o) (start_static_threads())
/home/arduino/ArduinoApps/adafruit-ili9341-graphics-test/.cache/sketch/core/core.a(zephyrCommon.cpp.o)
                              /home/arduino/ArduinoApps/adafruit-ili9341-graphics-test/.cache/sketch/sketch/sketch.ino.cpp.o (yield)
/home/arduino/ArduinoApps/adafruit-ili9341-graphics-test/.cache/sketch/core/core.a(zephyrSerial.cpp.o)
                              /home/arduino/ArduinoApps/adafruit-ili9341-graphics-test/.cache/sketch/sketch/sketch.ino.cpp.o (Serial1)
/home/arduino/ArduinoApps/adafruit-ili9341-graphics-test/.cache/sketch/core/core.a(Common.cpp.o)
                              /home/arduino/ArduinoApps/adafruit-ili9341-graphics-test/.cache/sketch/core/core.a(zephyrCommon.cpp.o) (map(long, long, long, long, long))

Discarded input sections

 .group         0x0000000000000000        0x8 /home/arduino/ArduinoApps/adafruit-ili9341-graphics-test/.cache/sketch/sketch/sketch.ino.cpp.o
 .group         0x0000000000000000        0x8 /home/arduino/ArduinoApps/adafruit-ili9341-graphics-test/.cache/sketch/sketch/sketch.ino.cpp.o
 .group         0x0000000000000000        0x8 /home/arduino/ArduinoApps/adafruit-ili9341-graphics-test/.cache/sketch/sketch/sketch.ino.cpp.o
 .group         0x0000000000000000        0x8 /home/arduino/ArduinoApps/adafruit-ili9341-graphics-test/.cache/sketch/sketch/sketch.ino.cpp.o
 .group         0x0000000000000000       0x10 /home/arduino/ArduinoApps/adafruit-ili9341-graphics-test/.cache/sketch/sketch/sketch.ino.cpp.o
 .group         0x0000000000000000        0x8 /home/arduino/ArduinoApps/adafruit-ili9341-graphics-test/.cache/sketch/sketch/sketch.ino.cpp.o
 .group         0x0000000000000000       0x24 /home/arduino/ArduinoApps/adafruit-ili9341-graphics-test/.cache/sketch/sketch/sketch.ino.cpp.o
 .group         0x0000000000000000        0xc /home/arduino/ArduinoApps/adafruit-ili9341-graphics-test/.cache/sketch/sketch/sketch.ino.cpp.o
 .group         0x0000000000000000        0xc /home/arduino/ArduinoApps/adafruit-ili9341-graphics-test/.cache/sketch/sketch/sketch.ino.cpp.o
 .group         0x0000000000000000        0xc /home/arduino/ArduinoApps/adafruit-ili9341-graphics-test/.cache/sketch/sketch/sketch.ino.cpp.o
 .group         0x0000000000000000        0xc /home/arduino/ArduinoApps/adafruit-ili9341-graphics-test/.cache/sketch/sketch/sketch.ino.cpp.o
 .group         0x0000000000000000       0x1c /home/arduino/ArduinoApps/adafruit-ili9341-graphics-test/.cache/sketch/sketch/sketch.ino.cpp.o
 .group         0x0000000000000000        0xc /home/arduino/ArduinoApps/adafruit-ili9341-graphics-test/.cache/sketch/sketch/sketch.ino.cpp.o
 .group         0x0000000000000000        0xc /home/arduino/ArduinoApps/adafruit-ili9341-graphics-test/.cache/sketch/sketch/sketch.ino.cpp.o
 .group         0x0000000000000000        0x8 /home/arduino/ArduinoApps/adafruit-ili9341-graphics-test/.cache/sketch/sketch/sketch.ino.cpp.o
[...]
Memory Configuration

Name             Origin             Length             Attributes
*default*        0x0000000000000000 0xffffffffffffffff

Linker script and memory map

LOAD /home/arduino/.arduino15/packages/zephyr/tools/arm-zephyr-eabi/0.16.8/bin/../lib/gcc/../../picolibc/arm-zephyr-eabi/lib/thumb/v8-m.main+fp/hard/libstdc++.a
LOAD /home/arduino/.arduino15/packages/zephyr/tools/arm-zephyr-eabi/0.16.8/bin/../lib/gcc/../../picolibc/arm-zephyr-eabi/lib/thumb/v8-m.main+fp/hard/libsupc++.a
LOAD /home/arduino/.arduino15/packages/zephyr/tools/arm-zephyr-eabi/0.16.8/bin/../lib/gcc/arm-zephyr-eabi/12.2.0/../../../../arm-zephyr-eabi/lib/thumb/v8-m.main+fp/hard/libnosys.a
LOAD /home/arduino/ArduinoApps/adafruit-ili9341-graphics-test/.cache/sketch/sketch/sketch.ino.cpp.o
LOAD /home/arduino/ArduinoApps/adafruit-ili9341-graphics-test/.cache/sketch/libraries/Adafruit BusIO/Adafruit_BusIO_Register.cpp.o
LOAD /home/arduino/ArduinoApps/adafruit-ili9341-graphics-test/.cache/sketch/libraries/Adafruit BusIO/Adafruit_GenericDevice.cpp.o
LOAD /home/arduino/ArduinoApps/adafruit-ili9341-graphics-test/.cache/sketch/libraries/Adafruit BusIO/Adafruit_I2CDevice.cpp.o
LOAD /home/arduino/ArduinoApps/adafruit-ili9341-graphics-test/.cache/sketch/libraries/Adafruit BusIO/Adafruit_SPIDevice.cpp.o
LOAD /home/arduino/ArduinoApps/adafruit-ili9341-graphics-test/.cache/sketch/libraries/Adafruit GFX Library/Adafruit_GFX.cpp.o
LOAD /home/arduino/ArduinoApps/adafruit-ili9341-graphics-test/.cache/sketch/libraries/Adafruit GFX Library/Adafruit_GrayOLED.cpp.o
LOAD /home/arduino/ArduinoApps/adafruit-ili9341-graphics-test/.cache/sketch/libraries/Adafruit GFX Library/Adafruit_SPITFT.cpp.o
LOAD /home/arduino/ArduinoApps/adafruit-ili9341-graphics-test/.cache/sketch/libraries/Adafruit GFX Library/glcdfont.c.o
LOAD /home/arduino/ArduinoApps/adafruit-ili9341-graphics-test/.cache/sketch/libraries/Adafruit ILI9341/Adafruit_ILI9341.cpp.o
LOAD /home/arduino/ArduinoApps/adafruit-ili9341-graphics-test/.cache/sketch/libraries/SPI/SPI.cpp.o
LOAD /home/arduino/ArduinoApps/adafruit-ili9341-graphics-test/.cache/sketch/libraries/Wire/Wire.cpp.o
LOAD /home/arduino/ArduinoApps/adafruit-ili9341-graphics-test/.cache/sketch/core/analogReference.cpp.o
START GROUP
LOAD /home/arduino/ArduinoApps/adafruit-ili9341-graphics-test/.cache/sketch/core/core.a
LOAD /home/arduino/.arduino15/packages/zephyr/tools/arm-zephyr-eabi/0.16.8/bin/../lib/gcc/../../picolibc/arm-zephyr-eabi/lib/thumb/v8-m.main+fp/hard/libstdc++.a
LOAD /home/arduino/.arduino15/packages/zephyr/tools/arm-zephyr-eabi/0.16.8/bin/../lib/gcc/../../picolibc/arm-zephyr-eabi/lib/thumb/v8-m.main+fp/hard/libsupc++.a
END GROUP

/DISCARD/
 *(.ARM.attributes)
 *(.ARM.attributes.*)
 *(.ARM.exidx)
 *(.ARM.exidx.*)
 *(.ARM.extidx)
 *(.ARM.extidx.*)
 *(.ARM.extab)
 *(.ARM.extab.*)
 *(.comment)
 *(.comment.*)
 *(.llvmbc)
 *(.llvmcmd)
 *(.eh_frame)
 *stdexcept.o()
 *eh_*.o()
 *cow-stdexcept.o()
 *functexcept.o()
 *cow-string-inst.o()

.text           0x0000000000000000     0x7e64
 *(.text)
 *(.stub)
 *(.text*)
 .text._ZN7arduino5Print17availableForWriteEv
                0x0000000000000000        0x4 /home/arduino/ArduinoApps/adafruit-ili9341-graphics-test/.cache/sketch/sketch/sketch.ino.cpp.o
                0x0000000000000000                arduino::Print::availableForWrite()
 .text._ZN7arduino5Print5flushEv
                0x0000000000000004        0x2 /home/arduino/ArduinoApps/adafruit-ili9341-graphics-test/.cache/sketch/sketch/sketch.ino.cpp.o
                0x0000000000000004                arduino::Print::flush()
 .text._ZN15SerialTransport9availableEv
                0x0000000000000006       0x12 /home/arduino/ArduinoApps/adafruit-ili9341-graphics-test/.cache/sketch/sketch/sketch.ino.cpp.o
                0x0000000000000006                SerialTransport::available()
 .text._ZN15SerialTransport5writeEPKhj
                0x0000000000000018       0x10 /home/arduino/ArduinoApps/adafruit-ili9341-graphics-test/.cache/sketch/sketch/sketch.ino.cpp.o
                0x0000000000000018                SerialTransport::write(unsigned char const*, unsigned int)
 .text._ZN15SerialTransportD2Ev
                0x0000000000000028        0x2 /home/arduino/ArduinoApps/adafruit-ili9341-graphics-test/.cache/sketch/sketch/sketch.ino.cpp.o
                0x0000000000000028                SerialTransport::~SerialTransport()
                0x0000000000000028                SerialTransport::~SerialTransport()
 .text._ZN13BridgeMonitorILj512EE5writeEh
                0x000000000000002a       0x18 /home/arduino/ArduinoApps/adafruit-ili9341-graphics-test/.cache/sketch/sketch/sketch.ino.cpp.o
                0x000000000000002a                BridgeMonitor<512u>::write(unsigned char)
 *fill*         0x0000000000000042        0x2 
 .text.k_yield  0x0000000000000044        0x8 /home/arduino/ArduinoApps/adafruit-ili9341-graphics-test/.cache/sketch/sketch/sketch.ino.cpp.o
 .text.k_mutex_lock
                0x000000000000004c        0x8 /home/arduino/ArduinoApps/adafruit-ili9341-graphics-test/.cache/sketch/sketch/sketch.ino.cpp.o
 .text.__tcf_1  0x0000000000000054       0x10 /home/arduino/ArduinoApps/adafruit-ili9341-graphics-test/.cache/sketch/sketch/sketch.ino.cpp.o
 .text._ZN15SerialTransportD0Ev
                0x0000000000000064       0x14 /home/arduino/ArduinoApps/adafruit-ili9341-graphics-test/.cache/sketch/sketch/sketch.ino.cpp.o
                0x0000000000000064                SerialTransport::~SerialTransport()
 .text._ZN15SerialTransport4readEPhj
                0x0000000000000078       0x28 /home/arduino/ArduinoApps/adafruit-ili9341-graphics-test/.cache/sketch/sketch/sketch.ino.cpp.o
                0x0000000000000078                SerialTransport::read(unsigned char*, unsigned int)
 .text._ZN15SerialTransport9read_byteERh
                0x00000000000000a0       0x20 /home/arduino/ArduinoApps/adafruit-ili9341-graphics-test/.cache/sketch/sketch/sketch.ino.cpp.o
                0x00000000000000a0                SerialTransport::read_byte(unsigned char&)
 .text._ZSt14__relocate_a_1IhhENSt9enable_ifIXsrSt24__is_bitwise_relocatableIT_vE5valueEPS2_E4typeES4_S4_S4_RSaIT0_E.isra.0
                0x00000000000000c0       0x20 /home/arduino/ArduinoApps/adafruit-ili9341-graphics-test/.cache/sketch/sketch/sketch.ino.cpp.o
 .text._ZNSt12_Vector_baseIhSaIhEE11_M_allocateEj.isra.0
                0x00000000000000e0       0x20 /home/arduino/ArduinoApps/adafruit-ili9341-graphics-test/.cache/sketch/sketch/sketch.ino.cpp.o
 .text.k_mutex_unlock.isra.0
                0x0000000000000100        0x8 /home/arduino/ArduinoApps/adafruit-ili9341-graphics-test/.cache/sketch/sketch/sketch.ino.cpp.o
 .text._ZN13BridgeMonitorILj512EE4readEv
                0x0000000000000108       0x60 /home/arduino/ArduinoApps/adafruit-ili9341-graphics-test/.cache/sketch/sketch/sketch.ino.cpp.o
                0x0000000000000108                BridgeMonitor<512u>::read()
 .text._ZN13MonitorStream4readEv
                0x0000000000000168       0x14 /home/arduino/ArduinoApps/adafruit-ili9341-graphics-test/.cache/sketch/sketch/sketch.ino.cpp.o
                0x0000000000000168                MonitorStream::read()
 .text._ZN7RpcCallIJRN7arduino6StringEEE7isErrorEv.isra.0
                0x000000000000017c       0x28 /home/arduino/ArduinoApps/adafruit-ili9341-graphics-test/.cache/sketch/sketch/sketch.ino.cpp.o
 .text._ZN13BridgeMonitorILj512EE4peekEv
                0x00000000000001a4       0x44 /home/arduino/ArduinoApps/adafruit-ili9341-graphics-test/.cache/sketch/sketch/sketch.ino.cpp.o
                0x00000000000001a4                BridgeMonitor<512u>::peek()
 .text._ZN13MonitorStream4peekEv
                0x00000000000001e8       0x14 /home/arduino/ArduinoApps/adafruit-ili9341-graphics-test/.cache/sketch/sketch/sketch.ino.cpp.o
                0x00000000000001e8                MonitorStream::peek()
 .text.k_mutex_init.isra.0
                0x00000000000001fc        0x8 /home/arduino/ArduinoApps/adafruit-ili9341-graphics-test/.cache/sketch/sketch/sketch.ino.cpp.o
 .text.k_msleep.constprop.0.isra.0
                0x0000000000000204        0xc /home/arduino/ArduinoApps/adafruit-ili9341-graphics-test/.cache/sketch/sketch/sketch.ino.cpp.o
 .text._ZN7arduino7msgpack8Unpacker11deserializeEv
                0x0000000000000210       0x16 /home/arduino/ArduinoApps/adafruit-ili9341-graphics-test/.cache/sketch/sketch/sketch.ino.cpp.o
                0x0000000000000210                arduino::msgpack::Unpacker::deserialize()
 .text._ZN7arduino7msgpack8Unpacker5clearEv
                0x0000000000000226       0x14 /home/arduino/ArduinoApps/adafruit-ili9341-graphics-test/.cache/sketch/sketch/sketch.ino.cpp.o
                0x0000000000000226                arduino::msgpack::Unpacker::clear()
 .text._ZNK7arduino7msgpack8Unpacker13getRawBytePtrEjj
                0x000000000000023a       0x1e /home/arduino/ArduinoApps/adafruit-ili9341-graphics-test/.cache/sketch/sketch/sketch.ino.cpp.o
                0x000000000000023a                arduino::msgpack::Unpacker::getRawBytePtr(unsigned int, unsigned int) const
 .text._ZN8RpcErrorC2Ev
                0x0000000000000258       0x2c /home/arduino/ArduinoApps/adafruit-ili9341-graphics-test/.cache/sketch/sketch/sketch.ino.cpp.o
                0x0000000000000258                RpcError::RpcError()
                0x0000000000000258                RpcError::RpcError()
 .text._ZN7arduino7msgpack8UnpackerC2Ev
                0x0000000000000284       0x10 /home/arduino/ArduinoApps/adafruit-ili9341-graphics-test/.cache/sketch/sketch/sketch.ino.cpp.o
                0x0000000000000284                arduino::msgpack::Unpacker::Unpacker()
                0x0000000000000284                arduino::msgpack::Unpacker::Unpacker()
 .text._ZN10RPCRequestILj256EEC2Ev
                0x0000000000000294       0x4c /home/arduino/ArduinoApps/adafruit-ili9341-graphics-test/.cache/sketch/sketch/sketch.ino.cpp.o
                0x0000000000000294                RPCRequest<256u>::RPCRequest()
                0x0000000000000294                RPCRequest<256u>::RPCRequest()
 .text._ZN11BridgeClass10is_startedEv
                0x00000000000002e0       0x2c /home/arduino/ArduinoApps/adafruit-ili9341-graphics-test/.cache/sketch/sketch/sketch.ino.cpp.o
                0x00000000000002e0                BridgeClass::is_started()
 .text._Z14testFillScreenv
                0x000000000000030c       0x58 /home/arduino/ArduinoApps/adafruit-ili9341-graphics-test/.cache/sketch/sketch/sketch.ino.cpp.o
                0x000000000000030c                testFillScreen()
 *fill*         0x0000000000000364        0x4 
 .text._Z8testTextv
                0x0000000000000368      0x110 /home/arduino/ArduinoApps/adafruit-ili9341-graphics-test/.cache/sketch/sketch/sketch.ino.cpp.o
                0x0000000000000368                testText()
 .text.loop     0x0000000000000478       0x34 /home/arduino/ArduinoApps/adafruit-ili9341-graphics-test/.cache/sketch/sketch/sketch.ino.cpp.o
                0x0000000000000478                loop
 .text._Z9testLinest
                0x00000000000004ac      0x204 /home/arduino/ArduinoApps/adafruit-ili9341-graphics-test/.cache/sketch/sketch/sketch.ino.cpp.o
                0x00000000000004ac                testLines(unsigned short)
 .text._Z13testFastLinestt
                0x00000000000006b0       0x78 /home/arduino/ArduinoApps/adafruit-ili9341-graphics-test/.cache/sketch/sketch/sketch.ino.cpp.o
                0x00000000000006b0                testFastLines(unsigned short, unsigned short)
 .text._Z9testRectst
                0x0000000000000728       0x80 /home/arduino/ArduinoApps/adafruit-ili9341-graphics-test/.cache/sketch/sketch/sketch.ino.cpp.o
                0x0000000000000728                testRects(unsigned short)
 .text._Z15testFilledRectstt
                0x00000000000007a8       0xb8 /home/arduino/ArduinoApps/adafruit-ili9341-graphics-test/.cache/sketch/sketch/sketch.ino.cpp.o
                0x00000000000007a8                testFilledRects(unsigned short, unsigned short)
 .text._Z17testFilledCirclesht
                0x0000000000000860       0x7c /home/arduino/ArduinoApps/adafruit-ili9341-graphics-test/.cache/sketch/sketch/sketch.ino.cpp.o
                0x0000000000000860                testFilledCircles(unsigned char, unsigned short)
 .text._Z11testCirclesht
                0x00000000000008dc       0x6c /home/arduino/ArduinoApps/adafruit-ili9341-graphics-test/.cache/sketch/sketch/sketch.ino.cpp.o
                0x00000000000008dc                testCircles(unsigned char, unsigned short)
 .text._Z13testTrianglesv
                0x0000000000000948       0xb0 /home/arduino/ArduinoApps/adafruit-ili9341-graphics-test/.cache/sketch/sketch/sketch.ino.cpp.o
                0x0000000000000948                testTriangles()
 .text._Z19testFilledTrianglesv
                0x00000000000009f8       0xfc /home/arduino/ArduinoApps/adafruit-ili9341-graphics-test/.cache/sketch/sketch/sketch.ino.cpp.o
                0x00000000000009f8                testFilledTriangles()
 .text._Z14testRoundRectsv
                0x0000000000000af4       0xa4 /home/arduino/ArduinoApps/adafruit-ili9341-graphics-test/.cache/sketch/sketch/sketch.ino.cpp.o
                0x0000000000000af4                testRoundRects()
 .text._Z20testFilledRoundRectsv
                0x0000000000000b98       0xa8 /home/arduino/ArduinoApps/adafruit-ili9341-graphics-test/.cache/sketch/sketch/sketch.ino.cpp.o
                0x0000000000000b98                testFilledRoundRects()
 .text._ZNSt12_Vector_baseIhSaIhEED2Ev
                0x0000000000000c40       0x18 /home/arduino/ArduinoApps/adafruit-ili9341-graphics-test/.cache/sketch/sketch/sketch.ino.cpp.o
                0x0000000000000c40                std::_Vector_base<unsigned char, std::allocator<unsigned char> >::~_Vector_base()
                0x0000000000000c40                std::_Vector_base<unsigned char, std::allocator<unsigned char> >::~_Vector_base()
 .text.__tcf_3  0x0000000000000c58       0x14 /home/arduino/ArduinoApps/adafruit-ili9341-graphics-test/.cache/sketch/sketch/sketch.ino.cpp.o
 .text.__tcf_2  0x0000000000000c6c       0x14 /home/arduino/ArduinoApps/adafruit-ili9341-graphics-test/.cache/sketch/sketch/sketch.ino.cpp.o
 .text._ZNSt6vectorIhSaIhEE14_M_move_assignEOS1_St17integral_constantIbLb1EE.isra.0
                0x0000000000000c80       0x34 /home/arduino/ArduinoApps/adafruit-ili9341-graphics-test/.cache/sketch/sketch/sketch.ino.cpp.o
 .text._ZNK7arduino7msgpack8Unpacker11getRawBytesIhEET_jj
                0x0000000000000cb4       0x1e /home/arduino/ArduinoApps/adafruit-ili9341-graphics-test/.cache/sketch/sketch/sketch.ino.cpp.o
                0x0000000000000cb4                unsigned char arduino::msgpack::Unpacker::getRawBytes<unsigned char>(unsigned int, unsigned int) const
 *fill*         0x0000000000000cd2        0x2 
 .text._ZNK7arduino7msgpack8Unpacker7getTypeEj
                0x0000000000000cd4       0x58 /home/arduino/ArduinoApps/adafruit-ili9341-graphics-test/.cache/sketch/sketch/sketch.ino.cpp.o
                0x0000000000000cd4                arduino::msgpack::Unpacker::getType(unsigned int) const
 .text._ZNK7arduino7msgpack8Unpacker7getTypeEv
                0x0000000000000d2c       0x10 /home/arduino/ArduinoApps/adafruit-ili9341-graphics-test/.cache/sketch/sketch/sketch.ino.cpp.o
                0x0000000000000d2c                arduino::msgpack::Unpacker::getType() const
 .text._ZN7arduino7msgpack8Unpacker11unpackInt32Ev
                0x0000000000000d3c       0x58 /home/arduino/ArduinoApps/adafruit-ili9341-graphics-test/.cache/sketch/sketch/sketch.ino.cpp.o
                0x0000000000000d3c                arduino::msgpack::Unpacker::unpackInt32()
 .text._ZN7arduino7msgpack8Unpacker11unpackInt64Ev
                0x0000000000000d94       0x60 /home/arduino/ArduinoApps/adafruit-ili9341-graphics-test/.cache/sketch/sketch/sketch.ino.cpp.o
                0x0000000000000d94                arduino::msgpack::Unpacker::unpackInt64()
 .text._ZNK7arduino7msgpack8Unpacker5isNilEv
                0x0000000000000df4       0x14 /home/arduino/ArduinoApps/adafruit-ili9341-graphics-test/.cache/sketch/sketch/sketch.ino.cpp.o
                0x0000000000000df4                arduino::msgpack::Unpacker::isNil() const
 .text._ZN7arduino7msgpack8Unpacker9unpackNilEv
                0x0000000000000e08       0x34 /home/arduino/ArduinoApps/adafruit-ili9341-graphics-test/.cache/sketch/sketch/sketch.ino.cpp.o
                0x0000000000000e08                arduino::msgpack::Unpacker::unpackNil()
 .text._ZNK7arduino7msgpack8Unpacker7isArrayEv
                0x0000000000000e3c       0x20 /home/arduino/ArduinoApps/adafruit-ili9341-graphics-test/.cache/sketch/sketch/sketch.ino.cpp.o
                0x0000000000000e3c                arduino::msgpack::Unpacker::isArray() const
 .text._ZNK7arduino7msgpack8Unpacker5isMapEv
                0x0000000000000e5c       0x20 /home/arduino/ArduinoApps/adafruit-ili9341-graphics-test/.cache/sketch/sketch/sketch.ino.cpp.o
                0x0000000000000e5c                arduino::msgpack::Unpacker::isMap() const
 .text._ZNK7arduino7msgpack8Unpacker6isUIntEv
                0x0000000000000e7c       0x20 /home/arduino/ArduinoApps/adafruit-ili9341-graphics-test/.cache/sketch/sketch/sketch.ino.cpp.o
                0x0000000000000e7c                arduino::msgpack::Unpacker::isUInt() const
 .text._ZNK7arduino7msgpack8Unpacker5isIntEv
                0x0000000000000e9c       0x20 /home/arduino/ArduinoApps/adafruit-ili9341-graphics-test/.cache/sketch/sketch/sketch.ino.cpp.o
                0x0000000000000e9c                arduino::msgpack::Unpacker::isInt() const
 .text._ZN7arduino7msgpack8Unpacker11unpackInt16Ev
                0x0000000000000ebc       0x4c /home/arduino/ArduinoApps/adafruit-ili9341-graphics-test/.cache/sketch/sketch/sketch.ino.cpp.o
                0x0000000000000ebc                arduino::msgpack::Unpacker::unpackInt16()
 .text._ZN7arduino7msgpack8Unpacker13unpackFloat32Ev
                0x0000000000000f08       0x60 /home/arduino/ArduinoApps/adafruit-ili9341-graphics-test/.cache/sketch/sketch/sketch.ino.cpp.o
                0x0000000000000f08                arduino::msgpack::Unpacker::unpackFloat32()
 .text._ZN7arduino7msgpack8Unpacker13unpackFloat64Ev
                0x0000000000000f68       0x6c /home/arduino/ArduinoApps/adafruit-ili9341-graphics-test/.cache/sketch/sketch/sketch.ino.cpp.o
                0x0000000000000f68                arduino::msgpack::Unpacker::unpackFloat64()
 .text._ZN7arduino7msgpack8Unpacker10unpackInt5Ev
                0x0000000000000fd4       0x4c /home/arduino/ArduinoApps/adafruit-ili9341-graphics-test/.cache/sketch/sketch/sketch.ino.cpp.o
                0x0000000000000fd4                arduino::msgpack::Unpacker::unpackInt5()
 .text._ZN7arduino7msgpack8Unpacker11unpackUInt7Ev
                0x0000000000001020       0x48 /home/arduino/ArduinoApps/adafruit-ili9341-graphics-test/.cache/sketch/sketch/sketch.ino.cpp.o
                0x0000000000001020                arduino::msgpack::Unpacker::unpackUInt7()
 .text._ZN7arduino7msgpack8Unpacker11unpackUInt8Ev
                0x0000000000001068       0x48 /home/arduino/ArduinoApps/adafruit-ili9341-graphics-test/.cache/sketch/sketch/sketch.ino.cpp.o
                0x0000000000001068                arduino::msgpack::Unpacker::unpackUInt8()
 .text._ZNK7arduino7msgpack8Unpacker11getRawBytesItEET_jj
                0x00000000000010b0       0x26 /home/arduino/ArduinoApps/adafruit-ili9341-graphics-test/.cache/sketch/sketch/sketch.ino.cpp.o
                0x00000000000010b0                unsigned short arduino::msgpack::Unpacker::getRawBytes<unsigned short>(unsigned int, unsigned int) const
 *fill*         0x00000000000010d6        0x2 
 .text._ZN7arduino7msgpack8Unpacker12unpackUInt16Ev
                0x00000000000010d8       0x48 /home/arduino/ArduinoApps/adafruit-ili9341-graphics-test/.cache/sketch/sketch/sketch.ino.cpp.o
                0x00000000000010d8                arduino::msgpack::Unpacker::unpackUInt16()
 .text._ZNK7arduino7msgpack8Unpacker11getRawBytesIjEET_jj
                0x0000000000001120       0x34 /home/arduino/ArduinoApps/adafruit-ili9341-graphics-test/.cache/sketch/sketch/sketch.ino.cpp.o
                0x0000000000001120                unsigned int arduino::msgpack::Unpacker::getRawBytes<unsigned int>(unsigned int, unsigned int) const
 .text._ZNK7arduino7msgpack8Unpacker14getElementSizeEj
                0x0000000000001154      0x11c /home/arduino/ArduinoApps/adafruit-ili9341-graphics-test/.cache/sketch/sketch/sketch.ino.cpp.o
                0x0000000000001154                arduino::msgpack::Unpacker::getElementSize(unsigned int) const
 .text._ZN7arduino7msgpack8Unpacker15unpackArraySizeEv
                0x0000000000001270       0x78 /home/arduino/ArduinoApps/adafruit-ili9341-graphics-test/.cache/sketch/sketch/sketch.ino.cpp.o
                0x0000000000001270                arduino::msgpack::Unpacker::unpackArraySize()
 .text._ZN7arduino7msgpack8Unpacker11deserializeINS0_4type9ArraySizeEJEEEbRT_DpOT0_.isra.0
                0x00000000000012e8       0x40 /home/arduino/ArduinoApps/adafruit-ili9341-graphics-test/.cache/sketch/sketch/sketch.ino.cpp.o
 .text._ZN7arduino7msgpack8Unpacker12unpackUInt32Ev
                0x0000000000001328       0x48 /home/arduino/ArduinoApps/adafruit-ili9341-graphics-test/.cache/sketch/sketch/sketch.ino.cpp.o
                0x0000000000001328                arduino::msgpack::Unpacker::unpackUInt32()
 .text._ZN7arduino7msgpack8Unpacker13unpackMapSizeEv
                0x0000000000001370       0x78 /home/arduino/ArduinoApps/adafruit-ili9341-graphics-test/.cache/sketch/sketch/sketch.ino.cpp.o
                0x0000000000001370                arduino::msgpack::Unpacker::unpackMapSize()
 .text._ZNK7arduino7msgpack8Unpacker11getRawBytesIyEET_jj
                0x00000000000013e8       0x3a /home/arduino/ArduinoApps/adafruit-ili9341-graphics-test/.cache/sketch/sketch/sketch.ino.cpp.o
                0x00000000000013e8                unsigned long long arduino::msgpack::Unpacker::getRawBytes<unsigned long long>(unsigned int, unsigned int) const
 *fill*         0x0000000000001422        0x2 
 .text._ZN7arduino7msgpack8Unpacker12unpackUInt64Ev
                0x0000000000001424       0x4c /home/arduino/ArduinoApps/adafruit-ili9341-graphics-test/.cache/sketch/sketch/sketch.ino.cpp.o
                0x0000000000001424                arduino::msgpack::Unpacker::unpackUInt64()
 .text._ZNK7arduino7msgpack8Unpacker11getRawBytesIaEET_jj
                0x0000000000001470       0x1e /home/arduino/ArduinoApps/adafruit-ili9341-graphics-test/.cache/sketch/sketch/sketch.ino.cpp.o
                0x0000000000001470                signed char arduino::msgpack::Unpacker::getRawBytes<signed char>(unsigned int, unsigned int) const
 *fill*         0x000000000000148e        0x2 
 .text._ZN7arduino7msgpack8Unpacker10unpackInt8Ev
                0x0000000000001490       0x48 /home/arduino/ArduinoApps/adafruit-ili9341-graphics-test/.cache/sketch/sketch/sketch.ino.cpp.o
                0x0000000000001490                arduino::msgpack::Unpacker::unpackInt8()
 .text._ZNK7arduino7msgpack8Unpacker13isTimestamp32Ev
                0x00000000000014d8       0x2c /home/arduino/ArduinoApps/adafruit-ili9341-graphics-test/.cache/sketch/sketch/sketch.ino.cpp.o
                0x00000000000014d8                arduino::msgpack::Unpacker::isTimestamp32() const
 .text._ZNK7arduino7msgpack8Unpacker13isTimestamp64Ev
                0x0000000000001504       0x2c /home/arduino/ArduinoApps/adafruit-ili9341-graphics-test/.cache/sketch/sketch/sketch.ino.cpp.o
                0x0000000000001504                arduino::msgpack::Unpacker::isTimestamp64() const
 .text._ZNK7arduino7msgpack8Unpacker13isTimestamp96Ev
                0x0000000000001530       0x40 /home/arduino/ArduinoApps/adafruit-ili9341-graphics-test/.cache/sketch/sketch/sketch.ino.cpp.o
                0x0000000000001530                arduino::msgpack::Unpacker::isTimestamp96() const
 .text._ZNK7arduino7msgpack8Unpacker11getRawBytesIcEET_jj
                0x0000000000001570       0x1e /home/arduino/ArduinoApps/adafruit-ili9341-graphics-test/.cache/sketch/sketch/sketch.ino.cpp.o
                0x0000000000001570                char arduino::msgpack::Unpacker::getRawBytes<char>(unsigned int, unsigned int) const
 *fill*         0x000000000000158e        0x2 
 .text._ZN7arduino7msgpack8Unpacker11deserializeINS0_6object5nil_tEJEEEbRT_DpOT0_
                0x0000000000001590       0x40 /home/arduino/ArduinoApps/adafruit-ili9341-graphics-test/.cache/sketch/sketch/sketch.ino.cpp.o
                0x0000000000001590                bool arduino::msgpack::Unpacker::deserialize<arduino::msgpack::object::nil_t>(arduino::msgpack::object::nil_t&)
 .text._ZN7arduino7msgpack8Unpacker11deserializeIbJEEEbRT_DpOT0_
                0x00000000000015d0       0x68 /home/arduino/ArduinoApps/adafruit-ili9341-graphics-test/.cache/sketch/sketch/sketch.ino.cpp.o
                0x00000000000015d0                bool arduino::msgpack::Unpacker::deserialize<bool>(bool&)
 .text._ZN7arduino7msgpack8Unpacker11deserializeINS_6StringEJEEEbRT_DpOT0_
                0x0000000000001638      0x174 /home/arduino/ArduinoApps/adafruit-ili9341-graphics-test/.cache/sketch/sketch/sketch.ino.cpp.o
                0x0000000000001638                bool arduino::msgpack::Unpacker::deserialize<arduino::String>(arduino::String&)
 .text._ZN7arduino7msgpack8Unpacker11deserializeINS0_6object8timespecEJEEEbRT_DpOT0_
                0x00000000000017ac       0xc4 /home/arduino/ArduinoApps/adafruit-ili9341-graphics-test/.cache/sketch/sketch/sketch.ino.cpp.o
                0x00000000000017ac                bool arduino::msgpack::Unpacker::deserialize<arduino::msgpack::object::timespec>(arduino::msgpack::object::timespec&)
 .text._ZN17RpcDecoderManagerILj3EE10getDecoderER10ITransport
                0x0000000000001870       0x7c /home/arduino/ArduinoApps/adafruit-ili9341-graphics-test/.cache/sketch/sketch/sketch.ino.cpp.o
                0x0000000000001870                RpcDecoderManager<3u>::getDecoder(ITransport&)
 .text._ZNSt12_Vector_baseIjSaIjEED2Ev
                0x00000000000018ec       0x18 /home/arduino/ArduinoApps/adafruit-ili9341-graphics-test/.cache/sketch/sketch/sketch.ino.cpp.o
                0x00000000000018ec                std::_Vector_base<unsigned int, std::allocator<unsigned int> >::~_Vector_base()
                0x00000000000018ec                std::_Vector_base<unsigned int, std::allocator<unsigned int> >::~_Vector_base()
 .text._ZN10RPCRequestILj256EED2Ev
                0x0000000000001904       0x2c /home/arduino/ArduinoApps/adafruit-ili9341-graphics-test/.cache/sketch/sketch/sketch.ino.cpp.o
                0x0000000000001904                RPCRequest<256u>::~RPCRequest()
                0x0000000000001904                RPCRequest<256u>::~RPCRequest()
 .text._ZNSt6vectorIjSaIjEE17_M_realloc_insertIJRjEEEvN9__gnu_cxx17__normal_iteratorIPjS1_EEDpOT_
                0x0000000000001930       0xdc /home/arduino/ArduinoApps/adafruit-ili9341-graphics-test/.cache/sketch/sketch/sketch.ino.cpp.o
                0x0000000000001930                void std::vector<unsigned int, std::allocator<unsigned int> >::_M_realloc_insert<unsigned int&>(__gnu_cxx::__normal_iterator<unsigned int*, std::vector<unsigned int, std::allocator<unsigned int> > >, unsigned int&)
 .text._ZN7arduino7msgpack8Unpacker4feedEPKhj
                0x0000000000001a0c       0x78 /home/arduino/ArduinoApps/adafruit-ili9341-graphics-test/.cache/sketch/sketch/sketch.ino.cpp.o
                0x0000000000001a0c                arduino::msgpack::Unpacker::feed(unsigned char const*, unsigned int)
 .text._ZN7RpcCallIJEE8setErrorEiN7arduino6StringE
                0x0000000000001a84       0x40 /home/arduino/ArduinoApps/adafruit-ili9341-graphics-test/.cache/sketch/sketch/sketch.ino.cpp.o
                0x0000000000001a84                RpcCall<>::setError(int, arduino::String)
 .text._ZN7RpcCallIJEEC2ERKN7arduino6StringEP9RPCClientP7k_mutexS8_
                0x0000000000001ac4       0x7c /home/arduino/ArduinoApps/adafruit-ili9341-graphics-test/.cache/sketch/sketch/sketch.ino.cpp.o
                0x0000000000001ac4                RpcCall<>::RpcCall(arduino::String const&, RPCClient*, k_mutex*, k_mutex*)
                0x0000000000001ac4                RpcCall<>::RpcCall(arduino::String const&, RPCClient*, k_mutex*, k_mutex*)
 .text._ZN7RpcCallIJEE6resultIN7arduino7msgpack6object5nil_tEEEbRT_.part.0
                0x0000000000001b40       0x34 /home/arduino/ArduinoApps/adafruit-ili9341-graphics-test/.cache/sketch/sketch/sketch.ino.cpp.o
 .text._ZN7RpcCallIJEE7isErrorEv
                0x0000000000001b74       0x34 /home/arduino/ArduinoApps/adafruit-ili9341-graphics-test/.cache/sketch/sketch/sketch.ino.cpp.o
                0x0000000000001b74                RpcCall<>::isError()
 .text._ZNKSt6vectorIhSaIhEE12_M_check_lenEjPKc
                0x0000000000001ba8       0x38 /home/arduino/ArduinoApps/adafruit-ili9341-graphics-test/.cache/sketch/sketch/sketch.ino.cpp.o
                0x0000000000001ba8                std::vector<unsigned char, std::allocator<unsigned char> >::_M_check_len(unsigned int, char const*) const
 .text._ZNSt6vectorIhSaIhEE12emplace_backIJRKhEEERhDpOT_.isra.0
                0x0000000000001be0       0x90 /home/arduino/ArduinoApps/adafruit-ili9341-graphics-test/.cache/sketch/sketch/sketch.ino.cpp.o
 .text._ZNSt6vectorIhSaIhEE12emplace_backIJhEEERhDpOT_.isra.0
                0x0000000000001c70       0x90 /home/arduino/ArduinoApps/adafruit-ili9341-graphics-test/.cache/sketch/sketch/sketch.ino.cpp.o
 .text._ZN7arduino7msgpack8Unpacker11deserializeISt6vectorIhSaIhEEJEEEbRT_DpOT0_
                0x0000000000001d00      0x13c /home/arduino/ArduinoApps/adafruit-ili9341-graphics-test/.cache/sketch/sketch/sketch.ino.cpp.o
                0x0000000000001d00                bool arduino::msgpack::Unpacker::deserialize<std::vector<unsigned char, std::allocator<unsigned char> >>(std::vector<unsigned char, std::allocator<unsigned char> >&)
 .text._ZN7arduino7msgpack6Packer11packRawByteERKNS0_4TypeE.isra.0
                0x0000000000001e3c       0x18 /home/arduino/ArduinoApps/adafruit-ili9341-graphics-test/.cache/sketch/sketch/sketch.ino.cpp.o
 .text._ZN7arduino7msgpack6Packer9packUInt8Eh
                0x0000000000001e54       0x2c /home/arduino/ArduinoApps/adafruit-ili9341-graphics-test/.cache/sketch/sketch/sketch.ino.cpp.o
                0x0000000000001e54                arduino::msgpack::Packer::packUInt8(unsigned char)
 .text._ZNSt6vectorIhSaIhEE12emplace_backIJRhEEES3_DpOT_.isra.0
                0x0000000000001e80       0x90 /home/arduino/ArduinoApps/adafruit-ili9341-graphics-test/.cache/sketch/sketch/sketch.ino.cpp.o
 .text._ZN7arduino7msgpack6Packer15packRawReversedIjEEvRKT_
                0x0000000000001f10       0x1c /home/arduino/ArduinoApps/adafruit-ili9341-graphics-test/.cache/sketch/sketch/sketch.ino.cpp.o
                0x0000000000001f10                void arduino::msgpack::Packer::packRawReversed<unsigned int>(unsigned int const&)
 .text._ZN7arduino7msgpack6Packer10packUInt32Ej
                0x0000000000001f2c       0x28 /home/arduino/ArduinoApps/adafruit-ili9341-graphics-test/.cache/sketch/sketch/sketch.ino.cpp.o
                0x0000000000001f2c                arduino::msgpack::Packer::packUInt32(unsigned int)
 .text._ZN7arduino7msgpack6Packer15packRawReversedItEEvRKT_
                0x0000000000001f54       0x1c /home/arduino/ArduinoApps/adafruit-ili9341-graphics-test/.cache/sketch/sketch/sketch.ino.cpp.o
                0x0000000000001f54                void arduino::msgpack::Packer::packRawReversed<unsigned short>(unsigned short const&)
 .text._ZN7arduino7msgpack6Packer13packArraySizeEj
                0x0000000000001f70       0x58 /home/arduino/ArduinoApps/adafruit-ili9341-graphics-test/.cache/sketch/sketch/sketch.ino.cpp.o
                0x0000000000001f70                arduino::msgpack::Packer::packArraySize(unsigned int)
 .text._ZN7arduino7msgpack6Packer10packUInt16Et
                0x0000000000001fc8       0x2c /home/arduino/ArduinoApps/adafruit-ili9341-graphics-test/.cache/sketch/sketch/sketch.ino.cpp.o
                0x0000000000001fc8                arduino::msgpack::Packer::packUInt16(unsigned short)
 .text._ZN7arduino7msgpack6Packer11packIntegerIjEENSt9enable_ifIXaaaaaasrSt13is_arithmeticIT_E5valuesrSt11is_integralIS5_E5valuentsrSt7is_sameIS5_bE5valuentsrS9_INSt9remove_cvIS5_E4typeEPcE5valueEvE4typeERKS5_.isra.0
                0x0000000000001ff4       0x50 /home/arduino/ArduinoApps/adafruit-ili9341-graphics-test/.cache/sketch/sketch/sketch.ino.cpp.o
 .text._ZN7arduino7msgpack6Packer11packIntegerIiEENSt9enable_ifIXaaaaaasrSt13is_arithmeticIT_E5valuesrSt11is_integralIS5_E5valuentsrSt7is_sameIS5_bE5valuentsrS9_INSt9remove_cvIS5_E4typeEPcE5valueEvE4typeERKS5_.isra.0
                0x0000000000002044       0xb8 /home/arduino/ArduinoApps/adafruit-ili9341-graphics-test/.cache/sketch/sketch/sketch.ino.cpp.o
 .text._ZN7arduino7msgpack6Packer12packRawBytesEPKcj
                0x00000000000020fc       0x9c /home/arduino/ArduinoApps/adafruit-ili9341-graphics-test/.cache/sketch/sketch/sketch.ino.cpp.o
                0x00000000000020fc                arduino::msgpack::Packer::packRawBytes(char const*, unsigned int)
 .text._ZN7arduino7msgpack6Packer4packERKNS_6StringE
                0x0000000000002198       0x7c /home/arduino/ArduinoApps/adafruit-ili9341-graphics-test/.cache/sketch/sketch/sketch.ino.cpp.o
                0x0000000000002198                arduino::msgpack::Packer::pack(arduino::String const&)
 .text._ZN7arduino7msgpack6Packer9serializeIJRKiRjRKNS_6StringEEEEvRKNS0_4type9ArraySizeEDpOT_.isra.0
                0x0000000000002214       0x38 /home/arduino/ArduinoApps/adafruit-ili9341-graphics-test/.cache/sketch/sketch/sketch.ino.cpp.o
 .text._ZN7arduino7msgpack8Unpacker9unpackIntIiEENSt9enable_ifIXaaaaaaaasrSt13is_arithmeticIT_E5valuesrSt11is_integralIS5_E5valuentsrSt7is_sameIS5_bE5valuentsrS9_INSt9remove_cvIS5_E4typeEPcE5valuesrSt9is_signedIS5_E5valueES5_E4typeEv
                0x000000000000224c       0xd0 /home/arduino/ArduinoApps/adafruit-ili9341-graphics-test/.cache/sketch/sketch/sketch.ino.cpp.o
                0x000000000000224c                std::enable_if<(((std::is_arithmetic<int>::value&&std::is_integral<int>::value)&&(!std::is_same<int, bool>::value))&&(!std::is_same<std::remove_cv<int>::type, char*>::value))&&std::is_signed<int>::value, int>::type arduino::msgpack::Unpacker::unpackInt<int>()
 .text._ZN7arduino7msgpack8Unpacker11deserializeIiJEEEbRT_DpOT0_
                0x000000000000231c       0x40 /home/arduino/ArduinoApps/adafruit-ili9341-graphics-test/.cache/sketch/sketch/sketch.ino.cpp.o
                0x000000000000231c                bool arduino::msgpack::Unpacker::deserialize<int>(int&)
 .text._ZN7arduino7msgpack8Unpacker11unpackFloatIfEENSt9enable_ifIXaasrSt13is_arithmeticIT_E5valuesrSt17is_floating_pointIS5_E5valueES5_E4typeEv
                0x000000000000235c      0x118 /home/arduino/ArduinoApps/adafruit-ili9341-graphics-test/.cache/sketch/sketch/sketch.ino.cpp.o
                0x000000000000235c                std::enable_if<std::is_arithmetic<float>::value&&std::is_floating_point<float>::value, float>::type arduino::msgpack::Unpacker::unpackFloat<float>()
 *fill*         0x0000000000002474        0x4 
 .text._ZN7arduino7msgpack8Unpacker11unpackFloatIdEENSt9enable_ifIXaasrSt13is_arithmeticIT_E5valuesrSt17is_floating_pointIS5_E5valueES5_E4typeEv
                0x0000000000002478      0x118 /home/arduino/ArduinoApps/adafruit-ili9341-graphics-test/.cache/sketch/sketch/sketch.ino.cpp.o
                0x0000000000002478                std::enable_if<std::is_arithmetic<double>::value&&std::is_floating_point<double>::value, double>::type arduino::msgpack::Unpacker::unpackFloat<double>()
 .text._ZN7arduino7msgpack8Unpacker11deserializeINS0_4type9ArraySizeEJRiEEEbRT_DpOT0_
                0x0000000000002590       0x44 /home/arduino/ArduinoApps/adafruit-ili9341-graphics-test/.cache/sketch/sketch/sketch.ino.cpp.o
                0x0000000000002590                bool arduino::msgpack::Unpacker::deserialize<arduino::msgpack::type::ArraySize, int&>(arduino::msgpack::type::ArraySize&, int&)
 .text._ZNK10RpcDecoderILj1024EE4sendEPKhj
                0x00000000000025d4       0x22 /home/arduino/ArduinoApps/adafruit-ili9341-graphics-test/.cache/sketch/sketch/sketch.ino.cpp.o
                0x00000000000025d4                RpcDecoder<1024u>::send(unsigned char const*, unsigned int) const
 *fill*         0x00000000000025f6        0x2 
 .text._ZN9RPCClient8send_rpcIJEEEbRKN7arduino6StringERjDpOT_.isra.0
                0x00000000000025f8       0x74 /home/arduino/ArduinoApps/adafruit-ili9341-graphics-test/.cache/sketch/sketch/sketch.ino.cpp.o
 .text._ZN9RPCClient8send_rpcIJRKjEEEbRKN7arduino6StringERjDpOT_.isra.0
                0x000000000000266c       0x84 /home/arduino/ArduinoApps/adafruit-ili9341-graphics-test/.cache/sketch/sketch/sketch.ino.cpp.o
 .text._ZN9RPCClient8send_rpcIJRKN7arduino6StringEEEEbS4_RjDpOT_.isra.0
                0x00000000000026f0       0x84 /home/arduino/ArduinoApps/adafruit-ili9341-graphics-test/.cache/sketch/sketch/sketch.ino.cpp.o
 .text._ZN11BridgeClass6notifyIJRN7arduino6StringEEEEvS2_DpOT_
                0x0000000000002774       0xac /home/arduino/ArduinoApps/adafruit-ili9341-graphics-test/.cache/sketch/sketch/sketch.ino.cpp.o
                0x0000000000002774                void BridgeClass::notify<arduino::String&>(arduino::String, arduino::String&)
 .text._ZN13MonitorStream12_send_bufferEv
                0x0000000000002820       0x54 /home/arduino/ArduinoApps/adafruit-ili9341-graphics-test/.cache/sketch/sketch/sketch.ino.cpp.o
                0x0000000000002820                MonitorStream::_send_buffer()
 .text._ZN13MonitorStream5flushEv
                0x0000000000002874       0x38 /home/arduino/ArduinoApps/adafruit-ili9341-graphics-test/.cache/sketch/sketch/sketch.ino.cpp.o
                0x0000000000002874                MonitorStream::flush()
 .text._ZN13MonitorStream5writeEh
                0x00000000000028ac       0x4c /home/arduino/ArduinoApps/adafruit-ili9341-graphics-test/.cache/sketch/sketch/sketch.ino.cpp.o
                0x00000000000028ac                MonitorStream::write(unsigned char)
 .text._ZNK9RPCServer13send_responseILj256EEEbRK10RPCRequestIXT_EE.isra.0
                0x00000000000028f8       0x24 /home/arduino/ArduinoApps/adafruit-ili9341-graphics-test/.cache/sketch/sketch/sketch.ino.cpp.o
 .text._ZN10RpcDecoderILj1024EE7consumeEjj
                0x000000000000291c       0x50 /home/arduino/ArduinoApps/adafruit-ili9341-graphics-test/.cache/sketch/sketch/sketch.ino.cpp.o
                0x000000000000291c                RpcDecoder<1024u>::consume(unsigned int, unsigned int)
 .text._ZN10RpcDecoderILj1024EE7discardEv
                0x000000000000296c       0x2c /home/arduino/ArduinoApps/adafruit-ili9341-graphics-test/.cache/sketch/sketch/sketch.ino.cpp.o
                0x000000000000296c                RpcDecoder<1024u>::discard()
 .text._ZN7arduino7msgpack8Unpacker11deserializeI8RpcErrorJRNS0_6object5nil_tEEEEbRT_DpOT0_
                0x0000000000002998       0x90 /home/arduino/ArduinoApps/adafruit-ili9341-graphics-test/.cache/sketch/sketch/sketch.ino.cpp.o
                0x0000000000002998                bool arduino::msgpack::Unpacker::deserialize<RpcError, arduino::msgpack::object::nil_t&>(RpcError&, arduino::msgpack::object::nil_t&)
 .text._ZN7RpcCallIJRjEE8setErrorEiN7arduino6StringE
                0x0000000000002a28       0x40 /home/arduino/ArduinoApps/adafruit-ili9341-graphics-test/.cache/sketch/sketch/sketch.ino.cpp.o
                0x0000000000002a28                RpcCall<unsigned int&>::setError(int, arduino::String)
 .text._ZN7RpcCallIJRjEE7isErrorEv
                0x0000000000002a68       0x34 /home/arduino/ArduinoApps/adafruit-ili9341-graphics-test/.cache/sketch/sketch/sketch.ino.cpp.o
                0x0000000000002a68                RpcCall<unsigned int&>::isError()
 .text._ZN7arduino7msgpack8Unpacker10unpackUIntIjEENSt9enable_ifIXaaaaaaaasrSt13is_arithmeticIT_E5valuesrSt11is_integralIS5_E5valuentsrSt7is_sameIS5_bE5valuentsrS9_INSt9remove_cvIS5_E4typeEPcE5valuentsrSt9is_signedIS5_E5valueES5_E4typeEv
                0x0000000000002a9c       0x80 /home/arduino/ArduinoApps/adafruit-ili9341-graphics-test/.cache/sketch/sketch/sketch.ino.cpp.o
                0x0000000000002a9c                std::enable_if<(((std::is_arithmetic<unsigned int>::value&&std::is_integral<unsigned int>::value)&&(!std::is_same<unsigned int, bool>::value))&&(!std::is_same<std::remove_cv<unsigned int>::type, char*>::value))&&(!std::is_signed<unsigned int>::value), unsigned int>::type arduino::msgpack::Unpacker::unpackUInt<unsigned int>()
 .text._ZN7arduino7msgpack8Unpacker11deserializeIjJRNS_6StringEEEEbRT_DpOT0_
                0x0000000000002b1c       0x44 /home/arduino/ArduinoApps/adafruit-ili9341-graphics-test/.cache/sketch/sketch/sketch.ino.cpp.o
                0x0000000000002b1c                bool arduino::msgpack::Unpacker::deserialize<unsigned int, arduino::String&>(unsigned int&, arduino::String&)
 .text._ZN10RpcDecoderILj1024EE16fetch_rpc_methodEv
                0x0000000000002b60       0xe8 /home/arduino/ArduinoApps/adafruit-ili9341-graphics-test/.cache/sketch/sketch/sketch.ino.cpp.o
                0x0000000000002b60                RpcDecoder<1024u>::fetch_rpc_method()
 .text._ZN10RPCRequestILj256EE22unpack_request_headersEv
                0x0000000000002c48       0xb8 /home/arduino/ArduinoApps/adafruit-ili9341-graphics-test/.cache/sketch/sketch/sketch.ino.cpp.o
                0x0000000000002c48                RPCRequest<256u>::unpack_request_headers()
 .text._ZN9RPCServer15process_requestILj256EEEvR10RPCRequestIXT_EE
                0x0000000000002d00      0x138 /home/arduino/ArduinoApps/adafruit-ili9341-graphics-test/.cache/sketch/sketch/sketch.ino.cpp.o
                0x0000000000002d00                void RPCServer::process_request<256u>(RPCRequest<256u>&)
 .text._ZN7arduino7msgpack8Unpacker11deserializeIjJEEEbRT_DpOT0_
                0x0000000000002e38       0x40 /home/arduino/ArduinoApps/adafruit-ili9341-graphics-test/.cache/sketch/sketch/sketch.ino.cpp.o
                0x0000000000002e38                bool arduino::msgpack::Unpacker::deserialize<unsigned int>(unsigned int&)
 .text._ZN7arduino7msgpack8Unpacker11deserializeINS0_4type9ArraySizeEJRiRjEEEbRT_DpOT0_
                0x0000000000002e78       0x78 /home/arduino/ArduinoApps/adafruit-ili9341-graphics-test/.cache/sketch/sketch/sketch.ino.cpp.o
                0x0000000000002e78                bool arduino::msgpack::Unpacker::deserialize<arduino::msgpack::type::ArraySize, int&, unsigned int&>(arduino::msgpack::type::ArraySize&, int&, unsigned int&)
 .text._ZN10RpcDecoderILj1024EE12get_responseIN7arduino7msgpack6object5nil_tEEEbjRT_R8RpcError
                0x0000000000002ef0      0x17c /home/arduino/ArduinoApps/adafruit-ili9341-graphics-test/.cache/sketch/sketch/sketch.ino.cpp.o
                0x0000000000002ef0                bool RpcDecoder<1024u>::get_response<arduino::msgpack::object::nil_t>(unsigned int, arduino::msgpack::object::nil_t&, RpcError&)
 .text._ZN10RpcDecoderILj1024EE12get_responseIbEEbjRT_R8RpcError
                0x000000000000306c      0x17c /home/arduino/ArduinoApps/adafruit-ili9341-graphics-test/.cache/sketch/sketch/sketch.ino.cpp.o
                0x000000000000306c                bool RpcDecoder<1024u>::get_response<bool>(unsigned int, bool&, RpcError&)
 .text._ZN10RpcDecoderILj1024EE12get_responseIN7arduino6StringEEEbjRT_R8RpcError
                0x00000000000031e8      0x17c /home/arduino/ArduinoApps/adafruit-ili9341-graphics-test/.cache/sketch/sketch/sketch.ino.cpp.o
                0x00000000000031e8                bool RpcDecoder<1024u>::get_response<arduino::String>(unsigned int, arduino::String&, RpcError&)
 .text._ZN10RpcDecoderILj1024EE12get_responseISt6vectorIhSaIhEEEEbjRT_R8RpcError
                0x0000000000003364      0x17c /home/arduino/ArduinoApps/adafruit-ili9341-graphics-test/.cache/sketch/sketch/sketch.ino.cpp.o
                0x0000000000003364                bool RpcDecoder<1024u>::get_response<std::vector<unsigned char, std::allocator<unsigned char> > >(unsigned int, std::vector<unsigned char, std::allocator<unsigned char> >&, RpcError&)
 .text._ZNSt11__copy_moveILb0ELb1ESt26random_access_iterator_tagE8__copy_mIhEEPT_PKS3_S6_S4_
                0x00000000000034e0       0x1c /home/arduino/ArduinoApps/adafruit-ili9341-graphics-test/.cache/sketch/sketch/sketch.ino.cpp.o
                0x00000000000034e0                unsigned char* std::__copy_move<false, true, std::random_access_iterator_tag>::__copy_m<unsigned char>(unsigned char const*, unsigned char const*, unsigned char*)
 .text._ZNSt11__copy_moveILb1ELb1ESt26random_access_iterator_tagE8__copy_mIhEEPT_PKS3_S6_S4_
                0x00000000000034fc       0x1c /home/arduino/ArduinoApps/adafruit-ili9341-graphics-test/.cache/sketch/sketch/sketch.ino.cpp.o
                0x00000000000034fc                unsigned char* std::__copy_move<true, true, std::random_access_iterator_tag>::__copy_m<unsigned char>(unsigned char const*, unsigned char const*, unsigned char*)
 .text._ZN7arduino7msgpack6object3extC2EaPKhj
                0x0000000000003518      0x104 /home/arduino/ArduinoApps/adafruit-ili9341-graphics-test/.cache/sketch/sketch/sketch.ino.cpp.o
                0x0000000000003518                arduino::msgpack::object::ext::ext(signed char, unsigned char const*, unsigned int)
                0x0000000000003518                arduino::msgpack::object::ext::ext(signed char, unsigned char const*, unsigned int)
 .text._ZN7arduino7msgpack8Unpacker9unpackExtEv
                0x000000000000361c      0x178 /home/arduino/ArduinoApps/adafruit-ili9341-graphics-test/.cache/sketch/sketch/sketch.ino.cpp.o
                0x000000000000361c                arduino::msgpack::Unpacker::unpackExt()
 .text._ZN8RpcUtils6detail12unpackObjectERN7arduino7msgpack8UnpackerE
                0x0000000000003794      0x29c /home/arduino/ArduinoApps/adafruit-ili9341-graphics-test/.cache/sketch/sketch/sketch.ino.cpp.o
                0x0000000000003794                RpcUtils::detail::unpackObject(arduino::msgpack::Unpacker&)
 .text._ZN10RpcDecoderILj1024EE12parse_packetEv
                0x0000000000003a30      0x134 /home/arduino/ArduinoApps/adafruit-ili9341-graphics-test/.cache/sketch/sketch/sketch.ino.cpp.o
                0x0000000000003a30                RpcDecoder<1024u>::parse_packet()
 .text._ZN10RpcDecoderILj1024EE6decodeEv
                0x0000000000003b64       0x40 /home/arduino/ArduinoApps/adafruit-ili9341-graphics-test/.cache/sketch/sketch/sketch.ino.cpp.o
                0x0000000000003b64                RpcDecoder<1024u>::decode()
 .text._ZN9RPCServer7get_rpcILj256EEEbR10RPCRequestIXT_EEN7arduino6StringE
                0x0000000000003ba4       0xc4 /home/arduino/ArduinoApps/adafruit-ili9341-graphics-test/.cache/sketch/sketch/sketch.ino.cpp.o
                0x0000000000003ba4                bool RPCServer::get_rpc<256u>(RPCRequest<256u>&, arduino::String)
 .text._ZN11BridgeClass11update_safeEv
                0x0000000000003c68       0xb0 /home/arduino/ArduinoApps/adafruit-ili9341-graphics-test/.cache/sketch/sketch/sketch.ino.cpp.o
                0x0000000000003c68                BridgeClass::update_safe()
 .text._Z10__loopHookv
                0x0000000000003d18       0x28 /home/arduino/ArduinoApps/adafruit-ili9341-graphics-test/.cache/sketch/sketch/sketch.ino.cpp.o
                0x0000000000003d18                __loopHook()
 .text._ZN11BridgeClass6updateEv
                0x0000000000003d40       0xb0 /home/arduino/ArduinoApps/adafruit-ili9341-graphics-test/.cache/sketch/sketch/sketch.ino.cpp.o
                0x0000000000003d40                BridgeClass::update()
 .text._Z16updateEntryPointPvS_S_
                0x0000000000003df0       0x28 /home/arduino/ArduinoApps/adafruit-ili9341-graphics-test/.cache/sketch/sketch/sketch.ino.cpp.o
                0x0000000000003df0                updateEntryPoint(void*, void*, void*)
 .text._ZN9RPCClient12get_responseIN7arduino7msgpack6object5nil_tEEEbjRT_R8RpcError
                0x0000000000003e18       0x40 /home/arduino/ArduinoApps/adafruit-ili9341-graphics-test/.cache/sketch/sketch/sketch.ino.cpp.o
                0x0000000000003e18                bool RPCClient::get_response<arduino::msgpack::object::nil_t>(unsigned int, arduino::msgpack::object::nil_t&, RpcError&)
 .text._ZN7RpcCallIJEED2Ev
                0x0000000000003e58       0xfc /home/arduino/ArduinoApps/adafruit-ili9341-graphics-test/.cache/sketch/sketch/sketch.ino.cpp.o
                0x0000000000003e58                RpcCall<>::~RpcCall()
                0x0000000000003e58                RpcCall<>::~RpcCall()
 .text._ZN7RpcCallIJRjEE6resultISt6vectorIhSaIhEEEEbRT_
                0x0000000000003f54      0x134 /home/arduino/ArduinoApps/adafruit-ili9341-graphics-test/.cache/sketch/sketch/sketch.ino.cpp.o
                0x0000000000003f54                bool RpcCall<unsigned int&>::result<std::vector<unsigned char, std::allocator<unsigned char> > >(std::vector<unsigned char, std::allocator<unsigned char> >&)
 .text._ZN13BridgeMonitorILj512EE5_readEj
                0x0000000000004088      0x1f8 /home/arduino/ArduinoApps/adafruit-ili9341-graphics-test/.cache/sketch/sketch/sketch.ino.cpp.o
                0x0000000000004088                BridgeMonitor<512u>::_read(unsigned int)
 .text._ZN13BridgeMonitorILj512EE9availableEv
                0x0000000000004280       0x44 /home/arduino/ArduinoApps/adafruit-ili9341-graphics-test/.cache/sketch/sketch/sketch.ino.cpp.o
                0x0000000000004280                BridgeMonitor<512u>::available()
 .text._ZN13MonitorStream9availableEv
                0x00000000000042c4       0x14 /home/arduino/ArduinoApps/adafruit-ili9341-graphics-test/.cache/sketch/sketch/sketch.ino.cpp.o
                0x00000000000042c4                MonitorStream::available()
 .text._ZN7RpcCallIJEE6resultIbEEbRT_
                0x00000000000042d8      0x114 /home/arduino/ArduinoApps/adafruit-ili9341-graphics-test/.cache/sketch/sketch/sketch.ino.cpp.o
                0x00000000000042d8                bool RpcCall<>::result<bool>(bool&)
 .text._ZN11BridgeClass5beginEm
                0x00000000000043ec      0x198 /home/arduino/ArduinoApps/adafruit-ili9341-graphics-test/.cache/sketch/sketch/sketch.ino.cpp.o
                0x00000000000043ec                BridgeClass::begin(unsigned long)
 .text._ZN7RpcCallIJEE6resultIN7arduino6StringEEEbRT_
                0x0000000000004584      0x114 /home/arduino/ArduinoApps/adafruit-ili9341-graphics-test/.cache/sketch/sketch/sketch.ino.cpp.o
                0x0000000000004584                bool RpcCall<>::result<arduino::String>(arduino::String&)
 .text.setup    0x0000000000004698      0x42c /home/arduino/ArduinoApps/adafruit-ili9341-graphics-test/.cache/sketch/sketch/sketch.ino.cpp.o
                0x0000000000004698                setup
 .text._ZN8RpcUtils6detail9unpackMapERN7arduino7msgpack8UnpackerERj
                0x0000000000004ac4       0x80 /home/arduino/ArduinoApps/adafruit-ili9341-graphics-test/.cache/sketch/sketch/sketch.ino.cpp.o
                0x0000000000004ac4                RpcUtils::detail::unpackMap(arduino::msgpack::Unpacker&, unsigned int&)
 .text._ZN7RpcCallIJRN7arduino6StringEEE8setErrorEiS1_
                0x0000000000004b44       0x40 /home/arduino/ArduinoApps/adafruit-ili9341-graphics-test/.cache/sketch/sketch/sketch.ino.cpp.o
                0x0000000000004b44                RpcCall<arduino::String&>::setError(int, arduino::String)
 .text._ZN10RpcDecoderILj1024EE12get_responseIjEEbjRT_R8RpcError
                0x0000000000004b84      0x17c /home/arduino/ArduinoApps/adafruit-ili9341-graphics-test/.cache/sketch/sketch/sketch.ino.cpp.o
                0x0000000000004b84                bool RpcDecoder<1024u>::get_response<unsigned int>(unsigned int, unsigned int&, RpcError&)
 .text._ZN13BridgeMonitorILj512EE5writeEPKhj
                0x0000000000004d00      0x2ac /home/arduino/ArduinoApps/adafruit-ili9341-graphics-test/.cache/sketch/sketch/sketch.ino.cpp.o
                0x0000000000004d00                BridgeMonitor<512u>::write(unsigned char const*, unsigned int)
 .text._GLOBAL__sub_I_MSerial
                0x0000000000004fac      0x148 /home/arduino/ArduinoApps/adafruit-ili9341-graphics-test/.cache/sketch/sketch/sketch.ino.cpp.o
 .text._GLOBAL__sub_D_MSerial
                0x00000000000050f4       0x2c /home/arduino/ArduinoApps/adafruit-ili9341-graphics-test/.cache/sketch/sketch/sketch.ino.cpp.o
 .text._ZN12Adafruit_GFX9writeLineEsssst
                0x0000000000005120       0xbc /home/arduino/ArduinoApps/adafruit-ili9341-graphics-test/.cache/sketch/libraries/Adafruit GFX Library/Adafruit_GFX.cpp.o
                0x0000000000005120                Adafruit_GFX::writeLine(short, short, short, short, unsigned short)
 .text._ZN12Adafruit_GFX10startWriteEv
                0x00000000000051dc        0x2 /home/arduino/ArduinoApps/adafruit-ili9341-graphics-test/.cache/sketch/libraries/Adafruit GFX Library/Adafruit_GFX.cpp.o
                0x00000000000051dc                Adafruit_GFX::endWrite()
                0x00000000000051dc                Adafruit_GFX::startWrite()
 .text._ZN12Adafruit_GFX10writePixelEsst
                0x00000000000051de        0xe /home/arduino/ArduinoApps/adafruit-ili9341-graphics-test/.cache/sketch/libraries/Adafruit GFX Library/Adafruit_GFX.cpp.o
                0x00000000000051de                Adafruit_GFX::writePixel(short, short, unsigned short)
 .text._ZN12Adafruit_GFX14writeFastVLineEssst
                0x00000000000051ec       0x12 /home/arduino/ArduinoApps/adafruit-ili9341-graphics-test/.cache/sketch/libraries/Adafruit GFX Library/Adafruit_GFX.cpp.o
                0x00000000000051ec                Adafruit_GFX::writeFastVLine(short, short, short, unsigned short)
 .text._ZN12Adafruit_GFX14writeFastHLineEssst
                0x00000000000051fe       0x12 /home/arduino/ArduinoApps/adafruit-ili9341-graphics-test/.cache/sketch/libraries/Adafruit GFX Library/Adafruit_GFX.cpp.o
                0x00000000000051fe                Adafruit_GFX::writeFastHLine(short, short, short, unsigned short)
 .text._ZN12Adafruit_GFX13writeFillRectEsssst
                0x0000000000005210       0x18 /home/arduino/ArduinoApps/adafruit-ili9341-graphics-test/.cache/sketch/libraries/Adafruit GFX Library/Adafruit_GFX.cpp.o
                0x0000000000005210                Adafruit_GFX::writeFillRect(short, short, short, short, unsigned short)
 .text._ZN12Adafruit_GFX13drawFastVLineEssst
                0x0000000000005228       0x3e /home/arduino/ArduinoApps/adafruit-ili9341-graphics-test/.cache/sketch/libraries/Adafruit GFX Library/Adafruit_GFX.cpp.o
                0x0000000000005228                Adafruit_GFX::drawFastVLine(short, short, short, unsigned short)
 .text._ZN12Adafruit_GFX13drawFastHLineEssst
                0x0000000000005266       0x3a /home/arduino/ArduinoApps/adafruit-ili9341-graphics-test/.cache/sketch/libraries/Adafruit GFX Library/Adafruit_GFX.cpp.o
                0x0000000000005266                Adafruit_GFX::drawFastHLine(short, short, short, unsigned short)
 .text._ZN12Adafruit_GFX8fillRectEsssst
                0x00000000000052a0       0x46 /home/arduino/ArduinoApps/adafruit-ili9341-graphics-test/.cache/sketch/libraries/Adafruit GFX Library/Adafruit_GFX.cpp.o
                0x00000000000052a0                Adafruit_GFX::fillRect(short, short, short, short, unsigned short)
 .text._ZN12Adafruit_GFX10fillScreenEt
                0x00000000000052e6       0x1c /home/arduino/ArduinoApps/adafruit-ili9341-graphics-test/.cache/sketch/libraries/Adafruit GFX Library/Adafruit_GFX.cpp.o
                0x00000000000052e6                Adafruit_GFX::fillScreen(unsigned short)
 .text._ZN12Adafruit_GFX8drawRectEsssst
                0x0000000000005302       0x80 /home/arduino/ArduinoApps/adafruit-ili9341-graphics-test/.cache/sketch/libraries/Adafruit GFX Library/Adafruit_GFX.cpp.o
                0x0000000000005302                Adafruit_GFX::drawRect(short, short, short, short, unsigned short)
 .text._ZN12Adafruit_GFX13invertDisplayEb
                0x0000000000005382        0x2 /home/arduino/ArduinoApps/adafruit-ili9341-graphics-test/.cache/sketch/libraries/Adafruit GFX Library/Adafruit_GFX.cpp.o
                0x0000000000005382                Adafruit_GFX::invertDisplay(bool)
 .text._ZN12Adafruit_GFX8drawLineEsssst
                0x0000000000005384       0x82 /home/arduino/ArduinoApps/adafruit-ili9341-graphics-test/.cache/sketch/libraries/Adafruit GFX Library/Adafruit_GFX.cpp.o
                0x0000000000005384                Adafruit_GFX::drawLine(short, short, short, short, unsigned short)
 .text._ZN12Adafruit_GFX11setRotationEh
                0x0000000000005406       0x20 /home/arduino/ArduinoApps/adafruit-ili9341-graphics-test/.cache/sketch/libraries/Adafruit GFX Library/Adafruit_GFX.cpp.o
                0x0000000000005406                Adafruit_GFX::setRotation(unsigned char)
 *fill*         0x0000000000005426        0x2 
 .text._ZN12Adafruit_GFXC2Ess
                0x0000000000005428       0x2c /home/arduino/ArduinoApps/adafruit-ili9341-graphics-test/.cache/sketch/libraries/Adafruit GFX Library/Adafruit_GFX.cpp.o
                0x0000000000005428                Adafruit_GFX::Adafruit_GFX(short, short)
                0x0000000000005428                Adafruit_GFX::Adafruit_GFX(short, short)
 .text._ZN12Adafruit_GFX10drawCircleEssst
                0x0000000000005454      0x19c /home/arduino/ArduinoApps/adafruit-ili9341-graphics-test/.cache/sketch/libraries/Adafruit GFX Library/Adafruit_GFX.cpp.o
                0x0000000000005454                Adafruit_GFX::drawCircle(short, short, short, unsigned short)
 .text._ZN12Adafruit_GFX16drawCircleHelperEsssht
                0x00000000000055f0      0x168 /home/arduino/ArduinoApps/adafruit-ili9341-graphics-test/.cache/sketch/libraries/Adafruit GFX Library/Adafruit_GFX.cpp.o
                0x00000000000055f0                Adafruit_GFX::drawCircleHelper(short, short, short, unsigned char, unsigned short)
 .text._ZN12Adafruit_GFX16fillCircleHelperEssshst
                0x0000000000005758      0x13c /home/arduino/ArduinoApps/adafruit-ili9341-graphics-test/.cache/sketch/libraries/Adafruit GFX Library/Adafruit_GFX.cpp.o
                0x0000000000005758                Adafruit_GFX::fillCircleHelper(short, short, short, unsigned char, short, unsigned short)
 .text._ZN12Adafruit_GFX10fillCircleEssst
                0x0000000000005894       0x60 /home/arduino/ArduinoApps/adafruit-ili9341-graphics-test/.cache/sketch/libraries/Adafruit GFX Library/Adafruit_GFX.cpp.o
                0x0000000000005894                Adafruit_GFX::fillCircle(short, short, short, unsigned short)
 .text._ZN12Adafruit_GFX13drawRoundRectEssssst
                0x00000000000058f4      0x134 /home/arduino/ArduinoApps/adafruit-ili9341-graphics-test/.cache/sketch/libraries/Adafruit GFX Library/Adafruit_GFX.cpp.o
                0x00000000000058f4                Adafruit_GFX::drawRoundRect(short, short, short, short, short, unsigned short)
 .text._ZN12Adafruit_GFX13fillRoundRectEssssst
                0x0000000000005a28       0xc0 /home/arduino/ArduinoApps/adafruit-ili9341-graphics-test/.cache/sketch/libraries/Adafruit GFX Library/Adafruit_GFX.cpp.o
                0x0000000000005a28                Adafruit_GFX::fillRoundRect(short, short, short, short, short, unsigned short)
 .text._ZN12Adafruit_GFX12drawTriangleEsssssst
                0x0000000000005ae8       0x54 /home/arduino/ArduinoApps/adafruit-ili9341-graphics-test/.cache/sketch/libraries/Adafruit GFX Library/Adafruit_GFX.cpp.o
                0x0000000000005ae8                Adafruit_GFX::drawTriangle(short, short, short, short, short, short, unsigned short)
 .text._ZN12Adafruit_GFX12fillTriangleEsssssst
                0x0000000000005b3c      0x1ca /home/arduino/ArduinoApps/adafruit-ili9341-graphics-test/.cache/sketch/libraries/Adafruit GFX Library/Adafruit_GFX.cpp.o
                0x0000000000005b3c                Adafruit_GFX::fillTriangle(short, short, short, short, short, short, unsigned short)
 *fill*         0x0000000000005d06        0x2 
 .text._ZN12Adafruit_GFX8drawCharEsshtthh
                0x0000000000005d08      0x2c0 /home/arduino/ArduinoApps/adafruit-ili9341-graphics-test/.cache/sketch/libraries/Adafruit GFX Library/Adafruit_GFX.cpp.o
                0x0000000000005d08                Adafruit_GFX::drawChar(short, short, unsigned char, unsigned short, unsigned short, unsigned char, unsigned char)
 .text._ZN12Adafruit_GFX5writeEh
                0x0000000000005fc8      0x108 /home/arduino/ArduinoApps/adafruit-ili9341-graphics-test/.cache/sketch/libraries/Adafruit GFX Library/Adafruit_GFX.cpp.o
                0x0000000000005fc8                Adafruit_GFX::write(unsigned char)
 .text._ZN12Adafruit_GFX11setTextSizeEh
                0x00000000000060d0        0xc /home/arduino/ArduinoApps/adafruit-ili9341-graphics-test/.cache/sketch/libraries/Adafruit GFX Library/Adafruit_GFX.cpp.o
                0x00000000000060d0                Adafruit_GFX::setTextSize(unsigned char)
 .text._ZN15Adafruit_SPITFT11SPI_SCK_LOWEv.isra.0
                0x00000000000060dc        0xc /home/arduino/ArduinoApps/adafruit-ili9341-graphics-test/.cache/sketch/libraries/Adafruit GFX Library/Adafruit_SPITFT.cpp.o
 .text._ZN15Adafruit_SPITFT12SPI_SCK_HIGHEv.isra.0
                0x00000000000060e8        0xc /home/arduino/ArduinoApps/adafruit-ili9341-graphics-test/.cache/sketch/libraries/Adafruit GFX Library/Adafruit_SPITFT.cpp.o
 .text._ZN15Adafruit_SPITFT12SPI_MOSI_LOWEv.isra.0
                0x00000000000060f4        0xc /home/arduino/ArduinoApps/adafruit-ili9341-graphics-test/.cache/sketch/libraries/Adafruit GFX Library/Adafruit_SPITFT.cpp.o
 .text._ZN15Adafruit_SPITFT13SPI_MOSI_HIGHEv.isra.0
                0x0000000000006100        0xc /home/arduino/ArduinoApps/adafruit-ili9341-graphics-test/.cache/sketch/libraries/Adafruit GFX Library/Adafruit_SPITFT.cpp.o
 .text._ZN15Adafruit_SPITFT10SPI_DC_LOWEv.isra.0
                0x000000000000610c        0xc /home/arduino/ArduinoApps/adafruit-ili9341-graphics-test/.cache/sketch/libraries/Adafruit GFX Library/Adafruit_SPITFT.cpp.o
 .text._ZN15Adafruit_SPITFT11SPI_DC_HIGHEv.isra.0
                0x0000000000006118        0xc /home/arduino/ArduinoApps/adafruit-ili9341-graphics-test/.cache/sketch/libraries/Adafruit GFX Library/Adafruit_SPITFT.cpp.o
 .text._ZN15Adafruit_SPITFT10SPI_CS_LOWEv.isra.0
                0x0000000000006124        0xc /home/arduino/ArduinoApps/adafruit-ili9341-graphics-test/.cache/sketch/libraries/Adafruit GFX Library/Adafruit_SPITFT.cpp.o
 .text._ZN15Adafruit_SPITFT11SPI_CS_HIGHEv.isra.0
                0x0000000000006130        0xc /home/arduino/ArduinoApps/adafruit-ili9341-graphics-test/.cache/sketch/libraries/Adafruit GFX Library/Adafruit_SPITFT.cpp.o
 .text._ZN15Adafruit_SPITFTC2EttPN7arduino11HardwareSPIEaaa
                0x000000000000613c       0x44 /home/arduino/ArduinoApps/adafruit-ili9341-graphics-test/.cache/sketch/libraries/Adafruit GFX Library/Adafruit_SPITFT.cpp.o
                0x000000000000613c                Adafruit_SPITFT::Adafruit_SPITFT(unsigned short, unsigned short, arduino::HardwareSPI*, signed char, signed char, signed char)
                0x000000000000613c                Adafruit_SPITFT::Adafruit_SPITFT(unsigned short, unsigned short, arduino::HardwareSPI*, signed char, signed char, signed char)
 .text._ZN15Adafruit_SPITFTC2Ettaaa
                0x0000000000006180       0x28 /home/arduino/ArduinoApps/adafruit-ili9341-graphics-test/.cache/sketch/libraries/Adafruit GFX Library/Adafruit_SPITFT.cpp.o
                0x0000000000006180                Adafruit_SPITFT::Adafruit_SPITFT(unsigned short, unsigned short, signed char, signed char, signed char)
                0x0000000000006180                Adafruit_SPITFT::Adafruit_SPITFT(unsigned short, unsigned short, signed char, signed char, signed char)
 .text._ZN15Adafruit_SPITFT7initSPIEjh
                0x00000000000061a8      0x10c /home/arduino/ArduinoApps/adafruit-ili9341-graphics-test/.cache/sketch/libraries/Adafruit GFX Library/Adafruit_SPITFT.cpp.o
                0x00000000000061a8                Adafruit_SPITFT::initSPI(unsigned int, unsigned char)
 .text._ZN15Adafruit_SPITFT8color565Ehhh
                0x00000000000062b4       0x18 /home/arduino/ArduinoApps/adafruit-ili9341-graphics-test/.cache/sketch/libraries/Adafruit GFX Library/Adafruit_SPITFT.cpp.o
                0x00000000000062b4                Adafruit_SPITFT::color565(unsigned char, unsigned char, unsigned char)
 .text._ZN15Adafruit_SPITFT21SPI_BEGIN_TRANSACTIONEv
                0x00000000000062cc       0x22 /home/arduino/ArduinoApps/adafruit-ili9341-graphics-test/.cache/sketch/libraries/Adafruit GFX Library/Adafruit_SPITFT.cpp.o
                0x00000000000062cc                Adafruit_SPITFT::SPI_BEGIN_TRANSACTION()
 *fill*         0x00000000000062ee        0x2 
 .text._ZN15Adafruit_SPITFT10startWriteEv
                0x00000000000062f0       0x24 /home/arduino/ArduinoApps/adafruit-ili9341-graphics-test/.cache/sketch/libraries/Adafruit GFX Library/Adafruit_SPITFT.cpp.o
                0x00000000000062f0                Adafruit_SPITFT::startWrite()
 .text._ZN15Adafruit_SPITFT19SPI_END_TRANSACTIONEv
                0x0000000000006314       0x10 /home/arduino/ArduinoApps/adafruit-ili9341-graphics-test/.cache/sketch/libraries/Adafruit GFX Library/Adafruit_SPITFT.cpp.o
                0x0000000000006314                Adafruit_SPITFT::SPI_END_TRANSACTION()
 .text._ZN15Adafruit_SPITFT8endWriteEv
                0x0000000000006324       0x20 /home/arduino/ArduinoApps/adafruit-ili9341-graphics-test/.cache/sketch/libraries/Adafruit GFX Library/Adafruit_SPITFT.cpp.o
                0x0000000000006324                Adafruit_SPITFT::endWrite()
 .text._ZN15Adafruit_SPITFT7spiReadEv
                0x0000000000006344       0x6c /home/arduino/ArduinoApps/adafruit-ili9341-graphics-test/.cache/sketch/libraries/Adafruit GFX Library/Adafruit_SPITFT.cpp.o
                0x0000000000006344                Adafruit_SPITFT::spiRead()
 .text._ZN15Adafruit_SPITFT13TFT_WR_STROBEEv
                0x00000000000063b0       0x20 /home/arduino/ArduinoApps/adafruit-ili9341-graphics-test/.cache/sketch/libraries/Adafruit GFX Library/Adafruit_SPITFT.cpp.o
                0x00000000000063b0                Adafruit_SPITFT::TFT_WR_STROBE()
 .text._ZN15Adafruit_SPITFT10writeColorEtj
                0x00000000000063d0       0x9c /home/arduino/ArduinoApps/adafruit-ili9341-graphics-test/.cache/sketch/libraries/Adafruit GFX Library/Adafruit_SPITFT.cpp.o
                0x00000000000063d0                Adafruit_SPITFT::writeColor(unsigned short, unsigned int)
 .text._ZN15Adafruit_SPITFT23writeFillRectPreclippedEsssst
                0x000000000000646c       0x3c /home/arduino/ArduinoApps/adafruit-ili9341-graphics-test/.cache/sketch/libraries/Adafruit GFX Library/Adafruit_SPITFT.cpp.o
                0x000000000000646c                Adafruit_SPITFT::writeFillRectPreclipped(short, short, short, short, unsigned short)
 .text._ZN15Adafruit_SPITFT13writeFillRectEsssst
                0x00000000000064a8       0xa4 /home/arduino/ArduinoApps/adafruit-ili9341-graphics-test/.cache/sketch/libraries/Adafruit GFX Library/Adafruit_SPITFT.cpp.o
                0x00000000000064a8                Adafruit_SPITFT::writeFillRect(short, short, short, short, unsigned short)
 .text._ZN15Adafruit_SPITFT8fillRectEsssst
                0x000000000000654c       0xc8 /home/arduino/ArduinoApps/adafruit-ili9341-graphics-test/.cache/sketch/libraries/Adafruit GFX Library/Adafruit_SPITFT.cpp.o
                0x000000000000654c                Adafruit_SPITFT::fillRect(short, short, short, short, unsigned short)
 .text._ZN15Adafruit_SPITFT13drawFastHLineEssst
                0x0000000000006614       0x84 /home/arduino/ArduinoApps/adafruit-ili9341-graphics-test/.cache/sketch/libraries/Adafruit GFX Library/Adafruit_SPITFT.cpp.o
                0x0000000000006614                Adafruit_SPITFT::drawFastHLine(short, short, short, unsigned short)
 .text._ZN15Adafruit_SPITFT13drawFastVLineEssst
                0x0000000000006698       0x80 /home/arduino/ArduinoApps/adafruit-ili9341-graphics-test/.cache/sketch/libraries/Adafruit GFX Library/Adafruit_SPITFT.cpp.o
                0x0000000000006698                Adafruit_SPITFT::drawFastVLine(short, short, short, unsigned short)
 .text._ZN15Adafruit_SPITFT14writeFastHLineEssst
                0x0000000000006718       0x5c /home/arduino/ArduinoApps/adafruit-ili9341-graphics-test/.cache/sketch/libraries/Adafruit GFX Library/Adafruit_SPITFT.cpp.o
                0x0000000000006718                Adafruit_SPITFT::writeFastHLine(short, short, short, unsigned short)
 .text._ZN15Adafruit_SPITFT14writeFastVLineEssst
                0x0000000000006774       0x5c /home/arduino/ArduinoApps/adafruit-ili9341-graphics-test/.cache/sketch/libraries/Adafruit GFX Library/Adafruit_SPITFT.cpp.o
                0x0000000000006774                Adafruit_SPITFT::writeFastVLine(short, short, short, unsigned short)
 .text._ZN15Adafruit_SPITFT8spiWriteEh
                0x00000000000067d0       0x70 /home/arduino/ArduinoApps/adafruit-ili9341-graphics-test/.cache/sketch/libraries/Adafruit GFX Library/Adafruit_SPITFT.cpp.o
                0x00000000000067d0                Adafruit_SPITFT::spiWrite(unsigned char)
 .text._ZN15Adafruit_SPITFT12readcommand8Ehh
                0x0000000000006840       0x54 /home/arduino/ArduinoApps/adafruit-ili9341-graphics-test/.cache/sketch/libraries/Adafruit GFX Library/Adafruit_SPITFT.cpp.o
                0x0000000000006840                Adafruit_SPITFT::readcommand8(unsigned char, unsigned char)
 .text._ZN15Adafruit_SPITFT12writeCommandEh
                0x0000000000006894       0x30 /home/arduino/ArduinoApps/adafruit-ili9341-graphics-test/.cache/sketch/libraries/Adafruit GFX Library/Adafruit_SPITFT.cpp.o
                0x0000000000006894                Adafruit_SPITFT::writeCommand(unsigned char)
 .text._ZN15Adafruit_SPITFT13invertDisplayEb
                0x00000000000068c4       0x30 /home/arduino/ArduinoApps/adafruit-ili9341-graphics-test/.cache/sketch/libraries/Adafruit GFX Library/Adafruit_SPITFT.cpp.o
                0x00000000000068c4                Adafruit_SPITFT::invertDisplay(bool)
 .text._ZN15Adafruit_SPITFT11SPI_WRITE16Et
                0x00000000000068f4       0x7c /home/arduino/ArduinoApps/adafruit-ili9341-graphics-test/.cache/sketch/libraries/Adafruit GFX Library/Adafruit_SPITFT.cpp.o
                0x00000000000068f4                Adafruit_SPITFT::SPI_WRITE16(unsigned short)
 .text._ZN15Adafruit_SPITFT10writePixelEsst
                0x0000000000006970       0x44 /home/arduino/ArduinoApps/adafruit-ili9341-graphics-test/.cache/sketch/libraries/Adafruit GFX Library/Adafruit_SPITFT.cpp.o
                0x0000000000006970                Adafruit_SPITFT::writePixel(short, short, unsigned short)
 .text._ZN15Adafruit_SPITFT9drawPixelEsst
                0x00000000000069b4       0x5c /home/arduino/ArduinoApps/adafruit-ili9341-graphics-test/.cache/sketch/libraries/Adafruit GFX Library/Adafruit_SPITFT.cpp.o
                0x00000000000069b4                Adafruit_SPITFT::drawPixel(short, short, unsigned short)
 .text._ZN15Adafruit_SPITFT11sendCommandEhPhh
                0x0000000000006a10       0x98 /home/arduino/ArduinoApps/adafruit-ili9341-graphics-test/.cache/sketch/libraries/Adafruit GFX Library/Adafruit_SPITFT.cpp.o
                0x0000000000006a10                Adafruit_SPITFT::sendCommand(unsigned char, unsigned char*, unsigned char)
 .text._ZN15Adafruit_SPITFT11sendCommandEhPKhh
                0x0000000000006aa8       0x98 /home/arduino/ArduinoApps/adafruit-ili9341-graphics-test/.cache/sketch/libraries/Adafruit GFX Library/Adafruit_SPITFT.cpp.o
                0x0000000000006aa8                Adafruit_SPITFT::sendCommand(unsigned char, unsigned char const*, unsigned char)
 .text._ZN16Adafruit_ILI934113invertDisplayEb
                0x0000000000006b40       0x18 /home/arduino/ArduinoApps/adafruit-ili9341-graphics-test/.cache/sketch/libraries/Adafruit ILI9341/Adafruit_ILI9341.cpp.o
                0x0000000000006b40                Adafruit_ILI9341::invertDisplay(bool)
 .text._ZN16Adafruit_ILI93415beginEj
                0x0000000000006b58       0x78 /home/arduino/ArduinoApps/adafruit-ili9341-graphics-test/.cache/sketch/libraries/Adafruit ILI9341/Adafruit_ILI9341.cpp.o
                0x0000000000006b58                Adafruit_ILI9341::begin(unsigned int)
 .text._ZN16Adafruit_ILI934111setRotationEh
                0x0000000000006bd0       0x58 /home/arduino/ArduinoApps/adafruit-ili9341-graphics-test/.cache/sketch/libraries/Adafruit ILI9341/Adafruit_ILI9341.cpp.o
                0x0000000000006bd0                Adafruit_ILI9341::setRotation(unsigned char)
 .text._ZN16Adafruit_ILI934113setAddrWindowEtttt
                0x0000000000006c28       0xac /home/arduino/ArduinoApps/adafruit-ili9341-graphics-test/.cache/sketch/libraries/Adafruit ILI9341/Adafruit_ILI9341.cpp.o
                0x0000000000006c28                Adafruit_ILI9341::setAddrWindow(unsigned short, unsigned short, unsigned short, unsigned short)
 .text._ZN16Adafruit_ILI9341C2Eaaa
                0x0000000000006cd4       0x28 /home/arduino/ArduinoApps/adafruit-ili9341-graphics-test/.cache/sketch/libraries/Adafruit ILI9341/Adafruit_ILI9341.cpp.o
                0x0000000000006cd4                Adafruit_ILI9341::Adafruit_ILI9341(signed char, signed char, signed char)
                0x0000000000006cd4                Adafruit_ILI9341::Adafruit_ILI9341(signed char, signed char, signed char)
 .text._ZN16Adafruit_ILI934112readcommand8Ehh
                0x0000000000006cfc       0x30 /home/arduino/ArduinoApps/adafruit-ili9341-graphics-test/.cache/sketch/libraries/Adafruit ILI9341/Adafruit_ILI9341.cpp.o
                0x0000000000006cfc                Adafruit_ILI9341::readcommand8(unsigned char, unsigned char)
 .text._ZN7arduino9ZephyrSPI14usingInterruptEi
                0x0000000000006d2c        0x2 /home/arduino/ArduinoApps/adafruit-ili9341-graphics-test/.cache/sketch/libraries/SPI/SPI.cpp.o
                0x0000000000006d2c                arduino::ZephyrSPI::notUsingInterrupt(int)
                0x0000000000006d2c                arduino::ZephyrSPI::usingInterrupt(int)
 .text._ZN7arduino9ZephyrSPI15attachInterruptEv
                0x0000000000006d2e        0x2 /home/arduino/ArduinoApps/adafruit-ili9341-graphics-test/.cache/sketch/libraries/SPI/SPI.cpp.o
                0x0000000000006d2e                arduino::ZephyrSPI::begin()
                0x0000000000006d2e                arduino::ZephyrSPI::attachInterrupt()
                0x0000000000006d2e                arduino::ZephyrSPI::end()
                0x0000000000006d2e                arduino::ZephyrSPI::detachInterrupt()
 .text._ZN7arduino9ZephyrSPID2Ev
                0x0000000000006d30        0x2 /home/arduino/ArduinoApps/adafruit-ili9341-graphics-test/.cache/sketch/libraries/SPI/SPI.cpp.o
                0x0000000000006d30                arduino::ZephyrSPI::~ZephyrSPI()
                0x0000000000006d30                arduino::ZephyrSPI::~ZephyrSPI()
 *fill*         0x0000000000006d32        0x2 
 .text._ZN7arduino9ZephyrSPI16beginTransactionENS_11SPISettingsE
                0x0000000000006d34       0x80 /home/arduino/ArduinoApps/adafruit-ili9341-graphics-test/.cache/sketch/libraries/SPI/SPI.cpp.o
                0x0000000000006d34                arduino::ZephyrSPI::beginTransaction(arduino::SPISettings)
 .text._ZN7arduino9ZephyrSPID0Ev
                0x0000000000006db4       0x14 /home/arduino/ArduinoApps/adafruit-ili9341-graphics-test/.cache/sketch/libraries/SPI/SPI.cpp.o
                0x0000000000006db4                arduino::ZephyrSPI::~ZephyrSPI()
 .text._ZN7arduino9ZephyrSPI14endTransactionEv
                0x0000000000006dc8        0xc /home/arduino/ArduinoApps/adafruit-ili9341-graphics-test/.cache/sketch/libraries/SPI/SPI.cpp.o
                0x0000000000006dc8                arduino::ZephyrSPI::endTransaction()
 .text._ZN7arduino9ZephyrSPI8transferEPvjPK10spi_config
                0x0000000000006dd4       0x2e /home/arduino/ArduinoApps/adafruit-ili9341-graphics-test/.cache/sketch/libraries/SPI/SPI.cpp.o
                0x0000000000006dd4                arduino::ZephyrSPI::transfer(void*, unsigned int, spi_config const*)
 *fill*         0x0000000000006e02        0x2 
 .text._ZN7arduino9ZephyrSPI8transferEh
                0x0000000000006e04       0x28 /home/arduino/ArduinoApps/adafruit-ili9341-graphics-test/.cache/sketch/libraries/SPI/SPI.cpp.o
                0x0000000000006e04                arduino::ZephyrSPI::transfer(unsigned char)
 .text._ZN7arduino9ZephyrSPI10transfer16Et
                0x0000000000006e2c       0x28 /home/arduino/ArduinoApps/adafruit-ili9341-graphics-test/.cache/sketch/libraries/SPI/SPI.cpp.o
                0x0000000000006e2c                arduino::ZephyrSPI::transfer16(unsigned short)
 .text._ZN7arduino9ZephyrSPI8transferEPvj
                0x0000000000006e54       0x14 /home/arduino/ArduinoApps/adafruit-ili9341-graphics-test/.cache/sketch/libraries/SPI/SPI.cpp.o
                0x0000000000006e54                arduino::ZephyrSPI::transfer(void*, unsigned int)
 .text._GLOBAL__sub_I__ZN7arduino9ZephyrSPIC2EPK6device
                0x0000000000006e68       0x34 /home/arduino/ArduinoApps/adafruit-ili9341-graphics-test/.cache/sketch/libraries/SPI/SPI.cpp.o
 .text._ZN7arduino9ZephyrI2C5writeEi
                0x0000000000006e9c        0x8 /home/arduino/ArduinoApps/adafruit-ili9341-graphics-test/.cache/sketch/libraries/Wire/Wire.cpp.o
                0x0000000000006e9c                arduino::ZephyrI2C::write(int)
 .text._ZN7arduino9ZephyrI2C5beginEv
                0x0000000000006ea4        0x2 /home/arduino/ArduinoApps/adafruit-ili9341-graphics-test/.cache/sketch/libraries/Wire/Wire.cpp.o
                0x0000000000006ea4                arduino::ZephyrI2C::flush()
                0x0000000000006ea4                arduino::ZephyrI2C::begin()
 .text._ZN7arduino9ZephyrI2C15endTransmissionEv
                0x0000000000006ea6        0x8 /home/arduino/ArduinoApps/adafruit-ili9341-graphics-test/.cache/sketch/libraries/Wire/Wire.cpp.o
                0x0000000000006ea6                arduino::ZephyrI2C::endTransmission()
 .text._ZN7arduino9ZephyrI2C11requestFromEhj
                0x0000000000006eae       0x10 /home/arduino/ArduinoApps/adafruit-ili9341-graphics-test/.cache/sketch/libraries/Wire/Wire.cpp.o
                0x0000000000006eae                arduino::ZephyrI2C::requestFrom(unsigned char, unsigned int)
 .text._ZN7arduino9ZephyrI2C9availableEv
                0x0000000000006ebe        0xe /home/arduino/ArduinoApps/adafruit-ili9341-graphics-test/.cache/sketch/libraries/Wire/Wire.cpp.o
                0x0000000000006ebe                arduino::ZephyrI2C::available()
 .text._ZN7arduino9ZephyrI2C9onReceiveEPFviE
                0x0000000000006ecc        0x6 /home/arduino/ArduinoApps/adafruit-ili9341-graphics-test/.cache/sketch/libraries/Wire/Wire.cpp.o
                0x0000000000006ecc                arduino::ZephyrI2C::onReceive(void (*)(int))
 .text._ZN7arduino9ZephyrI2C9onRequestEPFvvE
                0x0000000000006ed2        0x6 /home/arduino/ArduinoApps/adafruit-ili9341-graphics-test/.cache/sketch/libraries/Wire/Wire.cpp.o
                0x0000000000006ed2                arduino::ZephyrI2C::onRequest(void (*)())
 .text._ZN7arduino9ZephyrI2C5writeEh
                0x0000000000006ed8       0x1c /home/arduino/ArduinoApps/adafruit-ili9341-graphics-test/.cache/sketch/libraries/Wire/Wire.cpp.o
                0x0000000000006ed8                arduino::ZephyrI2C::write(unsigned char)
 .text._ZN7arduino9ZephyrI2C5writeEPKhj
                0x0000000000006ef4        0xc /home/arduino/ArduinoApps/adafruit-ili9341-graphics-test/.cache/sketch/libraries/Wire/Wire.cpp.o
                0x0000000000006ef4                arduino::ZephyrI2C::write(unsigned char const*, unsigned int)
 .text._ZN7arduino9ZephyrI2C4readEv
                0x0000000000006f00       0x28 /home/arduino/ArduinoApps/adafruit-ili9341-graphics-test/.cache/sketch/libraries/Wire/Wire.cpp.o
                0x0000000000006f00                arduino::ZephyrI2C::read()
 .text._ZL28i2c_target_read_processed_cbP17i2c_target_configPh
                0x0000000000006f28       0x18 /home/arduino/ArduinoApps/adafruit-ili9341-graphics-test/.cache/sketch/libraries/Wire/Wire.cpp.o
 .text._ZN7arduino9ZephyrI2C4peekEv
                0x0000000000006f40       0x28 /home/arduino/ArduinoApps/adafruit-ili9341-graphics-test/.cache/sketch/libraries/Wire/Wire.cpp.o
                0x0000000000006f40                arduino::ZephyrI2C::peek()
 .text._ZN7arduino9ZephyrI2C3endEv
                0x0000000000006f68       0x24 /home/arduino/ArduinoApps/adafruit-ili9341-graphics-test/.cache/sketch/libraries/Wire/Wire.cpp.o
                0x0000000000006f68                arduino::ZephyrI2C::end()
 .text._ZN7arduino9ZephyrI2C5beginEh
                0x0000000000006f8c       0x20 /home/arduino/ArduinoApps/adafruit-ili9341-graphics-test/.cache/sketch/libraries/Wire/Wire.cpp.o
                0x0000000000006f8c                arduino::ZephyrI2C::begin(unsigned char)
 .text._ZN7arduino9ZephyrI2C8setClockEj
                0x0000000000006fac       0x3c /home/arduino/ArduinoApps/adafruit-ili9341-graphics-test/.cache/sketch/libraries/Wire/Wire.cpp.o
                0x0000000000006fac                arduino::ZephyrI2C::setClock(unsigned int)
 .text._ZN7arduino9ZephyrI2C15endTransmissionEb
                0x0000000000006fe8       0x74 /home/arduino/ArduinoApps/adafruit-ili9341-graphics-test/.cache/sketch/libraries/Wire/Wire.cpp.o
                0x0000000000006fe8                arduino::ZephyrI2C::endTransmission(bool)
 .text._ZN7arduino9ZephyrI2C11requestFromEhjb
                0x000000000000705c       0x98 /home/arduino/ArduinoApps/adafruit-ili9341-graphics-test/.cache/sketch/libraries/Wire/Wire.cpp.o
                0x000000000000705c                arduino::ZephyrI2C::requestFrom(unsigned char, unsigned int, bool)
 .text._ZL29i2c_target_write_requested_cbP17i2c_target_config
                0x00000000000070f4        0xe /home/arduino/ArduinoApps/adafruit-ili9341-graphics-test/.cache/sketch/libraries/Wire/Wire.cpp.o
 .text._ZN7arduino9ZephyrI2C17beginTransmissionEh
                0x0000000000007102       0x14 /home/arduino/ArduinoApps/adafruit-ili9341-graphics-test/.cache/sketch/libraries/Wire/Wire.cpp.o
                0x0000000000007102                arduino::ZephyrI2C::beginTransmission(unsigned char)
 *fill*         0x0000000000007116        0x2 
 .text._ZN7arduino9ZephyrI2CC2EPK6device
                0x0000000000007118       0x4c /home/arduino/ArduinoApps/adafruit-ili9341-graphics-test/.cache/sketch/libraries/Wire/Wire.cpp.o
                0x0000000000007118                arduino::ZephyrI2C::ZephyrI2C(device const*)
                0x0000000000007118                arduino::ZephyrI2C::ZephyrI2C(device const*)
 .text._ZN7arduino9ZephyrI2C21writeReceivedCallbackEP17i2c_target_configh
                0x0000000000007164       0x44 /home/arduino/ArduinoApps/adafruit-ili9341-graphics-test/.cache/sketch/libraries/Wire/Wire.cpp.o
                0x0000000000007164                arduino::ZephyrI2C::writeReceivedCallback(i2c_target_config*, unsigned char)
 .text._ZL28i2c_target_write_received_cbP17i2c_target_configh
                0x00000000000071a8       0x10 /home/arduino/ArduinoApps/adafruit-ili9341-graphics-test/.cache/sketch/libraries/Wire/Wire.cpp.o
 .text._ZN7arduino9ZephyrI2C21readRequestedCallbackEP17i2c_target_configPh
                0x00000000000071b8       0x30 /home/arduino/ArduinoApps/adafruit-ili9341-graphics-test/.cache/sketch/libraries/Wire/Wire.cpp.o
                0x00000000000071b8                arduino::ZephyrI2C::readRequestedCallback(i2c_target_config*, unsigned char*)
 .text._ZL28i2c_target_read_requested_cbP17i2c_target_configPh
                0x00000000000071e8       0x10 /home/arduino/ArduinoApps/adafruit-ili9341-graphics-test/.cache/sketch/libraries/Wire/Wire.cpp.o
 .text._ZN7arduino9ZephyrI2C12stopCallbackEP17i2c_target_config
                0x00000000000071f8       0x1c /home/arduino/ArduinoApps/adafruit-ili9341-graphics-test/.cache/sketch/libraries/Wire/Wire.cpp.o
                0x00000000000071f8                arduino::ZephyrI2C::stopCallback(i2c_target_config*)
 .text._ZL18i2c_target_stop_cbP17i2c_target_config
                0x0000000000007214        0xc /home/arduino/ArduinoApps/adafruit-ili9341-graphics-test/.cache/sketch/libraries/Wire/Wire.cpp.o
 .text._GLOBAL__sub_I__ZN7arduino9ZephyrI2CC2EPK6device
                0x0000000000007220       0x28 /home/arduino/ArduinoApps/adafruit-ili9341-graphics-test/.cache/sketch/libraries/Wire/Wire.cpp.o
 .text._ZSt20__throw_length_errorPKc
                0x0000000000007248        0x2 /home/arduino/ArduinoApps/adafruit-ili9341-graphics-test/.cache/sketch/core/core.a(abi.cpp.o)
                0x0000000000007248                std::__throw_length_error(char const*)
 .text._ZSt17__throw_bad_allocv
                0x000000000000724a        0x2 /home/arduino/ArduinoApps/adafruit-ili9341-graphics-test/.cache/sketch/core/core.a(abi.cpp.o)
                0x000000000000724a                std::__throw_bad_alloc()
 .text.__cxa_pure_virtual
                0x000000000000724c        0x2 /home/arduino/ArduinoApps/adafruit-ili9341-graphics-test/.cache/sketch/core/core.a(abi.cpp.o)
                0x000000000000724c                __cxa_pure_virtual
 .text.atexit   0x000000000000724e        0x4 /home/arduino/ArduinoApps/adafruit-ili9341-graphics-test/.cache/sketch/core/core.a(abi.cpp.o)
                0x000000000000724e                atexit
 .text.strcmp   0x0000000000007252       0x16 /home/arduino/ArduinoApps/adafruit-ili9341-graphics-test/.cache/sketch/core/core.a(abi.cpp.o)
                0x0000000000007252                strcmp
 .text._ZN7arduino5Print5writeEPKhj
                0x0000000000007268       0x2c /home/arduino/ArduinoApps/adafruit-ili9341-graphics-test/.cache/sketch/core/core.a(Print.cpp.o)
                0x0000000000007268                arduino::Print::write(unsigned char const*, unsigned int)
 .text._ZN7arduino5Print5writeEPKc
                0x0000000000007294       0x24 /home/arduino/ArduinoApps/adafruit-ili9341-graphics-test/.cache/sketch/core/core.a(Print.cpp.o)
                0x0000000000007294                arduino::Print::write(char const*)
 .text._ZN7arduino5Print5printEPKNS_19__FlashStringHelperE
                0x00000000000072b8        0xc /home/arduino/ArduinoApps/adafruit-ili9341-graphics-test/.cache/sketch/core/core.a(Print.cpp.o)
                0x00000000000072b8                arduino::Print::print(arduino::__FlashStringHelper const*)
 .text._ZN7arduino5Print5printEPKc
                0x00000000000072c4        0xc /home/arduino/ArduinoApps/adafruit-ili9341-graphics-test/.cache/sketch/core/core.a(Print.cpp.o)
                0x00000000000072c4                arduino::Print::print(char const*)
 .text._ZN7arduino5Print5printEc
                0x00000000000072d0        0x6 /home/arduino/ArduinoApps/adafruit-ili9341-graphics-test/.cache/sketch/core/core.a(Print.cpp.o)
                0x00000000000072d0                arduino::Print::print(char)
 *fill*         0x00000000000072d6        0x2 
 .text._ZN7arduino5Print7printlnEv
                0x00000000000072d8       0x14 /home/arduino/ArduinoApps/adafruit-ili9341-graphics-test/.cache/sketch/core/core.a(Print.cpp.o)
                0x00000000000072d8                arduino::Print::println()
 .text._ZN7arduino5Print7printlnEPKNS_19__FlashStringHelperE
                0x00000000000072ec       0x1c /home/arduino/ArduinoApps/adafruit-ili9341-graphics-test/.cache/sketch/core/core.a(Print.cpp.o)
                0x00000000000072ec                arduino::Print::println(arduino::__FlashStringHelper const*)
 .text._ZN7arduino5Print7printlnEPKc
                0x0000000000007308        0x8 /home/arduino/ArduinoApps/adafruit-ili9341-graphics-test/.cache/sketch/core/core.a(Print.cpp.o)
                0x0000000000007308                arduino::Print::println(char const*)
 .text._ZN7arduino5Print11printNumberEmh
                0x0000000000007310       0x40 /home/arduino/ArduinoApps/adafruit-ili9341-graphics-test/.cache/sketch/core/core.a(Print.cpp.o)
                0x0000000000007310                arduino::Print::printNumber(unsigned long, unsigned char)
 .text._ZN7arduino5Print5printEmi
                0x0000000000007350       0x20 /home/arduino/ArduinoApps/adafruit-ili9341-graphics-test/.cache/sketch/core/core.a(Print.cpp.o)
                0x0000000000007350                arduino::Print::print(unsigned long, int)
 .text._ZN7arduino5Print7printlnEhi
                0x0000000000007370       0x1c /home/arduino/ArduinoApps/adafruit-ili9341-graphics-test/.cache/sketch/core/core.a(Print.cpp.o)
                0x0000000000007370                arduino::Print::println(unsigned char, int)
 .text._ZN7arduino5Print7printlnEji
                0x000000000000738c       0x1c /home/arduino/ArduinoApps/adafruit-ili9341-graphics-test/.cache/sketch/core/core.a(Print.cpp.o)
                0x000000000000738c                arduino::Print::println(unsigned int, int)
 .text._ZN7arduino5Print7printlnEmi
                0x00000000000073a8       0x1c /home/arduino/ArduinoApps/adafruit-ili9341-graphics-test/.cache/sketch/core/core.a(Print.cpp.o)
                0x00000000000073a8                arduino::Print::println(unsigned long, int)
 .text._ZN7arduino5Print10printFloatEdi
                0x00000000000073c4      0x1b4 /home/arduino/ArduinoApps/adafruit-ili9341-graphics-test/.cache/sketch/core/core.a(Print.cpp.o)
                0x00000000000073c4                arduino::Print::printFloat(double, int)
 .text._ZN7arduino5Print7printlnEdi
                0x0000000000007578       0x1c /home/arduino/ArduinoApps/adafruit-ili9341-graphics-test/.cache/sketch/core/core.a(Print.cpp.o)
                0x0000000000007578                arduino::Print::println(double, int)
 .text._ZN7arduino6Stream9timedReadEv
                0x0000000000007594       0x2c /home/arduino/ArduinoApps/adafruit-ili9341-graphics-test/.cache/sketch/core/core.a(Stream.cpp.o)
                0x0000000000007594                arduino::Stream::timedRead()
 .text._ZN7arduino6Stream10setTimeoutEm
                0x00000000000075c0        0x4 /home/arduino/ArduinoApps/adafruit-ili9341-graphics-test/.cache/sketch/core/core.a(Stream.cpp.o)
                0x00000000000075c0                arduino::Stream::setTimeout(unsigned long)
 .text._ZN7arduino6Stream9readBytesEPcj
                0x00000000000075c4       0x2c /home/arduino/ArduinoApps/adafruit-ili9341-graphics-test/.cache/sketch/core/core.a(Stream.cpp.o)
                0x00000000000075c4                arduino::Stream::readBytes(char*, unsigned int)
 .text._ZN7arduino6StringC2EOS0_
                0x00000000000075f0       0x16 /home/arduino/ArduinoApps/adafruit-ili9341-graphics-test/.cache/sketch/core/core.a(String.cpp.o)
                0x00000000000075f0                arduino::String::String(arduino::String&&)
                0x00000000000075f0                arduino::String::String(arduino::String&&)
 *fill*         0x0000000000007606        0x2 
 .text._ZN7arduino6StringD2Ev
                0x0000000000007608       0x14 /home/arduino/ArduinoApps/adafruit-ili9341-graphics-test/.cache/sketch/core/core.a(String.cpp.o)
                0x0000000000007608                arduino::String::~String()
                0x0000000000007608                arduino::String::~String()
 .text._ZN7arduino6String10invalidateEv
                0x000000000000761c       0x1c /home/arduino/ArduinoApps/adafruit-ili9341-graphics-test/.cache/sketch/core/core.a(String.cpp.o)
                0x000000000000761c                arduino::String::invalidate()
 .text._ZN7arduino6String12changeBufferEj
                0x0000000000007638       0x1c /home/arduino/ArduinoApps/adafruit-ili9341-graphics-test/.cache/sketch/core/core.a(String.cpp.o)
                0x0000000000007638                arduino::String::changeBuffer(unsigned int)
 .text._ZN7arduino6String7reserveEj
                0x0000000000007654       0x28 /home/arduino/ArduinoApps/adafruit-ili9341-graphics-test/.cache/sketch/core/core.a(String.cpp.o)
                0x0000000000007654                arduino::String::reserve(unsigned int)
 .text._ZN7arduino6String4copyEPKcj
                0x000000000000767c       0x3c /home/arduino/ArduinoApps/adafruit-ili9341-graphics-test/.cache/sketch/core/core.a(String.cpp.o)
                0x000000000000767c                arduino::String::copy(char const*, unsigned int)
 .text._ZN7arduino6StringC2EPKc
                0x00000000000076b8       0x2c /home/arduino/ArduinoApps/adafruit-ili9341-graphics-test/.cache/sketch/core/core.a(String.cpp.o)
                0x00000000000076b8                arduino::String::String(char const*)
                0x00000000000076b8                arduino::String::String(char const*)
 .text._ZN7arduino6String4moveERS0_
                0x00000000000076e4       0x2c /home/arduino/ArduinoApps/adafruit-ili9341-graphics-test/.cache/sketch/core/core.a(String.cpp.o)
                0x00000000000076e4                arduino::String::move(arduino::String&)
 .text._ZN7arduino6StringaSERKS0_
                0x0000000000007710       0x28 /home/arduino/ArduinoApps/adafruit-ili9341-graphics-test/.cache/sketch/core/core.a(String.cpp.o)
                0x0000000000007710                arduino::String::operator=(arduino::String const&)
 .text._ZN7arduino6StringC2ERKS0_
                0x0000000000007738       0x18 /home/arduino/ArduinoApps/adafruit-ili9341-graphics-test/.cache/sketch/core/core.a(String.cpp.o)
                0x0000000000007738                arduino::String::String(arduino::String const&)
                0x0000000000007738                arduino::String::String(arduino::String const&)
 .text._ZN7arduino6StringaSEOS0_
                0x0000000000007750       0x10 /home/arduino/ArduinoApps/adafruit-ili9341-graphics-test/.cache/sketch/core/core.a(String.cpp.o)