Archive member included to satisfy reference by file (symbol)

/home/arduino/ArduinoApps/bridge-speed-test/.cache/sketch/core/core.a(abi.cpp.o)
                              /home/arduino/ArduinoApps/bridge-speed-test/.cache/sketch/sketch/sketch.ino.cpp.o (std::__throw_length_error(char const*))
/home/arduino/ArduinoApps/bridge-speed-test/.cache/sketch/core/core.a(Print.cpp.o)
                              /home/arduino/ArduinoApps/bridge-speed-test/.cache/sketch/sketch/sketch.ino.cpp.o (arduino::Print::print(char const*))
/home/arduino/ArduinoApps/bridge-speed-test/.cache/sketch/core/core.a(Stream.cpp.o)
                              /home/arduino/ArduinoApps/bridge-speed-test/.cache/sketch/sketch/sketch.ino.cpp.o (arduino::Stream::setTimeout(unsigned long))
/home/arduino/ArduinoApps/bridge-speed-test/.cache/sketch/core/core.a(String.cpp.o)
                              /home/arduino/ArduinoApps/bridge-speed-test/.cache/sketch/sketch/sketch.ino.cpp.o (arduino::String::String(arduino::String&&))
/home/arduino/ArduinoApps/bridge-speed-test/.cache/sketch/core/core.a(itoa.cpp.o)
                              /home/arduino/ArduinoApps/bridge-speed-test/.cache/sketch/core/core.a(String.cpp.o) (dtostrf)
/home/arduino/ArduinoApps/bridge-speed-test/.cache/sketch/core/core.a(main.cpp.o)
                              (main)
/home/arduino/ArduinoApps/bridge-speed-test/.cache/sketch/core/core.a(new.cpp.o)
                              /home/arduino/ArduinoApps/bridge-speed-test/.cache/sketch/sketch/sketch.ino.cpp.o (operator new(unsigned int))
/home/arduino/ArduinoApps/bridge-speed-test/.cache/sketch/core/core.a(threads.cpp.o)
                              /home/arduino/ArduinoApps/bridge-speed-test/.cache/sketch/core/core.a(main.cpp.o) (start_static_threads())
/home/arduino/ArduinoApps/bridge-speed-test/.cache/sketch/core/core.a(zephyrCommon.cpp.o)
                              /home/arduino/ArduinoApps/bridge-speed-test/.cache/sketch/sketch/sketch.ino.cpp.o (delay)
/home/arduino/ArduinoApps/bridge-speed-test/.cache/sketch/core/core.a(zephyrSerial.cpp.o)
                              /home/arduino/ArduinoApps/bridge-speed-test/.cache/sketch/sketch/sketch.ino.cpp.o (Serial1)
/home/arduino/ArduinoApps/bridge-speed-test/.cache/sketch/core/core.a(Common.cpp.o)
                              /home/arduino/ArduinoApps/bridge-speed-test/.cache/sketch/core/core.a(zephyrCommon.cpp.o) (map(long, long, long, long, long))

Discarded input sections

 .group         0x0000000000000000        0x8 /home/arduino/ArduinoApps/bridge-speed-test/.cache/sketch/sketch/sketch.ino.cpp.o
 .group         0x0000000000000000        0x8 /home/arduino/ArduinoApps/bridge-speed-test/.cache/sketch/sketch/sketch.ino.cpp.o
 .group         0x0000000000000000        0x8 /home/arduino/ArduinoApps/bridge-speed-test/.cache/sketch/sketch/sketch.ino.cpp.o
 .group         0x0000000000000000        0x8 /home/arduino/ArduinoApps/bridge-speed-test/.cache/sketch/sketch/sketch.ino.cpp.o
 .group         0x0000000000000000       0x10 /home/arduino/ArduinoApps/bridge-speed-test/.cache/sketch/sketch/sketch.ino.cpp.o
 .group         0x0000000000000000        0x8 /home/arduino/ArduinoApps/bridge-speed-test/.cache/sketch/sketch/sketch.ino.cpp.o
 .group         0x0000000000000000       0x24 /home/arduino/ArduinoApps/bridge-speed-test/.cache/sketch/sketch/sketch.ino.cpp.o
 .group         0x0000000000000000        0xc /home/arduino/ArduinoApps/bridge-speed-test/.cache/sketch/sketch/sketch.ino.cpp.o
 .group         0x0000000000000000        0xc /home/arduino/ArduinoApps/bridge-speed-test/.cache/sketch/sketch/sketch.ino.cpp.o
 .group         0x0000000000000000        0xc /home/arduino/ArduinoApps/bridge-speed-test/.cache/sketch/sketch/sketch.ino.cpp.o
 .group         0x0000000000000000        0x8 /home/arduino/ArduinoApps/bridge-speed-test/.cache/sketch/sketch/sketch.ino.cpp.o
 .group         0x0000000000000000        0xc /home/arduino/ArduinoApps/bridge-speed-test/.cache/sketch/sketch/sketch.ino.cpp.o
 .group         0x0000000000000000        0xc /home/arduino/ArduinoApps/bridge-speed-test/.cache/sketch/sketch/sketch.ino.cpp.o
 .group         0x0000000000000000        0x8 /home/arduino/ArduinoApps/bridge-speed-test/.cache/sketch/sketch/sketch.ino.cpp.o
 .group         0x0000000000000000       0x14 /home/arduino/ArduinoApps/bridge-speed-test/.cache/sketch/sketch/sketch.ino.cpp.o
 .group         0x0000000000000000        0x8 /home/arduino/ArduinoApps/bridge-speed-test/.cache/sketch/sketch/sketch.ino.cpp.o
 .group         0x0000000000000000        0x8 /home/arduino/ArduinoApps/bridge-speed-test/.cache/sketch/sketch/sketch.ino.cpp.o
 .group         0x0000000000000000        0x8 /home/arduino/ArduinoApps/bridge-speed-test/.cache/sketch/sketch/sketch.ino.cpp.o
 .group         0x0000000000000000        0xc /home/arduino/ArduinoApps/bridge-speed-test/.cache/sketch/sketch/sketch.ino.cpp.o
[...]
Memory Configuration

Name             Origin             Length             Attributes
*default*        0x0000000000000000 0xffffffffffffffff

Linker script and memory map

LOAD /home/arduino/.arduino15/packages/zephyr/tools/arm-zephyr-eabi/0.16.8/bin/../lib/gcc/../../picolibc/arm-zephyr-eabi/lib/thumb/v8-m.main+fp/hard/libstdc++.a
LOAD /home/arduino/.arduino15/packages/zephyr/tools/arm-zephyr-eabi/0.16.8/bin/../lib/gcc/../../picolibc/arm-zephyr-eabi/lib/thumb/v8-m.main+fp/hard/libsupc++.a
LOAD /home/arduino/.arduino15/packages/zephyr/tools/arm-zephyr-eabi/0.16.8/bin/../lib/gcc/arm-zephyr-eabi/12.2.0/../../../../arm-zephyr-eabi/lib/thumb/v8-m.main+fp/hard/libnosys.a
LOAD /home/arduino/ArduinoApps/bridge-speed-test/.cache/sketch/sketch/sketch.ino.cpp.o
LOAD /home/arduino/ArduinoApps/bridge-speed-test/.cache/sketch/core/analogReference.cpp.o
START GROUP
LOAD /home/arduino/ArduinoApps/bridge-speed-test/.cache/sketch/core/core.a
LOAD /home/arduino/.arduino15/packages/zephyr/tools/arm-zephyr-eabi/0.16.8/bin/../lib/gcc/../../picolibc/arm-zephyr-eabi/lib/thumb/v8-m.main+fp/hard/libstdc++.a
LOAD /home/arduino/.arduino15/packages/zephyr/tools/arm-zephyr-eabi/0.16.8/bin/../lib/gcc/../../picolibc/arm-zephyr-eabi/lib/thumb/v8-m.main+fp/hard/libsupc++.a
END GROUP

/DISCARD/
 *(.ARM.attributes)
 *(.ARM.attributes.*)
 *(.ARM.exidx)
 *(.ARM.exidx.*)
 *(.ARM.extidx)
 *(.ARM.extidx.*)
 *(.ARM.extab)
 *(.ARM.extab.*)
 *(.comment)
 *(.comment.*)
 *(.llvmbc)
 *(.llvmcmd)
 *(.eh_frame)
 *stdexcept.o()
 *eh_*.o()
 *cow-stdexcept.o()
 *functexcept.o()
 *cow-string-inst.o()

.text           0x0000000000000000     0x46e0
 *(.text)
 *(.stub)
 *(.text*)
 .text._ZN7arduino5Print17availableForWriteEv
                0x0000000000000000        0x4 /home/arduino/ArduinoApps/bridge-speed-test/.cache/sketch/sketch/sketch.ino.cpp.o
                0x0000000000000000                arduino::Print::availableForWrite()
 .text._ZN7arduino5Print5flushEv
                0x0000000000000004        0x2 /home/arduino/ArduinoApps/bridge-speed-test/.cache/sketch/sketch/sketch.ino.cpp.o
                0x0000000000000004                arduino::Print::flush()
 .text._ZN15SerialTransport9availableEv
                0x0000000000000006       0x12 /home/arduino/ArduinoApps/bridge-speed-test/.cache/sketch/sketch/sketch.ino.cpp.o
                0x0000000000000006                SerialTransport::available()
 .text._ZN15SerialTransport5writeEPKhj
                0x0000000000000018       0x10 /home/arduino/ArduinoApps/bridge-speed-test/.cache/sketch/sketch/sketch.ino.cpp.o
                0x0000000000000018                SerialTransport::write(unsigned char const*, unsigned int)
 .text._ZN15SerialTransportD2Ev
                0x0000000000000028        0x2 /home/arduino/ArduinoApps/bridge-speed-test/.cache/sketch/sketch/sketch.ino.cpp.o
                0x0000000000000028                SerialTransport::~SerialTransport()
                0x0000000000000028                SerialTransport::~SerialTransport()
 .text._ZN13BridgeMonitorILj512EE5writeEh
                0x000000000000002a       0x18 /home/arduino/ArduinoApps/bridge-speed-test/.cache/sketch/sketch/sketch.ino.cpp.o
                0x000000000000002a                BridgeMonitor<512u>::write(unsigned char)
 *fill*         0x0000000000000042        0x2 
 .text.k_yield  0x0000000000000044        0x8 /home/arduino/ArduinoApps/bridge-speed-test/.cache/sketch/sketch/sketch.ino.cpp.o
 .text.__tcf_1  0x000000000000004c       0x10 /home/arduino/ArduinoApps/bridge-speed-test/.cache/sketch/sketch/sketch.ino.cpp.o
 .text._Z4pingv
                0x000000000000005c       0x18 /home/arduino/ArduinoApps/bridge-speed-test/.cache/sketch/sketch/sketch.ino.cpp.o
                0x000000000000005c                ping()
 .text._ZN15SerialTransportD0Ev
                0x0000000000000074       0x14 /home/arduino/ArduinoApps/bridge-speed-test/.cache/sketch/sketch/sketch.ino.cpp.o
                0x0000000000000074                SerialTransport::~SerialTransport()
 .text._ZN15SerialTransport4readEPhj
                0x0000000000000088       0x28 /home/arduino/ArduinoApps/bridge-speed-test/.cache/sketch/sketch/sketch.ino.cpp.o
                0x0000000000000088                SerialTransport::read(unsigned char*, unsigned int)
 .text._ZN15SerialTransport9read_byteERh
                0x00000000000000b0       0x20 /home/arduino/ArduinoApps/bridge-speed-test/.cache/sketch/sketch/sketch.ino.cpp.o
                0x00000000000000b0                SerialTransport::read_byte(unsigned char&)
 .text.k_mutex_lock
                0x00000000000000d0        0x8 /home/arduino/ArduinoApps/bridge-speed-test/.cache/sketch/sketch/sketch.ino.cpp.o
 .text._ZNSt17_Function_handlerIFN7arduino6StringEvEPS2_E10_M_managerERSt9_Any_dataRKS5_St18_Manager_operation
                0x00000000000000d8       0x30 /home/arduino/ArduinoApps/bridge-speed-test/.cache/sketch/sketch/sketch.ino.cpp.o
                0x00000000000000d8                std::_Function_handler<arduino::String (), arduino::String (*)()>::_M_manager(std::_Any_data&, std::_Any_data const&, std::_Manager_operation)
 .text._ZNSt17_Function_handlerIFN7arduino6StringEvEPS2_E9_M_invokeERKSt9_Any_data
                0x0000000000000108        0xc /home/arduino/ArduinoApps/bridge-speed-test/.cache/sketch/sketch/sketch.ino.cpp.o
                0x0000000000000108                std::_Function_handler<arduino::String (), arduino::String (*)()>::_M_invoke(std::_Any_data const&)
 .text._ZSt14__relocate_a_1IhhENSt9enable_ifIXsrSt24__is_bitwise_relocatableIT_vE5valueEPS2_E4typeES4_S4_S4_RSaIT0_E.isra.0
                0x0000000000000114       0x20 /home/arduino/ArduinoApps/bridge-speed-test/.cache/sketch/sketch/sketch.ino.cpp.o
 .text._ZNSt12_Vector_baseIhSaIhEE11_M_allocateEj.isra.0
                0x0000000000000134       0x20 /home/arduino/ArduinoApps/bridge-speed-test/.cache/sketch/sketch/sketch.ino.cpp.o
 .text.k_mutex_unlock.isra.0
                0x0000000000000154        0x8 /home/arduino/ArduinoApps/bridge-speed-test/.cache/sketch/sketch/sketch.ino.cpp.o
 .text._ZN13BridgeMonitorILj512EE4readEv
                0x000000000000015c       0x64 /home/arduino/ArduinoApps/bridge-speed-test/.cache/sketch/sketch/sketch.ino.cpp.o
                0x000000000000015c                BridgeMonitor<512u>::read()
 .text._ZN13BridgeMonitorILj512EE4peekEv
                0x00000000000001c0       0x44 /home/arduino/ArduinoApps/bridge-speed-test/.cache/sketch/sketch/sketch.ino.cpp.o
                0x00000000000001c0                BridgeMonitor<512u>::peek()
 .text.k_msleep.constprop.0.isra.0
                0x0000000000000204        0xc /home/arduino/ArduinoApps/bridge-speed-test/.cache/sketch/sketch/sketch.ino.cpp.o
 .text._ZNSt14_Function_baseD2Ev
                0x0000000000000210       0x12 /home/arduino/ArduinoApps/bridge-speed-test/.cache/sketch/sketch/sketch.ino.cpp.o
                0x0000000000000210                std::_Function_base::~_Function_base()
                0x0000000000000210                std::_Function_base::~_Function_base()
 *fill*         0x0000000000000222        0x2 
 .text._ZN18RpcFunctionWrapperISt8functionIFN7arduino6StringEvEEED2Ev
                0x0000000000000224       0x1c /home/arduino/ArduinoApps/bridge-speed-test/.cache/sketch/sketch/sketch.ino.cpp.o
                0x0000000000000224                RpcFunctionWrapper<std::function<arduino::String ()> >::~RpcFunctionWrapper()
                0x0000000000000224                RpcFunctionWrapper<std::function<arduino::String ()> >::~RpcFunctionWrapper()
 .text._ZN18RpcFunctionWrapperISt8functionIFN7arduino6StringEvEEED0Ev
                0x0000000000000240       0x1c /home/arduino/ArduinoApps/bridge-speed-test/.cache/sketch/sketch/sketch.ino.cpp.o
                0x0000000000000240                RpcFunctionWrapper<std::function<arduino::String ()> >::~RpcFunctionWrapper()
 .text._ZN7arduino7msgpack8Unpacker11deserializeEv
                0x000000000000025c       0x16 /home/arduino/ArduinoApps/bridge-speed-test/.cache/sketch/sketch/sketch.ino.cpp.o
                0x000000000000025c                arduino::msgpack::Unpacker::deserialize()
 .text._ZN7arduino7msgpack8Unpacker5clearEv
                0x0000000000000272       0x14 /home/arduino/ArduinoApps/bridge-speed-test/.cache/sketch/sketch/sketch.ino.cpp.o
                0x0000000000000272                arduino::msgpack::Unpacker::clear()
 .text._ZNK7arduino7msgpack8Unpacker13getRawBytePtrEjj
                0x0000000000000286       0x1e /home/arduino/ArduinoApps/bridge-speed-test/.cache/sketch/sketch/sketch.ino.cpp.o
                0x0000000000000286                arduino::msgpack::Unpacker::getRawBytePtr(unsigned int, unsigned int) const
 .text._ZN8RpcErrorC2Ev
                0x00000000000002a4       0x2c /home/arduino/ArduinoApps/bridge-speed-test/.cache/sketch/sketch/sketch.ino.cpp.o
                0x00000000000002a4                RpcError::RpcError()
                0x00000000000002a4                RpcError::RpcError()
 .text._ZN7arduino7msgpack8UnpackerC2Ev
                0x00000000000002d0       0x10 /home/arduino/ArduinoApps/bridge-speed-test/.cache/sketch/sketch/sketch.ino.cpp.o
                0x00000000000002d0                arduino::msgpack::Unpacker::Unpacker()
                0x00000000000002d0                arduino::msgpack::Unpacker::Unpacker()
 .text._ZN10RPCRequestILj256EEC2Ev
                0x00000000000002e0       0x4c /home/arduino/ArduinoApps/bridge-speed-test/.cache/sketch/sketch/sketch.ino.cpp.o
                0x00000000000002e0                RPCRequest<256u>::RPCRequest()
                0x00000000000002e0                RPCRequest<256u>::RPCRequest()
 .text.loop     0x000000000000032c        0xc /home/arduino/ArduinoApps/bridge-speed-test/.cache/sketch/sketch/sketch.ino.cpp.o
                0x000000000000032c                loop
 .text._ZNSt12_Vector_baseIhSaIhEED2Ev
                0x0000000000000338       0x18 /home/arduino/ArduinoApps/bridge-speed-test/.cache/sketch/sketch/sketch.ino.cpp.o
                0x0000000000000338                std::_Vector_base<unsigned char, std::allocator<unsigned char> >::~_Vector_base()
                0x0000000000000338                std::_Vector_base<unsigned char, std::allocator<unsigned char> >::~_Vector_base()
 .text.__tcf_3  0x0000000000000350       0x14 /home/arduino/ArduinoApps/bridge-speed-test/.cache/sketch/sketch/sketch.ino.cpp.o
 .text.__tcf_2  0x0000000000000364       0x14 /home/arduino/ArduinoApps/bridge-speed-test/.cache/sketch/sketch/sketch.ino.cpp.o
 .text._ZNSt6vectorIhSaIhEE14_M_move_assignEOS1_St17integral_constantIbLb1EE.isra.0
                0x0000000000000378       0x34 /home/arduino/ArduinoApps/bridge-speed-test/.cache/sketch/sketch/sketch.ino.cpp.o
 .text._ZNK7arduino7msgpack8Unpacker11getRawBytesIhEET_jj
                0x00000000000003ac       0x1e /home/arduino/ArduinoApps/bridge-speed-test/.cache/sketch/sketch/sketch.ino.cpp.o
                0x00000000000003ac                unsigned char arduino::msgpack::Unpacker::getRawBytes<unsigned char>(unsigned int, unsigned int) const
 *fill*         0x00000000000003ca        0x2 
 .text._ZNK7arduino7msgpack8Unpacker7getTypeEj
                0x00000000000003cc       0x58 /home/arduino/ArduinoApps/bridge-speed-test/.cache/sketch/sketch/sketch.ino.cpp.o
                0x00000000000003cc                arduino::msgpack::Unpacker::getType(unsigned int) const
 .text._ZNK7arduino7msgpack8Unpacker7getTypeEv
                0x0000000000000424       0x10 /home/arduino/ArduinoApps/bridge-speed-test/.cache/sketch/sketch/sketch.ino.cpp.o
                0x0000000000000424                arduino::msgpack::Unpacker::getType() const
 .text._ZN7arduino7msgpack8Unpacker11unpackInt32Ev
                0x0000000000000434       0x58 /home/arduino/ArduinoApps/bridge-speed-test/.cache/sketch/sketch/sketch.ino.cpp.o
                0x0000000000000434                arduino::msgpack::Unpacker::unpackInt32()
 .text._ZN7arduino7msgpack8Unpacker11unpackInt64Ev
                0x000000000000048c       0x60 /home/arduino/ArduinoApps/bridge-speed-test/.cache/sketch/sketch/sketch.ino.cpp.o
                0x000000000000048c                arduino::msgpack::Unpacker::unpackInt64()
 .text._ZN7arduino7msgpack8Unpacker9unpackNilEv
                0x00000000000004ec       0x3c /home/arduino/ArduinoApps/bridge-speed-test/.cache/sketch/sketch/sketch.ino.cpp.o
                0x00000000000004ec                arduino::msgpack::Unpacker::unpackNil()
 .text._ZNK7arduino7msgpack8Unpacker7isArrayEv
                0x0000000000000528       0x20 /home/arduino/ArduinoApps/bridge-speed-test/.cache/sketch/sketch/sketch.ino.cpp.o
                0x0000000000000528                arduino::msgpack::Unpacker::isArray() const
 .text._ZNK7arduino7msgpack8Unpacker5isMapEv
                0x0000000000000548       0x20 /home/arduino/ArduinoApps/bridge-speed-test/.cache/sketch/sketch/sketch.ino.cpp.o
                0x0000000000000548                arduino::msgpack::Unpacker::isMap() const
 .text._ZNK7arduino7msgpack8Unpacker5isIntEv
                0x0000000000000568       0x20 /home/arduino/ArduinoApps/bridge-speed-test/.cache/sketch/sketch/sketch.ino.cpp.o
                0x0000000000000568                arduino::msgpack::Unpacker::isInt() const
 .text._ZNK7arduino7msgpack8Unpacker6isUIntEv
                0x0000000000000588       0x20 /home/arduino/ArduinoApps/bridge-speed-test/.cache/sketch/sketch/sketch.ino.cpp.o
                0x0000000000000588                arduino::msgpack::Unpacker::isUInt() const
 .text._ZN7arduino7msgpack8Unpacker11unpackInt16Ev
                0x00000000000005a8       0x4c /home/arduino/ArduinoApps/bridge-speed-test/.cache/sketch/sketch/sketch.ino.cpp.o
                0x00000000000005a8                arduino::msgpack::Unpacker::unpackInt16()
 .text._ZN7arduino7msgpack8Unpacker13unpackFloat32Ev
                0x00000000000005f4       0x60 /home/arduino/ArduinoApps/bridge-speed-test/.cache/sketch/sketch/sketch.ino.cpp.o
                0x00000000000005f4                arduino::msgpack::Unpacker::unpackFloat32()
 *fill*         0x0000000000000654        0x4 
 .text._ZN7arduino7msgpack8Unpacker13unpackFloat64Ev
                0x0000000000000658       0x6c /home/arduino/ArduinoApps/bridge-speed-test/.cache/sketch/sketch/sketch.ino.cpp.o
                0x0000000000000658                arduino::msgpack::Unpacker::unpackFloat64()
 .text._ZN7arduino7msgpack8Unpacker10unpackInt5Ev
                0x00000000000006c4       0x4c /home/arduino/ArduinoApps/bridge-speed-test/.cache/sketch/sketch/sketch.ino.cpp.o
                0x00000000000006c4                arduino::msgpack::Unpacker::unpackInt5()
 .text._ZN7arduino7msgpack8Unpacker11unpackUInt7Ev
                0x0000000000000710       0x48 /home/arduino/ArduinoApps/bridge-speed-test/.cache/sketch/sketch/sketch.ino.cpp.o
                0x0000000000000710                arduino::msgpack::Unpacker::unpackUInt7()
 .text._ZN7arduino7msgpack8Unpacker11unpackUInt8Ev
                0x0000000000000758       0x48 /home/arduino/ArduinoApps/bridge-speed-test/.cache/sketch/sketch/sketch.ino.cpp.o
                0x0000000000000758                arduino::msgpack::Unpacker::unpackUInt8()
 .text._ZNK7arduino7msgpack8Unpacker11getRawBytesItEET_jj
                0x00000000000007a0       0x26 /home/arduino/ArduinoApps/bridge-speed-test/.cache/sketch/sketch/sketch.ino.cpp.o
                0x00000000000007a0                unsigned short arduino::msgpack::Unpacker::getRawBytes<unsigned short>(unsigned int, unsigned int) const
 *fill*         0x00000000000007c6        0x2 
 .text._ZN7arduino7msgpack8Unpacker12unpackUInt16Ev
                0x00000000000007c8       0x48 /home/arduino/ArduinoApps/bridge-speed-test/.cache/sketch/sketch/sketch.ino.cpp.o
                0x00000000000007c8                arduino::msgpack::Unpacker::unpackUInt16()
 .text._ZNK7arduino7msgpack8Unpacker11getRawBytesIjEET_jj
                0x0000000000000810       0x34 /home/arduino/ArduinoApps/bridge-speed-test/.cache/sketch/sketch/sketch.ino.cpp.o
                0x0000000000000810                unsigned int arduino::msgpack::Unpacker::getRawBytes<unsigned int>(unsigned int, unsigned int) const
 .text._ZNK7arduino7msgpack8Unpacker14getElementSizeEj
                0x0000000000000844      0x11c /home/arduino/ArduinoApps/bridge-speed-test/.cache/sketch/sketch/sketch.ino.cpp.o
                0x0000000000000844                arduino::msgpack::Unpacker::getElementSize(unsigned int) const
 .text._ZN7arduino7msgpack8Unpacker15unpackArraySizeEv
                0x0000000000000960       0x78 /home/arduino/ArduinoApps/bridge-speed-test/.cache/sketch/sketch/sketch.ino.cpp.o
                0x0000000000000960                arduino::msgpack::Unpacker::unpackArraySize()
 .text._ZN7arduino7msgpack8Unpacker11deserializeINS0_4type9ArraySizeEJEEEbRT_DpOT0_.isra.0
                0x00000000000009d8       0x40 /home/arduino/ArduinoApps/bridge-speed-test/.cache/sketch/sketch/sketch.ino.cpp.o
 .text._ZN7arduino7msgpack8Unpacker12unpackUInt32Ev
                0x0000000000000a18       0x48 /home/arduino/ArduinoApps/bridge-speed-test/.cache/sketch/sketch/sketch.ino.cpp.o
                0x0000000000000a18                arduino::msgpack::Unpacker::unpackUInt32()
 .text._ZN7arduino7msgpack8Unpacker13unpackMapSizeEv
                0x0000000000000a60       0x78 /home/arduino/ArduinoApps/bridge-speed-test/.cache/sketch/sketch/sketch.ino.cpp.o
                0x0000000000000a60                arduino::msgpack::Unpacker::unpackMapSize()
 .text._ZNK7arduino7msgpack8Unpacker11getRawBytesIyEET_jj
                0x0000000000000ad8       0x3a /home/arduino/ArduinoApps/bridge-speed-test/.cache/sketch/sketch/sketch.ino.cpp.o
                0x0000000000000ad8                unsigned long long arduino::msgpack::Unpacker::getRawBytes<unsigned long long>(unsigned int, unsigned int) const
 *fill*         0x0000000000000b12        0x2 
 .text._ZN7arduino7msgpack8Unpacker12unpackUInt64Ev
                0x0000000000000b14       0x4c /home/arduino/ArduinoApps/bridge-speed-test/.cache/sketch/sketch/sketch.ino.cpp.o
                0x0000000000000b14                arduino::msgpack::Unpacker::unpackUInt64()
 .text._ZNK7arduino7msgpack8Unpacker11getRawBytesIaEET_jj
                0x0000000000000b60       0x1e /home/arduino/ArduinoApps/bridge-speed-test/.cache/sketch/sketch/sketch.ino.cpp.o
                0x0000000000000b60                signed char arduino::msgpack::Unpacker::getRawBytes<signed char>(unsigned int, unsigned int) const
 *fill*         0x0000000000000b7e        0x2 
 .text._ZN7arduino7msgpack8Unpacker10unpackInt8Ev
                0x0000000000000b80       0x48 /home/arduino/ArduinoApps/bridge-speed-test/.cache/sketch/sketch/sketch.ino.cpp.o
                0x0000000000000b80                arduino::msgpack::Unpacker::unpackInt8()
 .text._ZNK7arduino7msgpack8Unpacker13isTimestamp32Ev
                0x0000000000000bc8       0x2c /home/arduino/ArduinoApps/bridge-speed-test/.cache/sketch/sketch/sketch.ino.cpp.o
                0x0000000000000bc8                arduino::msgpack::Unpacker::isTimestamp32() const
 .text._ZNK7arduino7msgpack8Unpacker13isTimestamp64Ev
                0x0000000000000bf4       0x2c /home/arduino/ArduinoApps/bridge-speed-test/.cache/sketch/sketch/sketch.ino.cpp.o
                0x0000000000000bf4                arduino::msgpack::Unpacker::isTimestamp64() const
 .text._ZNK7arduino7msgpack8Unpacker13isTimestamp96Ev
                0x0000000000000c20       0x40 /home/arduino/ArduinoApps/bridge-speed-test/.cache/sketch/sketch/sketch.ino.cpp.o
                0x0000000000000c20                arduino::msgpack::Unpacker::isTimestamp96() const
 .text._ZNK7arduino7msgpack8Unpacker11getRawBytesIcEET_jj
                0x0000000000000c60       0x1e /home/arduino/ArduinoApps/bridge-speed-test/.cache/sketch/sketch/sketch.ino.cpp.o
                0x0000000000000c60                char arduino::msgpack::Unpacker::getRawBytes<char>(unsigned int, unsigned int) const
 *fill*         0x0000000000000c7e        0x2 
 .text._ZN7arduino7msgpack8Unpacker11deserializeINS0_6object5nil_tEJEEEbRT_DpOT0_
                0x0000000000000c80       0x40 /home/arduino/ArduinoApps/bridge-speed-test/.cache/sketch/sketch/sketch.ino.cpp.o
                0x0000000000000c80                bool arduino::msgpack::Unpacker::deserialize<arduino::msgpack::object::nil_t>(arduino::msgpack::object::nil_t&)
 .text._ZN7arduino7msgpack8Unpacker11deserializeIbJEEEbRT_DpOT0_
                0x0000000000000cc0       0x68 /home/arduino/ArduinoApps/bridge-speed-test/.cache/sketch/sketch/sketch.ino.cpp.o
                0x0000000000000cc0                bool arduino::msgpack::Unpacker::deserialize<bool>(bool&)
 .text._ZN7arduino7msgpack8Unpacker11deserializeINS_6StringEJEEEbRT_DpOT0_
                0x0000000000000d28      0x174 /home/arduino/ArduinoApps/bridge-speed-test/.cache/sketch/sketch/sketch.ino.cpp.o
                0x0000000000000d28                bool arduino::msgpack::Unpacker::deserialize<arduino::String>(arduino::String&)
 .text._ZN7arduino7msgpack8Unpacker11deserializeINS0_6object8timespecEJEEEbRT_DpOT0_
                0x0000000000000e9c       0xc4 /home/arduino/ArduinoApps/bridge-speed-test/.cache/sketch/sketch/sketch.ino.cpp.o
                0x0000000000000e9c                bool arduino::msgpack::Unpacker::deserialize<arduino::msgpack::object::timespec>(arduino::msgpack::object::timespec&)
 .text._ZN17RpcDecoderManagerILj3EE10getDecoderER10ITransport
                0x0000000000000f60       0x74 /home/arduino/ArduinoApps/bridge-speed-test/.cache/sketch/sketch/sketch.ino.cpp.o
                0x0000000000000f60                RpcDecoderManager<3u>::getDecoder(ITransport&)
 .text._ZNSt12_Vector_baseIjSaIjEED2Ev
                0x0000000000000fd4       0x18 /home/arduino/ArduinoApps/bridge-speed-test/.cache/sketch/sketch/sketch.ino.cpp.o
                0x0000000000000fd4                std::_Vector_base<unsigned int, std::allocator<unsigned int> >::~_Vector_base()
                0x0000000000000fd4                std::_Vector_base<unsigned int, std::allocator<unsigned int> >::~_Vector_base()
 .text._ZN10RPCRequestILj256EED2Ev
                0x0000000000000fec       0x2c /home/arduino/ArduinoApps/bridge-speed-test/.cache/sketch/sketch/sketch.ino.cpp.o
                0x0000000000000fec                RPCRequest<256u>::~RPCRequest()
                0x0000000000000fec                RPCRequest<256u>::~RPCRequest()
 .text._ZNSt6vectorIjSaIjEE17_M_realloc_insertIJRjEEEvN9__gnu_cxx17__normal_iteratorIPjS1_EEDpOT_
                0x0000000000001018       0xdc /home/arduino/ArduinoApps/bridge-speed-test/.cache/sketch/sketch/sketch.ino.cpp.o
                0x0000000000001018                void std::vector<unsigned int, std::allocator<unsigned int> >::_M_realloc_insert<unsigned int&>(__gnu_cxx::__normal_iterator<unsigned int*, std::vector<unsigned int, std::allocator<unsigned int> > >, unsigned int&)
 .text._ZN7arduino7msgpack8Unpacker4feedEPKhj
                0x00000000000010f4       0x78 /home/arduino/ArduinoApps/bridge-speed-test/.cache/sketch/sketch/sketch.ino.cpp.o
                0x00000000000010f4                arduino::msgpack::Unpacker::feed(unsigned char const*, unsigned int)
 .text._ZNKSt6vectorIhSaIhEE12_M_check_lenEjPKc
                0x000000000000116c       0x38 /home/arduino/ArduinoApps/bridge-speed-test/.cache/sketch/sketch/sketch.ino.cpp.o
                0x000000000000116c                std::vector<unsigned char, std::allocator<unsigned char> >::_M_check_len(unsigned int, char const*) const
 .text._ZNSt6vectorIhSaIhEE12emplace_backIJRKhEEERhDpOT_.isra.0
                0x00000000000011a4       0x90 /home/arduino/ArduinoApps/bridge-speed-test/.cache/sketch/sketch/sketch.ino.cpp.o
 .text._ZNSt6vectorIhSaIhEE12emplace_backIJhEEERhDpOT_.isra.0
                0x0000000000001234       0x90 /home/arduino/ArduinoApps/bridge-speed-test/.cache/sketch/sketch/sketch.ino.cpp.o
 .text._ZN7arduino7msgpack8Unpacker11deserializeISt6vectorIhSaIhEEJEEEbRT_DpOT0_
                0x00000000000012c4      0x13c /home/arduino/ArduinoApps/bridge-speed-test/.cache/sketch/sketch/sketch.ino.cpp.o
                0x00000000000012c4                bool arduino::msgpack::Unpacker::deserialize<std::vector<unsigned char, std::allocator<unsigned char> >>(std::vector<unsigned char, std::allocator<unsigned char> >&)
 .text._ZN7arduino7msgpack6Packer11packRawByteERKNS0_4TypeE.isra.0
                0x0000000000001400       0x18 /home/arduino/ArduinoApps/bridge-speed-test/.cache/sketch/sketch/sketch.ino.cpp.o
 .text._ZN7arduino7msgpack6Packer9packUInt8Eh
                0x0000000000001418       0x2c /home/arduino/ArduinoApps/bridge-speed-test/.cache/sketch/sketch/sketch.ino.cpp.o
                0x0000000000001418                arduino::msgpack::Packer::packUInt8(unsigned char)
 .text._ZNSt6vectorIhSaIhEE12emplace_backIJRhEEES3_DpOT_.isra.0
                0x0000000000001444       0x90 /home/arduino/ArduinoApps/bridge-speed-test/.cache/sketch/sketch/sketch.ino.cpp.o
 .text._ZN7arduino7msgpack6Packer15packRawReversedIjEEvRKT_
                0x00000000000014d4       0x1c /home/arduino/ArduinoApps/bridge-speed-test/.cache/sketch/sketch/sketch.ino.cpp.o
                0x00000000000014d4                void arduino::msgpack::Packer::packRawReversed<unsigned int>(unsigned int const&)
 .text._ZN7arduino7msgpack6Packer10packUInt32Ej
                0x00000000000014f0       0x28 /home/arduino/ArduinoApps/bridge-speed-test/.cache/sketch/sketch/sketch.ino.cpp.o
                0x00000000000014f0                arduino::msgpack::Packer::packUInt32(unsigned int)
 .text._ZN7arduino7msgpack6Packer15packRawReversedItEEvRKT_
                0x0000000000001518       0x1c /home/arduino/ArduinoApps/bridge-speed-test/.cache/sketch/sketch/sketch.ino.cpp.o
                0x0000000000001518                void arduino::msgpack::Packer::packRawReversed<unsigned short>(unsigned short const&)
 .text._ZN7arduino7msgpack6Packer13packArraySizeEj
                0x0000000000001534       0x58 /home/arduino/ArduinoApps/bridge-speed-test/.cache/sketch/sketch/sketch.ino.cpp.o
                0x0000000000001534                arduino::msgpack::Packer::packArraySize(unsigned int)
 .text._ZN7arduino7msgpack6Packer10packUInt16Et
                0x000000000000158c       0x2c /home/arduino/ArduinoApps/bridge-speed-test/.cache/sketch/sketch/sketch.ino.cpp.o
                0x000000000000158c                arduino::msgpack::Packer::packUInt16(unsigned short)
 .text._ZN7arduino7msgpack6Packer11packIntegerIjEENSt9enable_ifIXaaaaaasrSt13is_arithmeticIT_E5valuesrSt11is_integralIS5_E5valuentsrSt7is_sameIS5_bE5valuentsrS9_INSt9remove_cvIS5_E4typeEPcE5valueEvE4typeERKS5_.isra.0
                0x00000000000015b8       0x50 /home/arduino/ArduinoApps/bridge-speed-test/.cache/sketch/sketch/sketch.ino.cpp.o
 .text._ZN7arduino7msgpack6Packer11packIntegerIiEENSt9enable_ifIXaaaaaasrSt13is_arithmeticIT_E5valuesrSt11is_integralIS5_E5valuentsrSt7is_sameIS5_bE5valuentsrS9_INSt9remove_cvIS5_E4typeEPcE5valueEvE4typeERKS5_.isra.0
                0x0000000000001608       0xb8 /home/arduino/ArduinoApps/bridge-speed-test/.cache/sketch/sketch/sketch.ino.cpp.o
 .text._ZN7arduino7msgpack6Packer12packRawBytesEPKcj
                0x00000000000016c0       0x9c /home/arduino/ArduinoApps/bridge-speed-test/.cache/sketch/sketch/sketch.ino.cpp.o
                0x00000000000016c0                arduino::msgpack::Packer::packRawBytes(char const*, unsigned int)
 .text._ZN7arduino7msgpack6Packer4packERKNS_6StringE
                0x000000000000175c       0x7c /home/arduino/ArduinoApps/bridge-speed-test/.cache/sketch/sketch/sketch.ino.cpp.o
                0x000000000000175c                arduino::msgpack::Packer::pack(arduino::String const&)
 .text._ZN7arduino7msgpack6Packer9serializeIJRKiRjRKNS_6StringEEEEvRKNS0_4type9ArraySizeEDpOT_.isra.0
                0x00000000000017d8       0x38 /home/arduino/ArduinoApps/bridge-speed-test/.cache/sketch/sketch/sketch.ino.cpp.o
 .text._ZN7arduino7msgpack6Packer9serializeI8RpcErrorJRNS0_6object5nil_tEEEENSt9enable_ifIXoooontsrSt10is_pointerIT_E5valuesrSt7is_sameIS9_PKcE5valuesrSB_IS9_PKNS_19__FlashStringHelperEE5valueEvE4typeERKS9_DpOT0_.isra.0
                0x0000000000001810       0x40 /home/arduino/ArduinoApps/bridge-speed-test/.cache/sketch/sketch/sketch.ino.cpp.o
 .text._ZN18RpcFunctionWrapperISt8functionIFN7arduino6StringEvEEEclERNS1_7msgpack8UnpackerERNS6_6PackerE
                0x0000000000001850       0xb4 /home/arduino/ArduinoApps/bridge-speed-test/.cache/sketch/sketch/sketch.ino.cpp.o
                0x0000000000001850                RpcFunctionWrapper<std::function<arduino::String ()> >::operator()(arduino::msgpack::Unpacker&, arduino::msgpack::Packer&)
 .text._ZN7arduino7msgpack8Unpacker9unpackIntIiEENSt9enable_ifIXaaaaaaaasrSt13is_arithmeticIT_E5valuesrSt11is_integralIS5_E5valuentsrSt7is_sameIS5_bE5valuentsrS9_INSt9remove_cvIS5_E4typeEPcE5valuesrSt9is_signedIS5_E5valueES5_E4typeEv
                0x0000000000001904       0xd0 /home/arduino/ArduinoApps/bridge-speed-test/.cache/sketch/sketch/sketch.ino.cpp.o
                0x0000000000001904                std::enable_if<(((std::is_arithmetic<int>::value&&std::is_integral<int>::value)&&(!std::is_same<int, bool>::value))&&(!std::is_same<std::remove_cv<int>::type, char*>::value))&&std::is_signed<int>::value, int>::type arduino::msgpack::Unpacker::unpackInt<int>()
 .text._ZN7arduino7msgpack8Unpacker11deserializeIiJEEEbRT_DpOT0_
                0x00000000000019d4       0x40 /home/arduino/ArduinoApps/bridge-speed-test/.cache/sketch/sketch/sketch.ino.cpp.o
                0x00000000000019d4                bool arduino::msgpack::Unpacker::deserialize<int>(int&)
 .text._ZN7arduino7msgpack8Unpacker11unpackFloatIfEENSt9enable_ifIXaasrSt13is_arithmeticIT_E5valuesrSt17is_floating_pointIS5_E5valueES5_E4typeEv
                0x0000000000001a14      0x118 /home/arduino/ArduinoApps/bridge-speed-test/.cache/sketch/sketch/sketch.ino.cpp.o
                0x0000000000001a14                std::enable_if<std::is_arithmetic<float>::value&&std::is_floating_point<float>::value, float>::type arduino::msgpack::Unpacker::unpackFloat<float>()
 *fill*         0x0000000000001b2c        0x4 
 .text._ZN7arduino7msgpack8Unpacker11unpackFloatIdEENSt9enable_ifIXaasrSt13is_arithmeticIT_E5valuesrSt17is_floating_pointIS5_E5valueES5_E4typeEv
                0x0000000000001b30      0x118 /home/arduino/ArduinoApps/bridge-speed-test/.cache/sketch/sketch/sketch.ino.cpp.o
                0x0000000000001b30                std::enable_if<std::is_arithmetic<double>::value&&std::is_floating_point<double>::value, double>::type arduino::msgpack::Unpacker::unpackFloat<double>()
 .text._ZN7arduino7msgpack8Unpacker11deserializeINS0_4type9ArraySizeEJRiEEEbRT_DpOT0_
                0x0000000000001c48       0x44 /home/arduino/ArduinoApps/bridge-speed-test/.cache/sketch/sketch/sketch.ino.cpp.o
                0x0000000000001c48                bool arduino::msgpack::Unpacker::deserialize<arduino::msgpack::type::ArraySize, int&>(arduino::msgpack::type::ArraySize&, int&)
 .text._ZNK10RpcDecoderILj1024EE4sendEPKhj
                0x0000000000001c8c       0x22 /home/arduino/ArduinoApps/bridge-speed-test/.cache/sketch/sketch/sketch.ino.cpp.o
                0x0000000000001c8c                RpcDecoder<1024u>::send(unsigned char const*, unsigned int) const
 *fill*         0x0000000000001cae        0x2 
 .text._ZN9RPCClient8send_rpcIJRKN7arduino6StringEEEEbS4_RjDpOT_.isra.0
                0x0000000000001cb0       0x84 /home/arduino/ArduinoApps/bridge-speed-test/.cache/sketch/sketch/sketch.ino.cpp.o
 .text._ZN9RPCClient8send_rpcIJEEEbRKN7arduino6StringERjDpOT_.isra.0
                0x0000000000001d34       0x74 /home/arduino/ArduinoApps/bridge-speed-test/.cache/sketch/sketch/sketch.ino.cpp.o
 .text._ZN9RPCClient8send_rpcIJRKjEEEbRKN7arduino6StringERjDpOT_.isra.0
                0x0000000000001da8       0x84 /home/arduino/ArduinoApps/bridge-speed-test/.cache/sketch/sketch/sketch.ino.cpp.o
 .text._ZNK9RPCServer13send_responseILj256EEEbRK10RPCRequestIXT_EE.isra.0
                0x0000000000001e2c       0x24 /home/arduino/ArduinoApps/bridge-speed-test/.cache/sketch/sketch/sketch.ino.cpp.o
 .text._ZN10RpcDecoderILj1024EE7consumeEjj
                0x0000000000001e50       0x36 /home/arduino/ArduinoApps/bridge-speed-test/.cache/sketch/sketch/sketch.ino.cpp.o
                0x0000000000001e50                RpcDecoder<1024u>::consume(unsigned int, unsigned int)
 *fill*         0x0000000000001e86        0x2 
 .text._ZN10RpcDecoderILj1024EE7discardEv
                0x0000000000001e88       0x2c /home/arduino/ArduinoApps/bridge-speed-test/.cache/sketch/sketch/sketch.ino.cpp.o
                0x0000000000001e88                RpcDecoder<1024u>::discard()
 .text._ZN7arduino7msgpack8Unpacker11deserializeI8RpcErrorJRNS0_6object5nil_tEEEEbRT_DpOT0_
                0x0000000000001eb4       0x90 /home/arduino/ArduinoApps/bridge-speed-test/.cache/sketch/sketch/sketch.ino.cpp.o
                0x0000000000001eb4                bool arduino::msgpack::Unpacker::deserialize<RpcError, arduino::msgpack::object::nil_t&>(RpcError&, arduino::msgpack::object::nil_t&)
 .text._Z4wrapIRFN7arduino6StringEvESt8functionIS2_EEP18RpcFunctionWrapperIT0_EOT_
                0x0000000000001f44       0x6c /home/arduino/ArduinoApps/bridge-speed-test/.cache/sketch/sketch/sketch.ino.cpp.o
                0x0000000000001f44                RpcFunctionWrapper<std::function<arduino::String ()> >* wrap<arduino::String (&)(), std::function<arduino::String ()> >(arduino::String (&)())
 .text._ZN9RPCServer4bindIRFN7arduino6StringEvEEEbRKS2_OT_S2_
                0x0000000000001fb0       0xb8 /home/arduino/ArduinoApps/bridge-speed-test/.cache/sketch/sketch/sketch.ino.cpp.o
                0x0000000000001fb0                bool RPCServer::bind<arduino::String (&)()>(arduino::String const&, arduino::String (&)(), arduino::String)
 .text._ZN7arduino7msgpack8Unpacker10unpackUIntIjEENSt9enable_ifIXaaaaaaaasrSt13is_arithmeticIT_E5valuesrSt11is_integralIS5_E5valuentsrSt7is_sameIS5_bE5valuentsrS9_INSt9remove_cvIS5_E4typeEPcE5valuentsrSt9is_signedIS5_E5valueES5_E4typeEv
                0x0000000000002068       0x80 /home/arduino/ArduinoApps/bridge-speed-test/.cache/sketch/sketch/sketch.ino.cpp.o
                0x0000000000002068                std::enable_if<(((std::is_arithmetic<unsigned int>::value&&std::is_integral<unsigned int>::value)&&(!std::is_same<unsigned int, bool>::value))&&(!std::is_same<std::remove_cv<unsigned int>::type, char*>::value))&&(!std::is_signed<unsigned int>::value), unsigned int>::type arduino::msgpack::Unpacker::unpackUInt<unsigned int>()
 .text._ZN7arduino7msgpack8Unpacker11deserializeIjJRNS_6StringEEEEbRT_DpOT0_
                0x00000000000020e8       0x44 /home/arduino/ArduinoApps/bridge-speed-test/.cache/sketch/sketch/sketch.ino.cpp.o
                0x00000000000020e8                bool arduino::msgpack::Unpacker::deserialize<unsigned int, arduino::String&>(unsigned int&, arduino::String&)
 .text._ZN10RpcDecoderILj1024EE16fetch_rpc_methodEv
                0x000000000000212c       0xe8 /home/arduino/ArduinoApps/bridge-speed-test/.cache/sketch/sketch/sketch.ino.cpp.o
                0x000000000000212c                RpcDecoder<1024u>::fetch_rpc_method()
 .text._ZN10RPCRequestILj256EE22unpack_request_headersEv
                0x0000000000002214       0xb8 /home/arduino/ArduinoApps/bridge-speed-test/.cache/sketch/sketch/sketch.ino.cpp.o
                0x0000000000002214                RPCRequest<256u>::unpack_request_headers()
 .text._ZN9RPCServer15process_requestILj256EEEvR10RPCRequestIXT_EE
                0x00000000000022cc      0x114 /home/arduino/ArduinoApps/bridge-speed-test/.cache/sketch/sketch/sketch.ino.cpp.o
                0x00000000000022cc                void RPCServer::process_request<256u>(RPCRequest<256u>&)
 .text._ZN7arduino7msgpack8Unpacker11deserializeIjJEEEbRT_DpOT0_
                0x00000000000023e0       0x40 /home/arduino/ArduinoApps/bridge-speed-test/.cache/sketch/sketch/sketch.ino.cpp.o
                0x00000000000023e0                bool arduino::msgpack::Unpacker::deserialize<unsigned int>(unsigned int&)
 .text._ZN7arduino7msgpack8Unpacker11deserializeINS0_4type9ArraySizeEJRiRjEEEbRT_DpOT0_
                0x0000000000002420       0x78 /home/arduino/ArduinoApps/bridge-speed-test/.cache/sketch/sketch/sketch.ino.cpp.o
                0x0000000000002420                bool arduino::msgpack::Unpacker::deserialize<arduino::msgpack::type::ArraySize, int&, unsigned int&>(arduino::msgpack::type::ArraySize&, int&, unsigned int&)
 .text._ZN10RpcDecoderILj1024EE12get_responseIN7arduino7msgpack6object5nil_tEEEbjRT_R8RpcError
                0x0000000000002498      0x168 /home/arduino/ArduinoApps/bridge-speed-test/.cache/sketch/sketch/sketch.ino.cpp.o
                0x0000000000002498                bool RpcDecoder<1024u>::get_response<arduino::msgpack::object::nil_t>(unsigned int, arduino::msgpack::object::nil_t&, RpcError&)
 .text._ZN10RpcDecoderILj1024EE12get_responseIbEEbjRT_R8RpcError
                0x0000000000002600      0x168 /home/arduino/ArduinoApps/bridge-speed-test/.cache/sketch/sketch/sketch.ino.cpp.o
                0x0000000000002600                bool RpcDecoder<1024u>::get_response<bool>(unsigned int, bool&, RpcError&)
 .text._ZNSt11__copy_moveILb0ELb1ESt26random_access_iterator_tagE8__copy_mIhEEPT_PKS3_S6_S4_
                0x0000000000002768       0x1c /home/arduino/ArduinoApps/bridge-speed-test/.cache/sketch/sketch/sketch.ino.cpp.o
                0x0000000000002768                unsigned char* std::__copy_move<false, true, std::random_access_iterator_tag>::__copy_m<unsigned char>(unsigned char const*, unsigned char const*, unsigned char*)
 .text._ZNSt11__copy_moveILb1ELb1ESt26random_access_iterator_tagE8__copy_mIhEEPT_PKS3_S6_S4_
                0x0000000000002784       0x1c /home/arduino/ArduinoApps/bridge-speed-test/.cache/sketch/sketch/sketch.ino.cpp.o
                0x0000000000002784                unsigned char* std::__copy_move<true, true, std::random_access_iterator_tag>::__copy_m<unsigned char>(unsigned char const*, unsigned char const*, unsigned char*)
 .text._ZN7arduino7msgpack6object3extC2EaPKhj
                0x00000000000027a0      0x104 /home/arduino/ArduinoApps/bridge-speed-test/.cache/sketch/sketch/sketch.ino.cpp.o
                0x00000000000027a0                arduino::msgpack::object::ext::ext(signed char, unsigned char const*, unsigned int)
                0x00000000000027a0                arduino::msgpack::object::ext::ext(signed char, unsigned char const*, unsigned int)
 .text._ZN7arduino7msgpack8Unpacker9unpackExtEv
                0x00000000000028a4      0x178 /home/arduino/ArduinoApps/bridge-speed-test/.cache/sketch/sketch/sketch.ino.cpp.o
                0x00000000000028a4                arduino::msgpack::Unpacker::unpackExt()
 .text._ZN8RpcUtils6detail12unpackObjectERN7arduino7msgpack8UnpackerE
                0x0000000000002a1c      0x294 /home/arduino/ArduinoApps/bridge-speed-test/.cache/sketch/sketch/sketch.ino.cpp.o
                0x0000000000002a1c                RpcUtils::detail::unpackObject(arduino::msgpack::Unpacker&)
 .text._ZN10RpcDecoderILj1024EE12parse_packetEv
                0x0000000000002cb0       0xf8 /home/arduino/ArduinoApps/bridge-speed-test/.cache/sketch/sketch/sketch.ino.cpp.o
                0x0000000000002cb0                RpcDecoder<1024u>::parse_packet()
 .text._ZN10RpcDecoderILj1024EE6decodeEv
                0x0000000000002da8       0x40 /home/arduino/ArduinoApps/bridge-speed-test/.cache/sketch/sketch/sketch.ino.cpp.o
                0x0000000000002da8                RpcDecoder<1024u>::decode()
 .text._ZN9RPCServer7get_rpcILj256EEEbR10RPCRequestIXT_EEN7arduino6StringE
                0x0000000000002de8       0xc4 /home/arduino/ArduinoApps/bridge-speed-test/.cache/sketch/sketch/sketch.ino.cpp.o
                0x0000000000002de8                bool RPCServer::get_rpc<256u>(RPCRequest<256u>&, arduino::String)
 .text._ZN11BridgeClass11update_safeEv
                0x0000000000002eac       0xb0 /home/arduino/ArduinoApps/bridge-speed-test/.cache/sketch/sketch/sketch.ino.cpp.o
                0x0000000000002eac                BridgeClass::update_safe()
 .text._Z10__loopHookv
                0x0000000000002f5c       0x20 /home/arduino/ArduinoApps/bridge-speed-test/.cache/sketch/sketch/sketch.ino.cpp.o
                0x0000000000002f5c                __loopHook()
 .text._ZN11BridgeClass6updateEv
                0x0000000000002f7c       0xb0 /home/arduino/ArduinoApps/bridge-speed-test/.cache/sketch/sketch/sketch.ino.cpp.o
                0x0000000000002f7c                BridgeClass::update()
 .text._Z16updateEntryPointPvS_S_
                0x000000000000302c       0x24 /home/arduino/ArduinoApps/bridge-speed-test/.cache/sketch/sketch/sketch.ino.cpp.o
                0x000000000000302c                updateEntryPoint(void*, void*, void*)
 .text._ZN9RPCClient12get_responseIN7arduino7msgpack6object5nil_tEEEbjRT_R8RpcError
                0x0000000000003050       0x40 /home/arduino/ArduinoApps/bridge-speed-test/.cache/sketch/sketch/sketch.ino.cpp.o
                0x0000000000003050                bool RPCClient::get_response<arduino::msgpack::object::nil_t>(unsigned int, arduino::msgpack::object::nil_t&, RpcError&)
 .text._ZN9RpcResultIJEED2Ev
                0x0000000000003090       0x9c /home/arduino/ArduinoApps/bridge-speed-test/.cache/sketch/sketch/sketch.ino.cpp.o
                0x0000000000003090                RpcResult<>::~RpcResult()
                0x0000000000003090                RpcResult<>::~RpcResult()
 .text._ZN9RPCClient12get_responseIbEEbjRT_R8RpcError
                0x000000000000312c       0x40 /home/arduino/ArduinoApps/bridge-speed-test/.cache/sketch/sketch/sketch.ino.cpp.o
                0x000000000000312c                bool RPCClient::get_response<bool>(unsigned int, bool&, RpcError&)
 .text._ZN9RpcResultIJEE6resultIbEEbRT_
                0x000000000000316c       0x90 /home/arduino/ArduinoApps/bridge-speed-test/.cache/sketch/sketch/sketch.ino.cpp.o
                0x000000000000316c                bool RpcResult<>::result<bool>(bool&)
 .text._ZN11BridgeClass5beginEm
                0x00000000000031fc      0x154 /home/arduino/ArduinoApps/bridge-speed-test/.cache/sketch/sketch/sketch.ino.cpp.o
                0x00000000000031fc                BridgeClass::begin(unsigned long)
 .text._ZN9RpcResultIJRKN7arduino6StringEEE6resultIbEEbRT_
                0x0000000000003350       0x90 /home/arduino/ArduinoApps/bridge-speed-test/.cache/sketch/sketch/sketch.ino.cpp.o
                0x0000000000003350                bool RpcResult<arduino::String const&>::result<bool>(bool&)
 .text._ZN11BridgeClass7provideIRFN7arduino6StringEvEEEbRKS2_OT_
                0x00000000000033e0      0x128 /home/arduino/ArduinoApps/bridge-speed-test/.cache/sketch/sketch/sketch.ino.cpp.o
                0x00000000000033e0                bool BridgeClass::provide<arduino::String (&)()>(arduino::String const&, arduino::String (&)())
 .text.setup    0x0000000000003508      0x120 /home/arduino/ArduinoApps/bridge-speed-test/.cache/sketch/sketch/sketch.ino.cpp.o
                0x0000000000003508                setup
 .text._ZN8RpcUtils6detail9unpackMapERN7arduino7msgpack8UnpackerERj
                0x0000000000003628       0x80 /home/arduino/ArduinoApps/bridge-speed-test/.cache/sketch/sketch/sketch.ino.cpp.o
                0x0000000000003628                RpcUtils::detail::unpackMap(arduino::msgpack::Unpacker&, unsigned int&)
 .text._ZN10RpcDecoderILj1024EE12get_responseIjEEbjRT_R8RpcError
                0x00000000000036a8      0x168 /home/arduino/ArduinoApps/bridge-speed-test/.cache/sketch/sketch/sketch.ino.cpp.o
                0x00000000000036a8                bool RpcDecoder<1024u>::get_response<unsigned int>(unsigned int, unsigned int&, RpcError&)
 .text._ZN9RpcResultIJRN7arduino6StringEEE6resultIjEEbRT_
                0x0000000000003810       0xbc /home/arduino/ArduinoApps/bridge-speed-test/.cache/sketch/sketch/sketch.ino.cpp.o
                0x0000000000003810                bool RpcResult<arduino::String&>::result<unsigned int>(unsigned int&)
 .text._ZN13BridgeMonitorILj512EE5writeEPKhj
                0x00000000000038cc      0x128 /home/arduino/ArduinoApps/bridge-speed-test/.cache/sketch/sketch/sketch.ino.cpp.o
                0x00000000000038cc                BridgeMonitor<512u>::write(unsigned char const*, unsigned int)
 .text._ZN10RpcDecoderILj1024EE12get_responseISt6vectorIhSaIhEEEEbjRT_R8RpcError
                0x00000000000039f4      0x168 /home/arduino/ArduinoApps/bridge-speed-test/.cache/sketch/sketch/sketch.ino.cpp.o
                0x00000000000039f4                bool RpcDecoder<1024u>::get_response<std::vector<unsigned char, std::allocator<unsigned char> > >(unsigned int, std::vector<unsigned char, std::allocator<unsigned char> >&, RpcError&)
 .text._ZN9RpcResultIJRjEE6resultISt6vectorIhSaIhEEEEbRT_
                0x0000000000003b5c       0xbc /home/arduino/ArduinoApps/bridge-speed-test/.cache/sketch/sketch/sketch.ino.cpp.o
                0x0000000000003b5c                bool RpcResult<unsigned int&>::result<std::vector<unsigned char, std::allocator<unsigned char> > >(std::vector<unsigned char, std::allocator<unsigned char> >&)
 .text._ZN13BridgeMonitorILj512EE5_readEj
                0x0000000000003c18      0x15c /home/arduino/ArduinoApps/bridge-speed-test/.cache/sketch/sketch/sketch.ino.cpp.o
                0x0000000000003c18                BridgeMonitor<512u>::_read(unsigned int)
 .text._ZN13BridgeMonitorILj512EE9availableEv
                0x0000000000003d74       0x44 /home/arduino/ArduinoApps/bridge-speed-test/.cache/sketch/sketch/sketch.ino.cpp.o
                0x0000000000003d74                BridgeMonitor<512u>::available()
 .text._GLOBAL__sub_I_Bridge
                0x0000000000003db8       0xd8 /home/arduino/ArduinoApps/bridge-speed-test/.cache/sketch/sketch/sketch.ino.cpp.o
 .text._GLOBAL__sub_D_Bridge
                0x0000000000003e90       0x2c /home/arduino/ArduinoApps/bridge-speed-test/.cache/sketch/sketch/sketch.ino.cpp.o
 .text._ZSt20__throw_length_errorPKc
                0x0000000000003ebc        0x2 /home/arduino/ArduinoApps/bridge-speed-test/.cache/sketch/core/core.a(abi.cpp.o)
                0x0000000000003ebc                std::__throw_length_error(char const*)
 .text._ZSt17__throw_bad_allocv
                0x0000000000003ebe        0x2 /home/arduino/ArduinoApps/bridge-speed-test/.cache/sketch/core/core.a(abi.cpp.o)
                0x0000000000003ebe                std::__throw_bad_alloc()
 .text._ZSt25__throw_bad_function_callv
                0x0000000000003ec0        0x2 /home/arduino/ArduinoApps/bridge-speed-test/.cache/sketch/core/core.a(abi.cpp.o)
                0x0000000000003ec0                std::__throw_bad_function_call()
 .text.atexit   0x0000000000003ec2        0x4 /home/arduino/ArduinoApps/bridge-speed-test/.cache/sketch/core/core.a(abi.cpp.o)
                0x0000000000003ec2                atexit
 .text.strcmp   0x0000000000003ec6       0x16 /home/arduino/ArduinoApps/bridge-speed-test/.cache/sketch/core/core.a(abi.cpp.o)
                0x0000000000003ec6                strcmp
 .text._ZN7arduino5Print5writeEPKc
                0x0000000000003edc       0x24 /home/arduino/ArduinoApps/bridge-speed-test/.cache/sketch/core/core.a(Print.cpp.o)
                0x0000000000003edc                arduino::Print::write(char const*)
 .text._ZN7arduino5Print5printEPKc
                0x0000000000003f00        0xc /home/arduino/ArduinoApps/bridge-speed-test/.cache/sketch/core/core.a(Print.cpp.o)
                0x0000000000003f00                arduino::Print::print(char const*)
 .text._ZN7arduino6Stream9timedReadEv
                0x0000000000003f0c       0x2c /home/arduino/ArduinoApps/bridge-speed-test/.cache/sketch/core/core.a(Stream.cpp.o)
                0x0000000000003f0c                arduino::Stream::timedRead()
 .text._ZN7arduino6Stream10setTimeoutEm
                0x0000000000003f38        0x4 /home/arduino/ArduinoApps/bridge-speed-test/.cache/sketch/core/core.a(Stream.cpp.o)
                0x0000000000003f38                arduino::Stream::setTimeout(unsigned long)
 .text._ZN7arduino6Stream9readBytesEPcj
                0x0000000000003f3c       0x2c /home/arduino/ArduinoApps/bridge-speed-test/.cache/sketch/core/core.a(Stream.cpp.o)
                0x0000000000003f3c                arduino::Stream::readBytes(char*, unsigned int)
 .text._ZN7arduino6StringC2EOS0_
                0x0000000000003f68       0x16 /home/arduino/ArduinoApps/bridge-speed-test/.cache/sketch/core/core.a(String.cpp.o)
                0x0000000000003f68                arduino::String::String(arduino::String&&)
                0x0000000000003f68                arduino::String::String(arduino::String&&)
 *fill*         0x0000000000003f7e        0x2 
 .text._ZN7arduino6StringD2Ev
                0x0000000000003f80       0x14 /home/arduino/ArduinoApps/bridge-speed-test/.cache/sketch/core/core.a(String.cpp.o)
                0x0000000000003f80                arduino::String::~String()
                0x0000000000003f80                arduino::String::~String()
 .text._ZN7arduino6String10invalidateEv
                0x0000000000003f94       0x1c /home/arduino/ArduinoApps/bridge-speed-test/.cache/sketch/core/core.a(String.cpp.o)
                0x0000000000003f94                arduino::String::invalidate()
 .text._ZN7arduino6String12changeBufferEj
                0x0000000000003fb0       0x1c /home/arduino/ArduinoApps/bridge-speed-test/.cache/sketch/core/core.a(String.cpp.o)
                0x0000000000003fb0                arduino::String::changeBuffer(unsigned int)
 .text._ZN7arduino6String7reserveEj
                0x0000000000003fcc       0x28 /home/arduino/ArduinoApps/bridge-speed-test/.cache/sketch/core/core.a(String.cpp.o)
                0x0000000000003fcc                arduino::String::reserve(unsigned int)
 .text._ZN7arduino6String4copyEPKcj
                0x0000000000003ff4       0x3c /home/arduino/ArduinoApps/bridge-speed-test/.cache/sketch/core/core.a(String.cpp.o)
                0x0000000000003ff4                arduino::String::copy(char const*, unsigned int)
 .text._ZN7arduino6StringC2EPKc
                0x0000000000004030       0x2c /home/arduino/ArduinoApps/bridge-speed-test/.cache/sketch/core/core.a(String.cpp.o)
                0x0000000000004030                arduino::String::String(char const*)
                0x0000000000004030                arduino::String::String(char const*)
 .text._ZN7arduino6String4moveERS0_
                0x000000000000405c       0x2c /home/arduino/ArduinoApps/bridge-speed-test/.cache/sketch/core/core.a(String.cpp.o)
                0x000000000000405c                arduino::String::move(arduino::String&)
 .text._ZN7arduino6StringaSERKS0_
                0x0000000000004088       0x28 /home/arduino/ArduinoApps/bridge-speed-test/.cache/sketch/core/core.a(String.cpp.o)
                0x0000000000004088                arduino::String::operator=(arduino::String const&)
 .text._ZN7arduino6StringC2ERKS0_
                0x00000000000040b0       0x18 /home/arduino/ArduinoApps/bridge-speed-test/.cache/sketch/core/core.a(String.cpp.o)
                0x00000000000040b0                arduino::String::String(arduino::String const&)
                0x00000000000040b0                arduino::String::String(arduino::String const&)
 .text._ZN7arduino6StringaSEOS0_
                0x00000000000040c8       0x10 /home/arduino/ArduinoApps/bridge-speed-test/.cache/sketch/core/core.a(String.cpp.o)
                0x00000000000040c8                arduino::String::operator=(arduino::String&&)
 .text._ZN7arduino6StringaSEPKc
                0x00000000000040d8       0x30 /home/arduino/ArduinoApps/bridge-speed-test/.cache/sketch/core/core.a(String.cpp.o)
                0x00000000000040d8                arduino::String::operator=(char const*)
 .text._ZN7arduino6String6concatEPKcj
                0x0000000000004108       0x40 /home/arduino/ArduinoApps/bridge-speed-test/.cache/sketch/core/core.a(String.cpp.o)
                0x0000000000004108                arduino::String::concat(char const*, unsigned int)
 .text._ZN7arduino6String6concatEc
                0x0000000000004148       0x1c /home/arduino/ArduinoApps/bridge-speed-test/.cache/sketch/core/core.a(String.cpp.o)
                0x0000000000004148                arduino::String::concat(char)
 .text._ZNK7arduino6String9compareToERKS0_
                0x0000000000004164       0x30 /home/arduino/ArduinoApps/bridge-speed-test/.cache/sketch/core/core.a(String.cpp.o)
                0x0000000000004164                arduino::String::compareTo(arduino::String const&) const
 .text._ZNK7arduino6String6equalsERKS0_
                0x0000000000004194       0x20 /home/arduino/ArduinoApps/bridge-speed-test/.cache/sketch/core/core.a(String.cpp.o)
                0x0000000000004194                arduino::String::equals(arduino::String const&) const
 .text._ZNK7arduino6String6equalsEPKc
                0x00000000000041b4       0x28 /home/arduino/ArduinoApps/bridge-speed-test/.cache/sketch/core/core.a(String.cpp.o)
                0x00000000000041b4                arduino::String::equals(char const*) const
 .text.initVariant
                0x00000000000041dc        0x2 /home/arduino/ArduinoApps/bridge-speed-test/.cache/sketch/core/core.a(main.cpp.o)
                0x00000000000041dc                initVariant
 *fill*         0x00000000000041de        0x2 
 .text.main     0x00000000000041e0       0x2c /home/arduino/ArduinoApps/bridge-speed-test/.cache/sketch/core/core.a(main.cpp.o)
                0x00000000000041e0                main
 .text._ZL10new_helperj
                0x000000000000420c       0x10 /home/arduino/ArduinoApps/bridge-speed-test/.cache/sketch/core/core.a(new.cpp.o)
 .text._Znwj    0x000000000000421c        0x8 /home/arduino/ArduinoApps/bridge-speed-test/.cache/sketch/core/core.a(new.cpp.o)
                0x000000000000421c                operator new(unsigned int)
 .text._ZnwjPv  0x0000000000004224        0x4 /home/arduino/ArduinoApps/bridge-speed-test/.cache/sketch/core/core.a(new.cpp.o)
                0x0000000000004224                operator new(unsigned int, void*)
 .text._ZdlPvj  0x0000000000004228        0x8 /home/arduino/ArduinoApps/bridge-speed-test/.cache/sketch/core/core.a(new.cpp.o)
                0x0000000000004228                operator delete(void*, unsigned int)
 .text._Z20start_static_threadsv
                0x0000000000004230       0x6c /home/arduino/ArduinoApps/bridge-speed-test/.cache/sketch/core/core.a(threads.cpp.o)
                0x0000000000004230                start_static_threads()
 .text.yield    0x000000000000429c        0x8 /home/arduino/ArduinoApps/bridge-speed-test/.cache/sketch/core/core.a(zephyrCommon.cpp.o)
                0x000000000000429c                yield
 .text.delay    0x00000000000042a4       0x10 /home/arduino/ArduinoApps/bridge-speed-test/.cache/sketch/core/core.a(zephyrCommon.cpp.o)
                0x00000000000042a4                delay
 .text.millis   0x00000000000042b4       0x18 /home/arduino/ArduinoApps/bridge-speed-test/.cache/sketch/core/core.a(zephyrCommon.cpp.o)
                0x00000000000042b4                millis
 .text.z_impl_uart_irq_tx_enable
                0x00000000000042cc        0xa /home/arduino/ArduinoApps/bridge-speed-test/.cache/sketch/core/core.a(zephyrSerial.cpp.o)
 .text._ZN7arduino12ZephyrSerial5beginEm
                0x00000000000042d6        0xa /home/arduino/ArduinoApps/bridge-speed-test/.cache/sketch/core/core.a(zephyrSerial.cpp.o)
                0x00000000000042d6                arduino::ZephyrSerial::begin(unsigned long)
 .text._ZN7arduino12ZephyrSerial3endEv
                0x00000000000042e0        0x2 /home/arduino/ArduinoApps/bridge-speed-test/.cache/sketch/core/core.a(zephyrSerial.cpp.o)
                0x00000000000042e0                arduino::ZephyrSerial::end()
 .text._ZN7arduino12ZephyrSerial5writeEh
                0x00000000000042e2       0x18 /home/arduino/ArduinoApps/bridge-speed-test/.cache/sketch/core/core.a(zephyrSerial.cpp.o)
                0x00000000000042e2                arduino::ZephyrSerial::write(unsigned char)
 .text._ZN7arduino12ZephyrSerialcvbEv
                0x00000000000042fa        0x4 /home/arduino/ArduinoApps/bridge-speed-test/.cache/sketch/core/core.a(zephyrSerial.cpp.o)
                0x00000000000042fa                arduino::ZephyrSerial::operator bool()
 *fill*         0x00000000000042fe        0x2 
 .text.k_sem_give
                0x0000000000004300        0x8 /home/arduino/ArduinoApps/bridge-speed-test/.cache/sketch/core/core.a(zephyrSerial.cpp.o)
 .text.k_sem_take.isra.0
                0x0000000000004308        0x8 /home/arduino/ArduinoApps/bridge-speed-test/.cache/sketch/core/core.a(zephyrSerial.cpp.o)
 .text._ZN7arduino12ZephyrSerial4readEv
                0x0000000000004310       0x48 /home/arduino/ArduinoApps/bridge-speed-test/.cache/sketch/core/core.a(zephyrSerial.cpp.o)
                0x0000000000004310                arduino::ZephyrSerial::read()
 .text._ZN7arduino12ZephyrSerial4peekEv
                0x0000000000004358       0x48 /home/arduino/ArduinoApps/bridge-speed-test/.cache/sketch/core/core.a(zephyrSerial.cpp.o)
                0x0000000000004358                arduino::ZephyrSerial::peek()
 .text._ZN7arduino12ZephyrSerial17availableForWriteEv
                0x00000000000043a0       0x3c /home/arduino/ArduinoApps/bridge-speed-test/.cache/sketch/core/core.a(zephyrSerial.cpp.o)
                0x00000000000043a0                arduino::ZephyrSerial::availableForWrite()
 .text._ZN7arduino12ZephyrSerial9availableEv
                0x00000000000043dc       0x34 /home/arduino/ArduinoApps/bridge-speed-test/.cache/sketch/core/core.a(zephyrSerial.cpp.o)
                0x00000000000043dc                arduino::ZephyrSerial::available()
 .text._ZN7arduino12ZephyrSerial5beginEmt
                0x0000000000004410       0xb8 /home/arduino/ArduinoApps/bridge-speed-test/.cache/sketch/core/core.a(zephyrSerial.cpp.o)
                0x0000000000004410                arduino::ZephyrSerial::begin(unsigned long, unsigned short)
 .text._ZN7arduino12ZephyrSerial5flushEv
                0x00000000000044c8       0x2c /home/arduino/ArduinoApps/bridge-speed-test/.cache/sketch/core/core.a(zephyrSerial.cpp.o)
                0x00000000000044c8                arduino::ZephyrSerial::flush()
 .text._ZN7arduino12ZephyrSerial5writeEPKhj
                0x00000000000044f4       0x70 /home/arduino/ArduinoApps/bridge-speed-test/.cache/sketch/core/core.a(zephyrSerial.cpp.o)
                0x00000000000044f4                arduino::ZephyrSerial::write(unsigned char const*, unsigned int)
 .text._ZN7arduino12ZephyrSerial10IrqHandlerEv
                0x0000000000004564       0xec /home/arduino/ArduinoApps/bridge-speed-test/.cache/sketch/core/core.a(zephyrSerial.cpp.o)
                0x0000000000004564                arduino::ZephyrSerial::IrqHandler()
 .text._ZN7arduino12ZephyrSerial11IrqDispatchEPK6devicePv
                0x0000000000004650        0xc /home/arduino/ArduinoApps/bridge-speed-test/.cache/sketch/core/core.a(zephyrSerial.cpp.o)
                0x0000000000004650                arduino::ZephyrSerial::IrqDispatch(device const*, void*)
 .text._ZN7arduino12ZephyrSerial18ZephyrSerialBufferILi64EEC2Ev
                0x000000000000465c       0x28 /home/arduino/ArduinoApps/bridge-speed-test/.cache/sketch/core/core.a(zephyrSerial.cpp.o)
                0x000000000000465c                arduino::ZephyrSerial::ZephyrSerialBuffer<64>::ZephyrSerialBuffer()
                0x000000000000465c                arduino::ZephyrSerial::ZephyrSerialBuffer<64>::ZephyrSerialBuffer()
 .text._GLOBAL__sub_I__ZN7arduino12ZephyrSerial5beginEmt
                0x0000000000004684       0x5c /home/arduino/ArduinoApps/bridge-speed-test/.cache/sketch/core/core.a(zephyrSerial.cpp.o)
 *(.text.*)
 *(.text._*)
 *(.init)
 *(.ctors)
 *(.dtors)
 *(.fini)

.static_thread_data_area
                0x00000000000046e0        0x0
                0x00000000000046e0                __static_thread_data_list_start = .
 *(.static_thread_data_area SORT_BY_NAME(.__static_thread_data.*))
                0x00000000000046e0                __static_thread_data_list_end = .

.rodata         0x00000000000046e0      0x278
 *(.rodata)
 *(.rodata1)
 *(.rodata.*)
 .rodata._ZN8RpcErrorC2Ev.str1.1
                0x00000000000046e0        0x1 /home/arduino/ArduinoApps/bridge-speed-test/.cache/sketch/sketch/sketch.ino.cpp.o
 .rodata._ZNSt6vectorIjSaIjEE17_M_realloc_insertIJRjEEEvN9__gnu_cxx17__normal_iteratorIPjS1_EEDpOT_.str1.1
                0x00000000000046e1       0x1a /home/arduino/ArduinoApps/bridge-speed-test/.cache/sketch/sketch/sketch.ino.cpp.o
 .rodata._ZN18RpcFunctionWrapperISt8functionIFN7arduino6StringEvEEEclERNS1_7msgpack8UnpackerERNS6_6PackerE.str1.1
                0x00000000000046fb       0x34 /home/arduino/ArduinoApps/bridge-speed-test/.cache/sketch/sketch/sketch.ino.cpp.o
 .rodata._ZN10RpcDecoderILj1024EE12get_responseIN7arduino7msgpack6object5nil_tEEEbjRT_R8RpcError.str1.1
                0x000000000000472f       0x7b /home/arduino/ArduinoApps/bridge-speed-test/.cache/sketch/sketch/sketch.ino.cpp.o
 .rodata._ZN7arduino7msgpack6object3extC2EaPKhj.str1.1
                0x00000000000047aa       0x28 /home/arduino/ArduinoApps/bridge-speed-test/.cache/sketch/sketch/sketch.ino.cpp.o
 .rodata._ZN11BridgeClass11update_safeEv.str1.1
                0x00000000000047d2        0x9 /home/arduino/ArduinoApps/bridge-speed-test/.cache/sketch/sketch/sketch.ino.cpp.o
 .rodata._ZN11BridgeClass5beginEm.str1.1
                0x00000000000047db        0x8 /home/arduino/ArduinoApps/bridge-speed-test/.cache/sketch/sketch/sketch.ino.cpp.o
 .rodata._ZN11BridgeClass7provideIRFN7arduino6StringEvEEEbRKS2_OT_.str1.1
                0x00000000000047e3        0xb /home/arduino/ArduinoApps/bridge-speed-test/.cache/sketch/sketch/sketch.ino.cpp.o
 .rodata.setup.str1.1
                0x00000000000047ee       0x69 /home/arduino/ArduinoApps/bridge-speed-test/.cache/sketch/sketch/sketch.ino.cpp.o
 .rodata._ZN13BridgeMonitorILj512EE5writeEPKhj.str1.1
                0x0000000000004857        0xa /home/arduino/ArduinoApps/bridge-speed-test/.cache/sketch/sketch/sketch.ino.cpp.o
 .rodata._ZN13BridgeMonitorILj512EE5_readEj.str1.1
                0x0000000000004861        0x9 /home/arduino/ArduinoApps/bridge-speed-test/.cache/sketch/sketch/sketch.ino.cpp.o
 .rodata._GLOBAL__sub_I_Bridge.str1.1
                0x000000000000486a        0xb /home/arduino/ArduinoApps/bridge-speed-test/.cache/sketch/sketch/sketch.ino.cpp.o
 *fill*         0x0000000000004875        0x3 
 .rodata._ZTV15SerialTransport
                0x0000000000004878       0x20 /home/arduino/ArduinoApps/bridge-speed-test/.cache/sketch/sketch/sketch.ino.cpp.o
                0x0000000000004878                vtable for SerialTransport
 .rodata._ZTV13BridgeMonitorILj512EE
                0x0000000000004898       0x24 /home/arduino/ArduinoApps/bridge-speed-test/.cache/sketch/sketch/sketch.ino.cpp.o
                0x0000000000004898                vtable for BridgeMonitor<512u>
 .rodata._ZTV18RpcFunctionWrapperISt8functionIFN7arduino6StringEvEEE
                0x00000000000048bc       0x14 /home/arduino/ArduinoApps/bridge-speed-test/.cache/sketch/sketch/sketch.ino.cpp.o
                0x00000000000048bc                vtable for RpcFunctionWrapper<std::function<arduino::String ()> >
 .rodata.str1.1
                0x00000000000048d0       0x51 /home/arduino/ArduinoApps/bridge-speed-test/.cache/sketch/core/core.a(main.cpp.o)
 *fill*         0x0000000000004921        0x3 
 .rodata._ZTVN7arduino12ZephyrSerialE
                0x0000000000004924       0x34 /home/arduino/ArduinoApps/bridge-speed-test/.cache/sketch/core/core.a(zephyrSerial.cpp.o)
                0x0000000000004924                vtable for arduino::ZephyrSerial

.data
 *(.data .data.*)

.bss            0x0000000000004958     0x1254
 *(.bss .bss.* COMMON)
 .bss._ZN17RpcDecoderManagerILj3EE14decoders_countE
                0x0000000000004958        0x4 /home/arduino/ArduinoApps/bridge-speed-test/.cache/sketch/sketch/sketch.ino.cpp.o
                0x0000000000004958                RpcDecoderManager<3u>::decoders_count
 .bss._ZGVN17RpcDecoderManagerILj3EE9decoders_E
                0x000000000000495c        0x4 /home/arduino/ArduinoApps/bridge-speed-test/.cache/sketch/sketch/sketch.ino.cpp.o
                0x000000000000495c                guard variable for RpcDecoderManager<3u>::decoders_
 .bss._ZN17RpcDecoderManagerILj3EE9decoders_E
                0x0000000000004960      0xc60 /home/arduino/ArduinoApps/bridge-speed-test/.cache/sketch/sketch/sketch.ino.cpp.o
                0x0000000000004960                RpcDecoderManager<3u>::decoders_
 .bss._ZGVZN7arduino7msgpack8Unpacker10from_arrayIJRiRNS_6StringEEEEbDpOT_E2sz
                0x00000000000055c0        0x4 /home/arduino/ArduinoApps/bridge-speed-test/.cache/sketch/sketch/sketch.ino.cpp.o
                0x00000000000055c0                guard variable for arduino::msgpack::Unpacker::from_array<int&, arduino::String&>(int&, arduino::String&)::sz
 .bss._ZZN7arduino7msgpack8Unpacker10from_arrayIJRiRNS_6StringEEEEbDpOT_E2sz
                0x00000000000055c4        0x4 /home/arduino/ArduinoApps/bridge-speed-test/.cache/sketch/sketch/sketch.ino.cpp.o
                0x00000000000055c4                arduino::msgpack::Unpacker::from_array<int&, arduino::String&>(int&, arduino::String&)::sz
 .bss.send_data
                0x00000000000055c8        0xc /home/arduino/ArduinoApps/bridge-speed-test/.cache/sketch/sketch/sketch.ino.cpp.o
                0x00000000000055c8                send_data
 .bss._ZN12RouterBridge3HCIE
                0x00000000000055d4       0x28 /home/arduino/ArduinoApps/bridge-speed-test/.cache/sketch/sketch/sketch.ino.cpp.o
                0x00000000000055d4                RouterBridge::HCI
 .bss.Monitor   0x00000000000055fc      0x238 /home/arduino/ArduinoApps/bridge-speed-test/.cache/sketch/sketch/sketch.ino.cpp.o
                0x00000000000055fc                Monitor
 *fill*         0x0000000000005834        0x4 
 .bss.Bridge    0x0000000000005838      0x140 /home/arduino/ArduinoApps/bridge-speed-test/.cache/sketch/sketch/sketch.ino.cpp.o
                0x0000000000005838                Bridge
 .bss._ZZN8RpcUtils6detail12unpackObjectERN7arduino7msgpack8UnpackerEE1t
                0x0000000000005978       0x10 /home/arduino/ArduinoApps/bridge-speed-test/.cache/sketch/sketch/sketch.ino.cpp.o
                0x0000000000005978                RpcUtils::detail::unpackObject(arduino::msgpack::Unpacker&)::t
 .bss._ZGVZN8RpcUtils6detail12unpackObjectERN7arduino7msgpack8UnpackerEE1e
                0x0000000000005988        0x4 /home/arduino/ArduinoApps/bridge-speed-test/.cache/sketch/sketch/sketch.ino.cpp.o
                0x0000000000005988                guard variable for RpcUtils::detail::unpackObject(arduino::msgpack::Unpacker&)::e
 .bss._ZZN8RpcUtils6detail12unpackObjectERN7arduino7msgpack8UnpackerEE1e
                0x000000000000598c        0xc /home/arduino/ArduinoApps/bridge-speed-test/.cache/sketch/sketch/sketch.ino.cpp.o
                0x000000000000598c                RpcUtils::detail::unpackObject(arduino::msgpack::Unpacker&)::e
 .bss._ZZN8RpcUtils6detail12unpackObjectERN7arduino7msgpack8UnpackerEE6map_sz
                0x0000000000005998        0x4 /home/arduino/ArduinoApps/bridge-speed-test/.cache/sketch/sketch/sketch.ino.cpp.o
                0x0000000000005998                RpcUtils::detail::unpackObject(arduino::msgpack::Unpacker&)::map_sz
 .bss._ZZN8RpcUtils6detail12unpackObjectERN7arduino7msgpack8UnpackerEE6arr_sz
                0x000000000000599c        0x4 /home/arduino/ArduinoApps/bridge-speed-test/.cache/sketch/sketch/sketch.ino.cpp.o
                0x000000000000599c                RpcUtils::detail::unpackObject(arduino::msgpack::Unpacker&)::arr_sz
 .bss._ZGVZN8RpcUtils6detail12unpackObjectERN7arduino7msgpack8UnpackerEE5bytes
                0x00000000000059a0        0x4 /home/arduino/ArduinoApps/bridge-speed-test/.cache/sketch/sketch/sketch.ino.cpp.o
                0x00000000000059a0                guard variable for RpcUtils::detail::unpackObject(arduino::msgpack::Unpacker&)::bytes
 .bss._ZZN8RpcUtils6detail12unpackObjectERN7arduino7msgpack8UnpackerEE5bytes
                0x00000000000059a4        0xc /home/arduino/ArduinoApps/bridge-speed-test/.cache/sketch/sketch/sketch.ino.cpp.o
                0x00000000000059a4                RpcUtils::detail::unpackObject(arduino::msgpack::Unpacker&)::bytes
 .bss._ZGVZN8RpcUtils6detail12unpackObjectERN7arduino7msgpack8UnpackerEE6string
                0x00000000000059b0        0x4 /home/arduino/ArduinoApps/bridge-speed-test/.cache/sketch/sketch/sketch.ino.cpp.o
                0x00000000000059b0                guard variable for RpcUtils::detail::unpackObject(arduino::msgpack::Unpacker&)::string
 .bss._ZZN8RpcUtils6detail12unpackObjectERN7arduino7msgpack8UnpackerEE6string
                0x00000000000059b4        0xc /home/arduino/ArduinoApps/bridge-speed-test/.cache/sketch/sketch/sketch.ino.cpp.o
                0x00000000000059b4                RpcUtils::detail::unpackObject(arduino::msgpack::Unpacker&)::string
 .bss._ZZN8RpcUtils6detail12unpackObjectERN7arduino7msgpack8UnpackerEE5num64
                0x00000000000059c0        0x8 /home/arduino/ArduinoApps/bridge-speed-test/.cache/sketch/sketch/sketch.ino.cpp.o
                0x00000000000059c0                RpcUtils::detail::unpackObject(arduino::msgpack::Unpacker&)::num64
 .bss._ZZN8RpcUtils6detail12unpackObjectERN7arduino7msgpack8UnpackerEE5num32
                0x00000000000059c8        0x4 /home/arduino/ArduinoApps/bridge-speed-test/.cache/sketch/sketch/sketch.ino.cpp.o
                0x00000000000059c8                RpcUtils::detail::unpackObject(arduino::msgpack::Unpacker&)::num32
 .bss._ZZN8RpcUtils6detail12unpackObjectERN7arduino7msgpack8UnpackerEE7integer
                0x00000000000059cc        0x4 /home/arduino/ArduinoApps/bridge-speed-test/.cache/sketch/sketch/sketch.ino.cpp.o
                0x00000000000059cc                RpcUtils::detail::unpackObject(arduino::msgpack::Unpacker&)::integer
 .bss._ZZN8RpcUtils6detail12unpackObjectERN7arduino7msgpack8UnpackerEE1b
                0x00000000000059d0        0x1 /home/arduino/ArduinoApps/bridge-speed-test/.cache/sketch/sketch/sketch.ino.cpp.o
                0x00000000000059d0                RpcUtils::detail::unpackObject(arduino::msgpack::Unpacker&)::b
 .bss._ZZN8RpcUtils6detail12unpackObjectERN7arduino7msgpack8UnpackerEE3nil
                0x00000000000059d1        0x1 /home/arduino/ArduinoApps/bridge-speed-test/.cache/sketch/sketch/sketch.ino.cpp.o
                0x00000000000059d1                RpcUtils::detail::unpackObject(arduino::msgpack::Unpacker&)::nil
 *fill*         0x00000000000059d2        0x2 
 .bss.Serial1   0x00000000000059d4       0xec /home/arduino/ArduinoApps/bridge-speed-test/.cache/sketch/core/core.a(zephyrSerial.cpp.o)
                0x00000000000059d4                Serial1
 .bss.Serial    0x0000000000005ac0       0xec /home/arduino/ArduinoApps/bridge-speed-test/.cache/sketch/core/core.a(zephyrSerial.cpp.o)
                0x0000000000005ac0                Serial
 *(.noinit .noinit.*)

.exported_sym   0x0000000000005bac        0x8
 *(.exported_sym)
 .exported_sym  0x0000000000005bac        0x8 /home/arduino/ArduinoApps/bridge-speed-test/.cache/sketch/core/core.a(main.cpp.o)
 *(.exported_sym.*)

.init_array     0x0000000000005bb4        0x8
 *(.init_array)
 .init_array    0x0000000000005bb4        0x4 /home/arduino/ArduinoApps/bridge-speed-test/.cache/sketch/sketch/sketch.ino.cpp.o
 .init_array    0x0000000000005bb8        0x4 /home/arduino/ArduinoApps/bridge-speed-test/.cache/sketch/core/core.a(zephyrSerial.cpp.o)

.fini_array     0x0000000000005bbc        0x4
 *(.fini_array)
 .fini_array    0x0000000000005bbc        0x4 /home/arduino/ArduinoApps/bridge-speed-test/.cache/sketch/sketch/sketch.ino.cpp.o

.symtab
 *(.symtab)

.strtab
 *(.strtab)

.shstrtab
 *(.shstrtab)

.rel
 *(.rel .rel.*)

.got
 *(.got .got.* .got.plt .got.plt*)
OUTPUT(/home/arduino/ArduinoApps/bridge-speed-test/.cache/sketch/sketch.ino_debug.elf elf32-littlearm)
LOAD linker stubs

.debug_info     0x0000000000000000    0x4477c
 .debug_info    0x0000000000000000    0x2f03d /home/arduino/ArduinoApps/bridge-speed-test/.cache/sketch/sketch/sketch.ino.cpp.o
 .debug_info    0x000000000002f03d      0x1de /home/arduino/ArduinoApps/bridge-speed-test/.cache/sketch/core/core.a(abi.cpp.o)
 .debug_info    0x000000000002f21b     0x2d13 /home/arduino/ArduinoApps/bridge-speed-test/.cache/sketch/core/core.a(Print.cpp.o)
 .debug_info    0x0000000000031f2e     0x1f74 /home/arduino/ArduinoApps/bridge-speed-test/.cache/sketch/core/core.a(Stream.cpp.o)
 .debug_info    0x0000000000033ea2     0x3e0c /home/arduino/ArduinoApps/bridge-speed-test/.cache/sketch/core/core.a(String.cpp.o)
 .debug_info    0x0000000000037cae     0x1e2b /home/arduino/ArduinoApps/bridge-speed-test/.cache/sketch/core/core.a(main.cpp.o)
 .debug_info    0x0000000000039ad9      0x7af /home/arduino/ArduinoApps/bridge-speed-test/.cache/sketch/core/core.a(new.cpp.o)
 .debug_info    0x000000000003a288     0x1f28 /home/arduino/ArduinoApps/bridge-speed-test/.cache/sketch/core/core.a(threads.cpp.o)
 .debug_info    0x000000000003c1b0     0x4c53 /home/arduino/ArduinoApps/bridge-speed-test/.cache/sketch/core/core.a(zephyrCommon.cpp.o)
 .debug_info    0x0000000000040e03     0x3979 /home/arduino/ArduinoApps/bridge-speed-test/.cache/sketch/core/core.a(zephyrSerial.cpp.o)

.debug_abbrev   0x0000000000000000     0x46a5
 .debug_abbrev  0x0000000000000000     0x1533 /home/arduino/ArduinoApps/bridge-speed-test/.cache/sketch/sketch/sketch.ino.cpp.o
 .debug_abbrev  0x0000000000001533      0x154 /home/arduino/ArduinoApps/bridge-speed-test/.cache/sketch/core/core.a(abi.cpp.o)
 .debug_abbrev  0x0000000000001687      0x594 /home/arduino/ArduinoApps/bridge-speed-test/.cache/sketch/core/core.a(Print.cpp.o)
 .debug_abbrev  0x0000000000001c1b      0x500 /home/arduino/ArduinoApps/bridge-speed-test/.cache/sketch/core/core.a(Stream.cpp.o)
 .debug_abbrev  0x000000000000211b      0x5d4 /home/arduino/ArduinoApps/bridge-speed-test/.cache/sketch/core/core.a(String.cpp.o)
 .debug_abbrev  0x00000000000026ef      0x538 /home/arduino/ArduinoApps/bridge-speed-test/.cache/sketch/core/core.a(main.cpp.o)
 .debug_abbrev  0x0000000000002c27      0x234 /home/arduino/ArduinoApps/bridge-speed-test/.cache/sketch/core/core.a(new.cpp.o)
 .debug_abbrev  0x0000000000002e5b      0x4c4 /home/arduino/ArduinoApps/bridge-speed-test/.cache/sketch/core/core.a(threads.cpp.o)
 .debug_abbrev  0x000000000000331f      0xa59 /home/arduino/ArduinoApps/bridge-speed-test/.cache/sketch/core/core.a(zephyrCommon.cpp.o)
 .debug_abbrev  0x0000000000003d78      0x92d /home/arduino/ArduinoApps/bridge-speed-test/.cache/sketch/core/core.a(zephyrSerial.cpp.o)

.debug_loclists
                0x0000000000000000     0xe6a3
 .debug_loclists
                0x0000000000000000     0x9731 /home/arduino/ArduinoApps/bridge-speed-test/.cache/sketch/sketch/sketch.ino.cpp.o
 .debug_loclists
                0x0000000000009731       0x88 /home/arduino/ArduinoApps/bridge-speed-test/.cache/sketch/core/core.a(abi.cpp.o)
 .debug_loclists
                0x00000000000097b9     0x12da /home/arduino/ArduinoApps/bridge-speed-test/.cache/sketch/core/core.a(Print.cpp.o)
 .debug_loclists
                0x000000000000aa93      0x883 /home/arduino/ArduinoApps/bridge-speed-test/.cache/sketch/core/core.a(Stream.cpp.o)
 .debug_loclists
                0x000000000000b316     0x1943 /home/arduino/ArduinoApps/bridge-speed-test/.cache/sketch/core/core.a(String.cpp.o)
 .debug_loclists
                0x000000000000cc59       0x72 /home/arduino/ArduinoApps/bridge-speed-test/.cache/sketch/core/core.a(main.cpp.o)
 .debug_loclists
                0x000000000000cccb      0x2bc /home/arduino/ArduinoApps/bridge-speed-test/.cache/sketch/core/core.a(new.cpp.o)
 .debug_loclists
                0x000000000000cf87       0xb3 /home/arduino/ArduinoApps/bridge-speed-test/.cache/sketch/core/core.a(threads.cpp.o)
 .debug_loclists
                0x000000000000d03a      0xedd /home/arduino/ArduinoApps/bridge-speed-test/.cache/sketch/core/core.a(zephyrCommon.cpp.o)
 .debug_loclists
                0x000000000000df17      0x78c /home/arduino/ArduinoApps/bridge-speed-test/.cache/sketch/core/core.a(zephyrSerial.cpp.o)

.debug_aranges  0x0000000000000000      0xc60
 .debug_aranges
                0x0000000000000000      0x4c0 /home/arduino/ArduinoApps/bridge-speed-test/.cache/sketch/sketch/sketch.ino.cpp.o
 .debug_aranges
                0x00000000000004c0       0x58 /home/arduino/ArduinoApps/bridge-speed-test/.cache/sketch/core/core.a(abi.cpp.o)
 .debug_aranges
                0x0000000000000518      0x128 /home/arduino/ArduinoApps/bridge-speed-test/.cache/sketch/core/core.a(Print.cpp.o)
 .debug_aranges
                0x0000000000000640       0x90 /home/arduino/ArduinoApps/bridge-speed-test/.cache/sketch/core/core.a(Stream.cpp.o)
 .debug_aranges
                0x00000000000006d0      0x298 /home/arduino/ArduinoApps/bridge-speed-test/.cache/sketch/core/core.a(String.cpp.o)
 .debug_aranges
                0x0000000000000968       0x38 /home/arduino/ArduinoApps/bridge-speed-test/.cache/sketch/core/core.a(main.cpp.o)
 .debug_aranges
                0x00000000000009a0       0xb0 /home/arduino/ArduinoApps/bridge-speed-test/.cache/sketch/core/core.a(new.cpp.o)
 .debug_aranges
                0x0000000000000a50       0x20 /home/arduino/ArduinoApps/bridge-speed-test/.cache/sketch/core/core.a(threads.cpp.o)
 .debug_aranges
                0x0000000000000a70      0x130 /home/arduino/ArduinoApps/bridge-speed-test/.cache/sketch/core/core.a(zephyrCommon.cpp.o)
 .debug_aranges
                0x0000000000000ba0       0xc0 /home/arduino/ArduinoApps/bridge-speed-test/.cache/sketch/core/core.a(zephyrSerial.cpp.o)

.debug_rnglists
                0x0000000000000000     0x218b
 .debug_rnglists
                0x0000000000000000     0x159b /home/arduino/ArduinoApps/bridge-speed-test/.cache/sketch/sketch/sketch.ino.cpp.o
 .debug_rnglists
                0x000000000000159b       0x3d /home/arduino/ArduinoApps/bridge-speed-test/.cache/sketch/core/core.a(abi.cpp.o)
 .debug_rnglists
                0x00000000000015d8      0x1c1 /home/arduino/ArduinoApps/bridge-speed-test/.cache/sketch/core/core.a(Print.cpp.o)
 .debug_rnglists
                0x0000000000001799      0x103 /home/arduino/ArduinoApps/bridge-speed-test/.cache/sketch/core/core.a(Stream.cpp.o)
 .debug_rnglists
                0x000000000000189c      0x375 /home/arduino/ArduinoApps/bridge-speed-test/.cache/sketch/core/core.a(String.cpp.o)
 .debug_rnglists
                0x0000000000001c11       0x33 /home/arduino/ArduinoApps/bridge-speed-test/.cache/sketch/core/core.a(main.cpp.o)
 .debug_rnglists
                0x0000000000001c44       0x7f /home/arduino/ArduinoApps/bridge-speed-test/.cache/sketch/core/core.a(new.cpp.o)
 .debug_rnglists
                0x0000000000001cc3       0x3a /home/arduino/ArduinoApps/bridge-speed-test/.cache/sketch/core/core.a(threads.cpp.o)
 .debug_rnglists
                0x0000000000001cfd      0x2cc /home/arduino/ArduinoApps/bridge-speed-test/.cache/sketch/core/core.a(zephyrCommon.cpp.o)
 .debug_rnglists
                0x0000000000001fc9      0x1c2 /home/arduino/ArduinoApps/bridge-speed-test/.cache/sketch/core/core.a(zephyrSerial.cpp.o)

.debug_line     0x0000000000000000     0xec20
 .debug_line    0x0000000000000000     0x806b /home/arduino/ArduinoApps/bridge-speed-test/.cache/sketch/sketch/sketch.ino.cpp.o
 .debug_line    0x000000000000806b      0x138 /home/arduino/ArduinoApps/bridge-speed-test/.cache/sketch/core/core.a(abi.cpp.o)
 .debug_line    0x00000000000081a3      0xc5a /home/arduino/ArduinoApps/bridge-speed-test/.cache/sketch/core/core.a(Print.cpp.o)
 .debug_line    0x0000000000008dfd      0x8d4 /home/arduino/ArduinoApps/bridge-speed-test/.cache/sketch/core/core.a(Stream.cpp.o)
 .debug_line    0x00000000000096d1     0x1a12 /home/arduino/ArduinoApps/bridge-speed-test/.cache/sketch/core/core.a(String.cpp.o)
 .debug_line    0x000000000000b0e3      0x83b /home/arduino/ArduinoApps/bridge-speed-test/.cache/sketch/core/core.a(main.cpp.o)
 .debug_line    0x000000000000b91e      0x36b /home/arduino/ArduinoApps/bridge-speed-test/.cache/sketch/core/core.a(new.cpp.o)
 .debug_line    0x000000000000bc89      0x860 /home/arduino/ArduinoApps/bridge-speed-test/.cache/sketch/core/core.a(threads.cpp.o)
 .debug_line    0x000000000000c4e9     0x17b8 /home/arduino/ArduinoApps/bridge-speed-test/.cache/sketch/core/core.a(zephyrCommon.cpp.o)
 .debug_line    0x000000000000dca1      0xf7f /home/arduino/ArduinoApps/bridge-speed-test/.cache/sketch/core/core.a(zephyrSerial.cpp.o)

.debug_str      0x0000000000000000    0x2f6d6
 .debug_str     0x0000000000000000    0x21280 /home/arduino/ArduinoApps/bridge-speed-test/.cache/sketch/sketch/sketch.ino.cpp.o
 .debug_str     0x0000000000021280      0x40d /home/arduino/ArduinoApps/bridge-speed-test/.cache/sketch/core/core.a(abi.cpp.o)
 .debug_str     0x000000000002168d     0x16d0 /home/arduino/ArduinoApps/bridge-speed-test/.cache/sketch/core/core.a(Print.cpp.o)
 .debug_str     0x0000000000022d5d     0x167e /home/arduino/ArduinoApps/bridge-speed-test/.cache/sketch/core/core.a(Stream.cpp.o)
 .debug_str     0x00000000000243db     0x1828 /home/arduino/ArduinoApps/bridge-speed-test/.cache/sketch/core/core.a(String.cpp.o)
 .debug_str     0x0000000000025c03     0x1fdf /home/arduino/ArduinoApps/bridge-speed-test/.cache/sketch/core/core.a(main.cpp.o)
 .debug_str     0x0000000000027be2      0x4d7 /home/arduino/ArduinoApps/bridge-speed-test/.cache/sketch/core/core.a(new.cpp.o)
 .debug_str     0x00000000000280b9     0x1bdf /home/arduino/ArduinoApps/bridge-speed-test/.cache/sketch/core/core.a(threads.cpp.o)
 .debug_str     0x0000000000029c98     0x2fa4 /home/arduino/ArduinoApps/bridge-speed-test/.cache/sketch/core/core.a(zephyrCommon.cpp.o)
 .debug_str     0x000000000002cc3c     0x2a9a /home/arduino/ArduinoApps/bridge-speed-test/.cache/sketch/core/core.a(zephyrSerial.cpp.o)

.debug_frame    0x0000000000000000     0x27cc
 .debug_frame   0x0000000000000000     0x11f4 /home/arduino/ArduinoApps/bridge-speed-test/.cache/sketch/sketch/sketch.ino.cpp.o
 .debug_frame   0x00000000000011f4       0x90 /home/arduino/ArduinoApps/bridge-speed-test/.cache/sketch/core/core.a(abi.cpp.o)
 .debug_frame   0x0000000000001284      0x3d0 /home/arduino/ArduinoApps/bridge-speed-test/.cache/sketch/core/core.a(Print.cpp.o)
 .debug_frame   0x0000000000001654      0x1fc /home/arduino/ArduinoApps/bridge-speed-test/.cache/sketch/core/core.a(Stream.cpp.o)
 .debug_frame   0x0000000000001850      0x7e8 /home/arduino/ArduinoApps/bridge-speed-test/.cache/sketch/core/core.a(String.cpp.o)
 .debug_frame   0x0000000000002038       0x68 /home/arduino/ArduinoApps/bridge-speed-test/.cache/sketch/core/core.a(main.cpp.o)
 .debug_frame   0x00000000000020a0      0x140 /home/arduino/ArduinoApps/bridge-speed-test/.cache/sketch/core/core.a(new.cpp.o)
 .debug_frame   0x00000000000021e0       0x40 /home/arduino/ArduinoApps/bridge-speed-test/.cache/sketch/core/core.a(threads.cpp.o)
 .debug_frame   0x0000000000002220      0x39c /home/arduino/ArduinoApps/bridge-speed-test/.cache/sketch/core/core.a(zephyrCommon.cpp.o)
 .debug_frame   0x00000000000025bc      0x210 /home/arduino/ArduinoApps/bridge-speed-test/.cache/sketch/core/core.a(zephyrSerial.cpp.o)
